../Core/Src/tools/CControl/Sources/LinearAlgebra/CLapack/Tools/err.c:99:1:f__canseek	0	static
../Core/Src/tools/CControl/Sources/LinearAlgebra/CLapack/Tools/err.c:154:1:f__fatal	24	static
../Core/Src/tools/CControl/Sources/LinearAlgebra/CLapack/Tools/err.c:181:1:f_init	8	static
../Core/Src/tools/CControl/Sources/LinearAlgebra/CLapack/Tools/err.c:206:1:f__nowreading	24	static
../Core/Src/tools/CControl/Sources/LinearAlgebra/CLapack/Tools/err.c:239:1:f__nowwriting	32	static
../Core/Src/tools/CControl/Sources/LinearAlgebra/CLapack/Tools/err.c:282:1:err__fl	8	static
