../Core/Src/tools/CControl/Sources/LinearAlgebra/CLapack/Tools/fmt.c:72:20:gt_num	20	static
../Core/Src/tools/CControl/Sources/LinearAlgebra/CLapack/Tools/fmt.c:54:1:op_gen	32	static
../Core/Src/tools/CControl/Sources/LinearAlgebra/CLapack/Tools/fmt.c:99:13:f_s	48	static
../Core/Src/tools/CControl/Sources/LinearAlgebra/CLapack/Tools/fmt.c:373:1:pars_f	8	static
../Core/Src/tools/CControl/Sources/LinearAlgebra/CLapack/Tools/fmt.c:423:9:do_fio	40	static
../Core/Src/tools/CControl/Sources/LinearAlgebra/CLapack/Tools/fmt.c:517:1:en_fio	16	static
../Core/Src/tools/CControl/Sources/LinearAlgebra/CLapack/Tools/fmt.c:523:1:fmt_bg	0	static
