../Core/Src/tools/modbus/modbusclient.c:13:6:modbus_set_client_handle	0	static
../Core/Src/tools/modbus/modbusclient.c:17:6:modbus_get_digital_outputs_from_server	296	static
../Core/Src/tools/modbus/modbusclient.c:32:6:modbus_get_digital_inputs_from_server	296	static
../Core/Src/tools/modbus/modbusclient.c:47:6:modbus_get_analog_inputs_from_server	8	static
../Core/Src/tools/modbus/modbusclient.c:51:6:modbus_set_parameters_to_server	8	static
../Core/Src/tools/modbus/modbusclient.c:56:6:modbus_get_parameters_from_server	8	static
