../Core/Src/tools/modbus/modbus.c:21:9:read_serial	24	static
../Core/Src/tools/modbus/modbus.c:32:9:write_serial	24	static
../Core/Src/tools/modbus/modbus.c:42:6:modbus_set_serial_write	0	static
../Core/Src/tools/modbus/modbus.c:46:6:modbus_set_serial_read	0	static
../Core/Src/tools/modbus/modbus.c:50:6:modbus_set_serial_port	0	static
../Core/Src/tools/modbus/modbus.c:55:6:modbus_server_create_RTU	104	static
../Core/Src/tools/modbus/modbus.c:98:6:modbus_server_polling	8	static
../Core/Src/tools/modbus/modbus.c:102:6:modbus_server_set_digital_outputs	8	static
../Core/Src/tools/modbus/modbus.c:106:6:modbus_server_set_digital_inputs	8	static
../Core/Src/tools/modbus/modbus.c:110:6:modbus_server_set_analog_inputs	8	static
../Core/Src/tools/modbus/modbus.c:114:6:modbus_server_get_parameters	8	static
../Core/Src/tools/modbus/modbus.c:118:6:modbus_server_set_parameters	8	static
../Core/Src/tools/modbus/modbus.c:123:6:modbus_client_create_RTU	48	static
../Core/Src/tools/modbus/modbus.c:153:6:modbus_client_set_RTU_address	8	static
../Core/Src/tools/modbus/modbus.c:157:6:modbus_client_get_digital_outputs	8	static
../Core/Src/tools/modbus/modbus.c:161:6:modbus_client_get_digital_inputs	8	static
../Core/Src/tools/modbus/modbus.c:165:6:modbus_client_get_analog_inputs	8	static
../Core/Src/tools/modbus/modbus.c:169:6:modbus_client_set_parameters	8	static
../Core/Src/tools/modbus/modbus.c:173:6:modbus_client_get_parameters	8	static
