../Core/Src/tools/modbus/modbusserver.c:31:12:handle_read_device_identification	8	static
../Core/Src/tools/modbus/modbusserver.c:56:12:handle_read_device_identification_map	0	static
../Core/Src/tools/modbus/modbusserver.c:66:12:handle_write_file_record	0	static
../Core/Src/tools/modbus/modbusserver.c:81:12:handle_read_file_record	0	static
../Core/Src/tools/modbus/modbusserver.c:96:12:handle_write_multiple_registers	8	static
../Core/Src/tools/modbus/modbusserver.c:108:12:handle_write_multiple_coils	40	static
../Core/Src/tools/modbus/modbusserver.c:121:12:handle_write_single_register	0	static
../Core/Src/tools/modbus/modbusserver.c:132:12:handle_write_single_coil	8	static
../Core/Src/tools/modbus/modbusserver.c:143:12:handle_read_input_registers	8	static
../Core/Src/tools/modbus/modbusserver.c:156:12:handle_read_holding_registers	8	static
../Core/Src/tools/modbus/modbusserver.c:169:12:handle_read_discrete_inputs	16	static
../Core/Src/tools/modbus/modbusserver.c:183:12:handle_read_coils	16	static
../Core/Src/tools/modbus/modbusserver.c:196:6:modbus_polling	8	static
../Core/Src/tools/modbus/modbusserver.c:207:6:modbus_set_server_handle	0	static
../Core/Src/tools/modbus/modbusserver.c:211:6:modbus_set_digital_outputs_on_server	40	static
../Core/Src/tools/modbus/modbusserver.c:224:6:modbus_set_digital_inputs_on_server	40	static
../Core/Src/tools/modbus/modbusserver.c:237:6:modbus_set_analog_inputs_on_server	8	static
../Core/Src/tools/modbus/modbusserver.c:249:11:modbus_get_analog_inputs_on_server	0	static
../Core/Src/tools/modbus/modbusserver.c:253:6:modbus_get_parameters_at_server	8	static
../Core/Src/tools/modbus/modbusserver.c:265:6:modbus_set_parameters_on_server	8	static
../Core/Src/tools/modbus/modbusserver.c:277:11:modbus_get_parameters_on_server	0	static
