../Core/Src/tools/modbus/modbusserver.c:28:12:handle_read_device_identification	8	static
../Core/Src/tools/modbus/modbusserver.c:53:12:handle_read_device_identification_map	0	static
../Core/Src/tools/modbus/modbusserver.c:63:12:handle_write_file_record	16	static
../Core/Src/tools/modbus/modbusserver.c:78:12:handle_read_file_record	8	static
../Core/Src/tools/modbus/modbusserver.c:93:12:handle_write_multiple_registers	8	static
../Core/Src/tools/modbus/modbusserver.c:105:12:handle_write_multiple_coils	40	static
../Core/Src/tools/modbus/modbusserver.c:118:12:handle_write_single_register	0	static
../Core/Src/tools/modbus/modbusserver.c:129:12:handle_write_single_coil	8	static
../Core/Src/tools/modbus/modbusserver.c:140:12:handle_read_input_registers	8	static
../Core/Src/tools/modbus/modbusserver.c:153:12:handle_read_holding_registers	8	static
../Core/Src/tools/modbus/modbusserver.c:166:12:handle_read_discrete_inputs	32	static
../Core/Src/tools/modbus/modbusserver.c:180:12:handle_read_coils	32	static
../Core/Src/tools/modbus/modbusserver.c:193:6:modbus_polling	8	static
../Core/Src/tools/modbus/modbusserver.c:204:6:modbus_set_server_handle	0	static
../Core/Src/tools/modbus/modbusserver.c:208:6:modbus_set_digital_outputs_on_server	40	static
../Core/Src/tools/modbus/modbusserver.c:221:6:modbus_set_digital_inputs_on_server	40	static
../Core/Src/tools/modbus/modbusserver.c:234:6:modbus_set_analog_inputs_on_server	8	static
../Core/Src/tools/modbus/modbusserver.c:246:6:modbus_get_parameters_at_server	8	static
../Core/Src/tools/modbus/modbusserver.c:258:6:modbus_set_parameters_on_server	8	static
