../Drivers/STM32F0xx_HAL_Driver/Src/stm32f0xx_hal_comp.c:424:13:HAL_COMP_MspInit	0	static
../Drivers/STM32F0xx_HAL_Driver/Src/stm32f0xx_hal_comp.c:274:19:HAL_COMP_Init	24	static
../Drivers/STM32F0xx_HAL_Driver/Src/stm32f0xx_hal_comp.c:439:13:HAL_COMP_MspDeInit	0	static
../Drivers/STM32F0xx_HAL_Driver/Src/stm32f0xx_hal_comp.c:373:19:HAL_COMP_DeInit	16	static
../Drivers/STM32F0xx_HAL_Driver/Src/stm32f0xx_hal_comp.c:633:19:HAL_COMP_Start	16	static
../Drivers/STM32F0xx_HAL_Driver/Src/stm32f0xx_hal_comp.c:682:19:HAL_COMP_Stop	16	static
../Drivers/STM32F0xx_HAL_Driver/Src/stm32f0xx_hal_comp.c:722:19:HAL_COMP_Start_IT	8	static
../Drivers/STM32F0xx_HAL_Driver/Src/stm32f0xx_hal_comp.c:769:19:HAL_COMP_Stop_IT	8	static
../Drivers/STM32F0xx_HAL_Driver/Src/stm32f0xx_hal_comp.c:829:19:HAL_COMP_Lock	8	static
../Drivers/STM32F0xx_HAL_Driver/Src/stm32f0xx_hal_comp.c:875:10:HAL_COMP_GetOutputLevel	0	static
../Drivers/STM32F0xx_HAL_Driver/Src/stm32f0xx_hal_comp.c:901:13:HAL_COMP_TriggerCallback	0	static
../Drivers/STM32F0xx_HAL_Driver/Src/stm32f0xx_hal_comp.c:786:6:HAL_COMP_IRQHandler	8	static
../Drivers/STM32F0xx_HAL_Driver/Src/stm32f0xx_hal_comp.c:936:10:HAL_COMP_GetState	0	static
../Drivers/STM32F0xx_HAL_Driver/Src/stm32f0xx_hal_comp.c:955:10:HAL_COMP_GetError	0	static
