../Core/Src/main.c:103:9:UART_read	16	static
../Core/Src/main.c:135:9:UART_write	8	static
../Core/Src/main.c:152:6:compute_mpc_model	224	static
../Core/Src/main.c:221:6:read_uart	8	static
../Core/Src/main.c:227:6:read_temperature	40	static
../Core/Src/main.c:252:6:read_current	40	static
../Core/Src/main.c:276:6:read_everything_else	48	static
../Core/Src/main.c:332:6:HAL_TIM_PeriodElapsedCallback	16	static
../Core/Src/main.c:355:6:HAL_UARTEx_RxEventCallback	8	static
../Core/Src/main.c:361:6:read_initial_memory	8	static
../Core/Src/main.c:855:6:Error_Handler	16	static,ignoring_inline_asm
../Core/Src/main.c:145:6:write_initial_memory	8	static
../Core/Src/main.c:325:6:HAL_GPIO_EXTI_Callback	8	static
../Core/Src/main.c:532:6:SystemClock_Config	104	static
../Core/Src/main.c:372:5:main	160	static
