../Core/Src/stm32f0xx_hal_msp.c:69:6:HAL_MspInit	8	static
../Core/Src/stm32f0xx_hal_msp.c:92:6:HAL_ADC_MspInit	48	static
../Core/Src/stm32f0xx_hal_msp.c:151:6:HAL_ADC_MspDeInit	8	static
../Core/Src/stm32f0xx_hal_msp.c:185:6:HAL_TIM_Base_MspInit	24	static
../Core/Src/stm32f0xx_hal_msp.c:229:6:HAL_TIM_MspPostInit	32	static
../Core/Src/stm32f0xx_hal_msp.c:261:6:HAL_TIM_Base_MspDeInit	8	static
../Core/Src/stm32f0xx_hal_msp.c:311:6:HAL_UART_MspInit	48	static
../Core/Src/stm32f0xx_hal_msp.c:370:6:HAL_UART_MspDeInit	8	static
