../Core/Src/tools/modbus/nanomodbus/nanomodbus.c:43:16:get_1	0	static
../Core/Src/tools/modbus/nanomodbus/nanomodbus.c:50:13:put_1	0	static
../Core/Src/tools/modbus/nanomodbus/nanomodbus.c:70:17:get_2	0	static
../Core/Src/tools/modbus/nanomodbus/nanomodbus.c:78:13:put_2	0	static
../Core/Src/tools/modbus/nanomodbus/nanomodbus.c:140:13:swap_regs	8	static
../Core/Src/tools/modbus/nanomodbus/nanomodbus.c:147:19:recv	16	static
../Core/Src/tools/modbus/nanomodbus/nanomodbus.c:186:13:flush	8	static
../Core/Src/tools/modbus/nanomodbus/nanomodbus.c:279:10:nmbs_crc_calc	16	static
../Core/Src/tools/modbus/nanomodbus/nanomodbus.c:297:19:recv_msg_footer	16	static
../Core/Src/tools/modbus/nanomodbus/nanomodbus.c:317:19:recv_msg_header	32	static
../Core/Src/tools/modbus/nanomodbus/nanomodbus.c:417:19:send_msg	24	static
../Core/Src/tools/modbus/nanomodbus/nanomodbus.c:469:19:recv_res_header	40	static
../Core/Src/tools/modbus/nanomodbus/nanomodbus.c:537:19:recv_read_discrete_res	24	static
../Core/Src/tools/modbus/nanomodbus/nanomodbus.c:577:19:recv_read_registers_res	32	static
../Core/Src/tools/modbus/nanomodbus/nanomodbus.c:388:13:put_msg_header	16	static
../Core/Src/tools/modbus/nanomodbus/nanomodbus.c:457:19:send_exception_msg	16	static
../Core/Src/tools/modbus/nanomodbus/nanomodbus.c:900:19:handle_read_discrete	48	static
../Core/Src/tools/modbus/nanomodbus/nanomodbus.c:965:19:handle_read_registers	296	static
../Core/Src/tools/modbus/nanomodbus/nanomodbus.c:208:13:msg_state_req	16	static
../Core/Src/tools/modbus/nanomodbus/nanomodbus.c:1960:19:read_discrete	16	static
../Core/Src/tools/modbus/nanomodbus/nanomodbus.c:1992:19:read_registers	16	static
../Core/Src/tools/modbus/nanomodbus/nanomodbus.c:227:12:nmbs_create	16	static
../Core/Src/tools/modbus/nanomodbus/nanomodbus.c:251:6:nmbs_set_read_timeout	0	static
../Core/Src/tools/modbus/nanomodbus/nanomodbus.c:256:6:nmbs_set_byte_timeout	0	static
../Core/Src/tools/modbus/nanomodbus/nanomodbus.c:261:6:nmbs_platform_conf_create	8	static
../Core/Src/tools/modbus/nanomodbus/nanomodbus.c:269:6:nmbs_set_destination_rtu_address	0	static
../Core/Src/tools/modbus/nanomodbus/nanomodbus.c:274:6:nmbs_set_platform_arg	0	static
../Core/Src/tools/modbus/nanomodbus/nanomodbus.c:616:12:recv_write_single_coil_res	32	static
../Core/Src/tools/modbus/nanomodbus/nanomodbus.c:644:12:recv_write_single_register_res	8	static
../Core/Src/tools/modbus/nanomodbus/nanomodbus.c:671:12:recv_write_multiple_coils_res	8	static
../Core/Src/tools/modbus/nanomodbus/nanomodbus.c:698:12:recv_write_multiple_registers_res	8	static
../Core/Src/tools/modbus/nanomodbus/nanomodbus.c:725:12:recv_read_file_record_res	40	static
../Core/Src/tools/modbus/nanomodbus/nanomodbus.c:766:12:recv_write_file_record_res	56	static
../Core/Src/tools/modbus/nanomodbus/nanomodbus.c:818:12:recv_read_device_identification_res	40	static
../Core/Src/tools/modbus/nanomodbus/nanomodbus.c:1889:6:nmbs_callbacks_create	8	static
../Core/Src/tools/modbus/nanomodbus/nanomodbus.c:1895:12:nmbs_server_create	24	static
../Core/Src/tools/modbus/nanomodbus/nanomodbus.c:1914:12:nmbs_server_poll	368	dynamic
../Core/Src/tools/modbus/nanomodbus/nanomodbus.c:1948:6:nmbs_set_callbacks_arg	0	static
../Core/Src/tools/modbus/nanomodbus/nanomodbus.c:1955:12:nmbs_client_create	8	static
../Core/Src/tools/modbus/nanomodbus/nanomodbus.c:1983:12:nmbs_read_coils	16	static
../Core/Src/tools/modbus/nanomodbus/nanomodbus.c:1988:12:nmbs_read_discrete_inputs	16	static
../Core/Src/tools/modbus/nanomodbus/nanomodbus.c:2015:12:nmbs_read_holding_registers	16	static
../Core/Src/tools/modbus/nanomodbus/nanomodbus.c:2020:12:nmbs_read_input_registers	16	static
../Core/Src/tools/modbus/nanomodbus/nanomodbus.c:2025:12:nmbs_write_single_coil	16	static
../Core/Src/tools/modbus/nanomodbus/nanomodbus.c:2047:12:nmbs_write_single_register	16	static
../Core/Src/tools/modbus/nanomodbus/nanomodbus.c:2067:12:nmbs_write_multiple_coils	32	static
../Core/Src/tools/modbus/nanomodbus/nanomodbus.c:2101:12:nmbs_write_multiple_registers	32	static
../Core/Src/tools/modbus/nanomodbus/nanomodbus.c:2135:12:nmbs_read_file_record	32	static
../Core/Src/tools/modbus/nanomodbus/nanomodbus.c:2165:12:nmbs_write_file_record	40	static
../Core/Src/tools/modbus/nanomodbus/nanomodbus.c:2200:12:nmbs_read_write_registers	40	static
../Core/Src/tools/modbus/nanomodbus/nanomodbus.c:2247:12:nmbs_read_device_identification_basic	72	static
../Core/Src/tools/modbus/nanomodbus/nanomodbus.c:2283:12:nmbs_read_device_identification_regular	80	static
../Core/Src/tools/modbus/nanomodbus/nanomodbus.c:2319:12:nmbs_read_device_identification_extended	64	static
../Core/Src/tools/modbus/nanomodbus/nanomodbus.c:2355:12:nmbs_read_device_identification	48	static
../Core/Src/tools/modbus/nanomodbus/nanomodbus.c:2374:12:nmbs_send_raw_pdu	16	static
../Core/Src/tools/modbus/nanomodbus/nanomodbus.c:2388:12:nmbs_receive_raw_pdu_response	16	static
../Core/Src/tools/modbus/nanomodbus/nanomodbus.c:2416:13:nmbs_strerror	0	static
