../Core/Src/tools/modbus/nanomodbus/nanomodbus.c:43:16:get_1	0	static
../Core/Src/tools/modbus/nanomodbus/nanomodbus.c:50:13:put_1	0	static
../Core/Src/tools/modbus/nanomodbus/nanomodbus.c:70:17:get_2	0	static
../Core/Src/tools/modbus/nanomodbus/nanomodbus.c:78:13:put_2	0	static
../Core/Src/tools/modbus/nanomodbus/nanomodbus.c:140:13:swap_regs	8	static
../Core/Src/tools/modbus/nanomodbus/nanomodbus.c:147:19:recv	16	static
../Core/Src/tools/modbus/nanomodbus/nanomodbus.c:186:13:flush	8	static
../Core/Src/tools/modbus/nanomodbus/nanomodbus.c:279:10:nmbs_crc_calc	16	static
../Core/Src/tools/modbus/nanomodbus/nanomodbus.c:297:19:recv_msg_footer	16	static
../Core/Src/tools/modbus/nanomodbus/nanomodbus.c:316:19:recv_msg_header	32	static
../Core/Src/tools/modbus/nanomodbus/nanomodbus.c:416:19:send_msg	24	static
../Core/Src/tools/modbus/nanomodbus/nanomodbus.c:472:19:recv_res_header	40	static
../Core/Src/tools/modbus/nanomodbus/nanomodbus.c:540:19:recv_read_discrete_res	16	static
../Core/Src/tools/modbus/nanomodbus/nanomodbus.c:580:19:recv_read_registers_res	32	static
../Core/Src/tools/modbus/nanomodbus/nanomodbus.c:387:13:put_msg_header	16	static
../Core/Src/tools/modbus/nanomodbus/nanomodbus.c:456:19:send_exception_msg	16	static
../Core/Src/tools/modbus/nanomodbus/nanomodbus.c:907:19:handle_read_discrete	48	static
../Core/Src/tools/modbus/nanomodbus/nanomodbus.c:972:19:handle_read_registers	296	static
../Core/Src/tools/modbus/nanomodbus/nanomodbus.c:208:13:msg_state_req	16	static
../Core/Src/tools/modbus/nanomodbus/nanomodbus.c:1967:19:read_discrete	16	static
../Core/Src/tools/modbus/nanomodbus/nanomodbus.c:1999:19:read_registers	16	static
../Core/Src/tools/modbus/nanomodbus/nanomodbus.c:227:12:nmbs_create	16	static
../Core/Src/tools/modbus/nanomodbus/nanomodbus.c:251:6:nmbs_set_read_timeout	0	static
../Core/Src/tools/modbus/nanomodbus/nanomodbus.c:256:6:nmbs_set_byte_timeout	0	static
../Core/Src/tools/modbus/nanomodbus/nanomodbus.c:261:6:nmbs_platform_conf_create	8	static
../Core/Src/tools/modbus/nanomodbus/nanomodbus.c:269:6:nmbs_set_destination_rtu_address	0	static
../Core/Src/tools/modbus/nanomodbus/nanomodbus.c:274:6:nmbs_set_platform_arg	0	static
../Core/Src/tools/modbus/nanomodbus/nanomodbus.c:619:12:recv_write_single_coil_res	32	static
../Core/Src/tools/modbus/nanomodbus/nanomodbus.c:647:12:recv_write_single_register_res	8	static
../Core/Src/tools/modbus/nanomodbus/nanomodbus.c:674:12:recv_write_multiple_coils_res	8	static
../Core/Src/tools/modbus/nanomodbus/nanomodbus.c:701:12:recv_write_multiple_registers_res	8	static
../Core/Src/tools/modbus/nanomodbus/nanomodbus.c:728:12:recv_read_file_record_res	40	static
../Core/Src/tools/modbus/nanomodbus/nanomodbus.c:769:12:recv_write_file_record_res	56	static
../Core/Src/tools/modbus/nanomodbus/nanomodbus.c:821:12:recv_read_device_identification_res	40	static
../Core/Src/tools/modbus/nanomodbus/nanomodbus.c:1896:6:nmbs_callbacks_create	8	static
../Core/Src/tools/modbus/nanomodbus/nanomodbus.c:1902:12:nmbs_server_create	24	static
../Core/Src/tools/modbus/nanomodbus/nanomodbus.c:1921:12:nmbs_server_poll	368	dynamic
../Core/Src/tools/modbus/nanomodbus/nanomodbus.c:1955:6:nmbs_set_callbacks_arg	0	static
../Core/Src/tools/modbus/nanomodbus/nanomodbus.c:1962:12:nmbs_client_create	8	static
../Core/Src/tools/modbus/nanomodbus/nanomodbus.c:1990:12:nmbs_read_coils	16	static
../Core/Src/tools/modbus/nanomodbus/nanomodbus.c:1995:12:nmbs_read_discrete_inputs	16	static
../Core/Src/tools/modbus/nanomodbus/nanomodbus.c:2022:12:nmbs_read_holding_registers	16	static
../Core/Src/tools/modbus/nanomodbus/nanomodbus.c:2027:12:nmbs_read_input_registers	16	static
../Core/Src/tools/modbus/nanomodbus/nanomodbus.c:2032:12:nmbs_write_single_coil	16	static
../Core/Src/tools/modbus/nanomodbus/nanomodbus.c:2054:12:nmbs_write_single_register	16	static
../Core/Src/tools/modbus/nanomodbus/nanomodbus.c:2074:12:nmbs_write_multiple_coils	32	static
../Core/Src/tools/modbus/nanomodbus/nanomodbus.c:2108:12:nmbs_write_multiple_registers	32	static
../Core/Src/tools/modbus/nanomodbus/nanomodbus.c:2142:12:nmbs_read_file_record	32	static
../Core/Src/tools/modbus/nanomodbus/nanomodbus.c:2172:12:nmbs_write_file_record	40	static
../Core/Src/tools/modbus/nanomodbus/nanomodbus.c:2207:12:nmbs_read_write_registers	40	static
../Core/Src/tools/modbus/nanomodbus/nanomodbus.c:2250:12:nmbs_read_device_identification_basic	72	static
../Core/Src/tools/modbus/nanomodbus/nanomodbus.c:2286:12:nmbs_read_device_identification_regular	80	static
../Core/Src/tools/modbus/nanomodbus/nanomodbus.c:2322:12:nmbs_read_device_identification_extended	64	static
../Core/Src/tools/modbus/nanomodbus/nanomodbus.c:2358:12:nmbs_read_device_identification	48	static
../Core/Src/tools/modbus/nanomodbus/nanomodbus.c:2377:12:nmbs_send_raw_pdu	16	static
../Core/Src/tools/modbus/nanomodbus/nanomodbus.c:2391:12:nmbs_receive_raw_pdu_response	16	static
../Core/Src/tools/modbus/nanomodbus/nanomodbus.c:2419:13:nmbs_strerror	0	static
