../Core/Src/tools/modbus/nanomodbus/nanomodbus.c:50:16:get_1	0	static
../Core/Src/tools/modbus/nanomodbus/nanomodbus.c:57:13:put_1	0	static
../Core/Src/tools/modbus/nanomodbus/nanomodbus.c:77:17:get_2	8	static
../Core/Src/tools/modbus/nanomodbus/nanomodbus.c:85:13:put_2	8	static
../Core/Src/tools/modbus/nanomodbus/nanomodbus.c:147:13:swap_regs	8	static
../Core/Src/tools/modbus/nanomodbus/nanomodbus.c:241:10:nmbs_crc_calc	16	static
../Core/Src/tools/modbus/nanomodbus/nanomodbus.c:260:19:recv	16	static
../Core/Src/tools/modbus/nanomodbus/nanomodbus.c:295:19:recv_msg_footer	16	static
../Core/Src/tools/modbus/nanomodbus/nanomodbus.c:315:19:recv_msg_header	32	static
../Core/Src/tools/modbus/nanomodbus/nanomodbus.c:408:19:send_msg	24	static
../Core/Src/tools/modbus/nanomodbus/nanomodbus.c:460:19:recv_res_header	40	static
../Core/Src/tools/modbus/nanomodbus/nanomodbus.c:528:19:recv_read_discrete_res	24	static
../Core/Src/tools/modbus/nanomodbus/nanomodbus.c:568:19:recv_read_registers_res	32	static
../Core/Src/tools/modbus/nanomodbus/nanomodbus.c:379:13:put_msg_header	16	static
../Core/Src/tools/modbus/nanomodbus/nanomodbus.c:448:19:send_exception_msg	16	static
../Core/Src/tools/modbus/nanomodbus/nanomodbus.c:891:19:handle_read_discrete	296	static
../Core/Src/tools/modbus/nanomodbus/nanomodbus.c:956:19:handle_read_registers	296	static
../Core/Src/tools/modbus/nanomodbus/nanomodbus.c:170:13:msg_state_req	24	static
../Core/Src/tools/modbus/nanomodbus/nanomodbus.c:1951:19:read_discrete	16	static
../Core/Src/tools/modbus/nanomodbus/nanomodbus.c:1983:19:read_registers	16	static
../Core/Src/tools/modbus/nanomodbus/nanomodbus.c:189:12:nmbs_create	16	static
../Core/Src/tools/modbus/nanomodbus/nanomodbus.c:213:6:nmbs_set_read_timeout	0	static
../Core/Src/tools/modbus/nanomodbus/nanomodbus.c:218:6:nmbs_set_byte_timeout	0	static
../Core/Src/tools/modbus/nanomodbus/nanomodbus.c:223:6:nmbs_platform_conf_create	8	static
../Core/Src/tools/modbus/nanomodbus/nanomodbus.c:231:6:nmbs_set_destination_rtu_address	0	static
../Core/Src/tools/modbus/nanomodbus/nanomodbus.c:236:6:nmbs_set_platform_arg	0	static
../Core/Src/tools/modbus/nanomodbus/nanomodbus.c:607:12:recv_write_single_coil_res	32	static
../Core/Src/tools/modbus/nanomodbus/nanomodbus.c:635:12:recv_write_single_register_res	8	static
../Core/Src/tools/modbus/nanomodbus/nanomodbus.c:662:12:recv_write_multiple_coils_res	8	static
../Core/Src/tools/modbus/nanomodbus/nanomodbus.c:689:12:recv_write_multiple_registers_res	8	static
../Core/Src/tools/modbus/nanomodbus/nanomodbus.c:716:12:recv_read_file_record_res	40	static
../Core/Src/tools/modbus/nanomodbus/nanomodbus.c:757:12:recv_write_file_record_res	56	static
../Core/Src/tools/modbus/nanomodbus/nanomodbus.c:809:12:recv_read_device_identification_res	40	static
../Core/Src/tools/modbus/nanomodbus/nanomodbus.c:1878:6:nmbs_callbacks_create	8	static
../Core/Src/tools/modbus/nanomodbus/nanomodbus.c:1884:12:nmbs_server_create	24	static
../Core/Src/tools/modbus/nanomodbus/nanomodbus.c:1903:12:nmbs_server_poll	368	dynamic
../Core/Src/tools/modbus/nanomodbus/nanomodbus.c:1939:6:nmbs_set_callbacks_arg	0	static
../Core/Src/tools/modbus/nanomodbus/nanomodbus.c:1946:12:nmbs_client_create	8	static
../Core/Src/tools/modbus/nanomodbus/nanomodbus.c:1974:12:nmbs_read_coils	16	static
../Core/Src/tools/modbus/nanomodbus/nanomodbus.c:1979:12:nmbs_read_discrete_inputs	16	static
../Core/Src/tools/modbus/nanomodbus/nanomodbus.c:2006:12:nmbs_read_holding_registers	16	static
../Core/Src/tools/modbus/nanomodbus/nanomodbus.c:2011:12:nmbs_read_input_registers	16	static
../Core/Src/tools/modbus/nanomodbus/nanomodbus.c:2016:12:nmbs_write_single_coil	16	static
../Core/Src/tools/modbus/nanomodbus/nanomodbus.c:2038:12:nmbs_write_single_register	16	static
../Core/Src/tools/modbus/nanomodbus/nanomodbus.c:2058:12:nmbs_write_multiple_coils	32	static
../Core/Src/tools/modbus/nanomodbus/nanomodbus.c:2092:12:nmbs_write_multiple_registers	32	static
../Core/Src/tools/modbus/nanomodbus/nanomodbus.c:2126:12:nmbs_read_file_record	32	static
../Core/Src/tools/modbus/nanomodbus/nanomodbus.c:2156:12:nmbs_write_file_record	40	static
../Core/Src/tools/modbus/nanomodbus/nanomodbus.c:2191:12:nmbs_read_write_registers	40	static
../Core/Src/tools/modbus/nanomodbus/nanomodbus.c:2238:12:nmbs_read_device_identification_basic	72	static
../Core/Src/tools/modbus/nanomodbus/nanomodbus.c:2274:12:nmbs_read_device_identification_regular	80	static
../Core/Src/tools/modbus/nanomodbus/nanomodbus.c:2310:12:nmbs_read_device_identification_extended	64	static
../Core/Src/tools/modbus/nanomodbus/nanomodbus.c:2346:12:nmbs_read_device_identification	48	static
../Core/Src/tools/modbus/nanomodbus/nanomodbus.c:2365:12:nmbs_send_raw_pdu	16	static
../Core/Src/tools/modbus/nanomodbus/nanomodbus.c:2379:12:nmbs_receive_raw_pdu_response	16	static
../Core/Src/tools/modbus/nanomodbus/nanomodbus.c:2407:13:nmbs_strerror	0	static
