Archive member included to satisfy reference by file (symbol)

C:/Users/danie/.eclipse/com.st.stm32cube.ide.mcu.rcp.product_1.18.1_566888382_win32_win32_x86_64/plugins/com.st.stm32cube.ide.mcu.externaltools.gnu-tools-for-stm32.13.3.rel1.win32_1.0.100.202509120712/tools/bin/../lib/gcc/arm-none-eabi/13.3.1/../../../../arm-none-eabi/lib/thumb/v6-m/nofp\libc_nano.a(libc_a-calloc.o)
                              ./Core/Src/tools/CControl/Sources/Optimization/quadprog.o (calloc)
C:/Users/danie/.eclipse/com.st.stm32cube.ide.mcu.rcp.product_1.18.1_566888382_win32_win32_x86_64/plugins/com.st.stm32cube.ide.mcu.externaltools.gnu-tools-for-stm32.13.3.rel1.win32_1.0.100.202509120712/tools/bin/../lib/gcc/arm-none-eabi/13.3.1/../../../../arm-none-eabi/lib/thumb/v6-m/nofp\libc_nano.a(libc_a-callocr.o)
                              C:/Users/danie/.eclipse/com.st.stm32cube.ide.mcu.rcp.product_1.18.1_566888382_win32_win32_x86_64/plugins/com.st.stm32cube.ide.mcu.externaltools.gnu-tools-for-stm32.13.3.rel1.win32_1.0.100.202509120712/tools/bin/../lib/gcc/arm-none-eabi/13.3.1/../../../../arm-none-eabi/lib/thumb/v6-m/nofp\libc_nano.a(libc_a-calloc.o) (_calloc_r)
C:/Users/danie/.eclipse/com.st.stm32cube.ide.mcu.rcp.product_1.18.1_566888382_win32_win32_x86_64/plugins/com.st.stm32cube.ide.mcu.externaltools.gnu-tools-for-stm32.13.3.rel1.win32_1.0.100.202509120712/tools/bin/../lib/gcc/arm-none-eabi/13.3.1/../../../../arm-none-eabi/lib/thumb/v6-m/nofp\libc_nano.a(libc_a-exit.o)
                              C:/Users/danie/.eclipse/com.st.stm32cube.ide.mcu.rcp.product_1.18.1_566888382_win32_win32_x86_64/plugins/com.st.stm32cube.ide.mcu.externaltools.gnu-tools-for-stm32.13.3.rel1.win32_1.0.100.202509120712/tools/bin/../lib/gcc/arm-none-eabi/13.3.1/../../../../arm-none-eabi/lib/thumb/v6-m/nofp/crt0.o (exit)
C:/Users/danie/.eclipse/com.st.stm32cube.ide.mcu.rcp.product_1.18.1_566888382_win32_win32_x86_64/plugins/com.st.stm32cube.ide.mcu.externaltools.gnu-tools-for-stm32.13.3.rel1.win32_1.0.100.202509120712/tools/bin/../lib/gcc/arm-none-eabi/13.3.1/../../../../arm-none-eabi/lib/thumb/v6-m/nofp\libc_nano.a(libc_a-malloc.o)
                              ./Core/Src/tools/CControl/Sources/ControlEngineering/c2d.o (malloc)
C:/Users/danie/.eclipse/com.st.stm32cube.ide.mcu.rcp.product_1.18.1_566888382_win32_win32_x86_64/plugins/com.st.stm32cube.ide.mcu.externaltools.gnu-tools-for-stm32.13.3.rel1.win32_1.0.100.202509120712/tools/bin/../lib/gcc/arm-none-eabi/13.3.1/../../../../arm-none-eabi/lib/thumb/v6-m/nofp\libc_nano.a(libc_a-mallocr.o)
                              C:/Users/danie/.eclipse/com.st.stm32cube.ide.mcu.rcp.product_1.18.1_566888382_win32_win32_x86_64/plugins/com.st.stm32cube.ide.mcu.externaltools.gnu-tools-for-stm32.13.3.rel1.win32_1.0.100.202509120712/tools/bin/../lib/gcc/arm-none-eabi/13.3.1/../../../../arm-none-eabi/lib/thumb/v6-m/nofp\libc_nano.a(libc_a-callocr.o) (_malloc_r)
C:/Users/danie/.eclipse/com.st.stm32cube.ide.mcu.rcp.product_1.18.1_566888382_win32_win32_x86_64/plugins/com.st.stm32cube.ide.mcu.externaltools.gnu-tools-for-stm32.13.3.rel1.win32_1.0.100.202509120712/tools/bin/../lib/gcc/arm-none-eabi/13.3.1/../../../../arm-none-eabi/lib/thumb/v6-m/nofp\libc_nano.a(libc_a-mlock.o)
                              C:/Users/danie/.eclipse/com.st.stm32cube.ide.mcu.rcp.product_1.18.1_566888382_win32_win32_x86_64/plugins/com.st.stm32cube.ide.mcu.externaltools.gnu-tools-for-stm32.13.3.rel1.win32_1.0.100.202509120712/tools/bin/../lib/gcc/arm-none-eabi/13.3.1/../../../../arm-none-eabi/lib/thumb/v6-m/nofp\libc_nano.a(libc_a-mallocr.o) (__malloc_lock)
C:/Users/danie/.eclipse/com.st.stm32cube.ide.mcu.rcp.product_1.18.1_566888382_win32_win32_x86_64/plugins/com.st.stm32cube.ide.mcu.externaltools.gnu-tools-for-stm32.13.3.rel1.win32_1.0.100.202509120712/tools/bin/../lib/gcc/arm-none-eabi/13.3.1/../../../../arm-none-eabi/lib/thumb/v6-m/nofp\libc_nano.a(libc_a-nano-vfprintf_float.o)
                              (_printf_float)
C:/Users/danie/.eclipse/com.st.stm32cube.ide.mcu.rcp.product_1.18.1_566888382_win32_win32_x86_64/plugins/com.st.stm32cube.ide.mcu.externaltools.gnu-tools-for-stm32.13.3.rel1.win32_1.0.100.202509120712/tools/bin/../lib/gcc/arm-none-eabi/13.3.1/../../../../arm-none-eabi/lib/thumb/v6-m/nofp\libc_nano.a(libc_a-nano-vfprintf_i.o)
                              C:/Users/danie/.eclipse/com.st.stm32cube.ide.mcu.rcp.product_1.18.1_566888382_win32_win32_x86_64/plugins/com.st.stm32cube.ide.mcu.externaltools.gnu-tools-for-stm32.13.3.rel1.win32_1.0.100.202509120712/tools/bin/../lib/gcc/arm-none-eabi/13.3.1/../../../../arm-none-eabi/lib/thumb/v6-m/nofp\libc_nano.a(libc_a-nano-vfprintf_float.o) (_printf_common)
C:/Users/danie/.eclipse/com.st.stm32cube.ide.mcu.rcp.product_1.18.1_566888382_win32_win32_x86_64/plugins/com.st.stm32cube.ide.mcu.externaltools.gnu-tools-for-stm32.13.3.rel1.win32_1.0.100.202509120712/tools/bin/../lib/gcc/arm-none-eabi/13.3.1/../../../../arm-none-eabi/lib/thumb/v6-m/nofp\libc_nano.a(libc_a-findfp.o)
[...]
Memory Configuration

Name             Origin             Length             Attributes
RAM              0x20000000         0x00002000         xrw
FLASH            0x08000000         0x00010000         xr
*default*        0x00000000         0xffffffff

Linker script and memory map

LOAD C:/Users/danie/.eclipse/com.st.stm32cube.ide.mcu.rcp.product_1.18.1_566888382_win32_win32_x86_64/plugins/com.st.stm32cube.ide.mcu.externaltools.gnu-tools-for-stm32.13.3.rel1.win32_1.0.100.202509120712/tools/bin/../lib/gcc/arm-none-eabi/13.3.1/thumb/v6-m/nofp/crti.o
LOAD C:/Users/danie/.eclipse/com.st.stm32cube.ide.mcu.rcp.product_1.18.1_566888382_win32_win32_x86_64/plugins/com.st.stm32cube.ide.mcu.externaltools.gnu-tools-for-stm32.13.3.rel1.win32_1.0.100.202509120712/tools/bin/../lib/gcc/arm-none-eabi/13.3.1/thumb/v6-m/nofp/crtbegin.o
LOAD C:/Users/danie/.eclipse/com.st.stm32cube.ide.mcu.rcp.product_1.18.1_566888382_win32_win32_x86_64/plugins/com.st.stm32cube.ide.mcu.externaltools.gnu-tools-for-stm32.13.3.rel1.win32_1.0.100.202509120712/tools/bin/../lib/gcc/arm-none-eabi/13.3.1/../../../../arm-none-eabi/lib/thumb/v6-m/nofp/crt0.o
LOAD ./Core/Src/main.o
LOAD ./Core/Src/stm32f0xx_hal_msp.o
LOAD ./Core/Src/stm32f0xx_it.o
LOAD ./Core/Src/syscalls.o
LOAD ./Core/Src/sysmem.o
LOAD ./Core/Src/system_stm32f0xx.o
LOAD ./Core/Src/tools/CControl/Sources/ControlEngineering/c2d.o
LOAD ./Core/Src/tools/CControl/Sources/ControlEngineering/cab.o
LOAD ./Core/Src/tools/CControl/Sources/ControlEngineering/dare.o
LOAD ./Core/Src/tools/CControl/Sources/ControlEngineering/lqe.o
LOAD ./Core/Src/tools/CControl/Sources/ControlEngineering/lqr.o
LOAD ./Core/Src/tools/CControl/Sources/ControlEngineering/mpc.o
LOAD ./Core/Src/tools/CControl/Sources/ControlEngineering/obsv.o
LOAD ./Core/Src/tools/CControl/Sources/DifferentialEquation/rk4args.o
LOAD ./Core/Src/tools/CControl/Sources/LinearAlgebra/chol.o
LOAD ./Core/Src/tools/CControl/Sources/LinearAlgebra/dot.o
LOAD ./Core/Src/tools/CControl/Sources/LinearAlgebra/expm.o
LOAD ./Core/Src/tools/CControl/Sources/LinearAlgebra/eye.o
LOAD ./Core/Src/tools/CControl/Sources/LinearAlgebra/inv.o
LOAD ./Core/Src/tools/CControl/Sources/LinearAlgebra/linsolve_chol.o
LOAD ./Core/Src/tools/CControl/Sources/LinearAlgebra/linsolve_lower_triangular.o
LOAD ./Core/Src/tools/CControl/Sources/LinearAlgebra/linsolve_upper_triangular.o
LOAD ./Core/Src/tools/CControl/Sources/LinearAlgebra/lup.o
LOAD ./Core/Src/tools/CControl/Sources/LinearAlgebra/mul.o
LOAD ./Core/Src/tools/CControl/Sources/LinearAlgebra/norm.o
LOAD ./Core/Src/tools/CControl/Sources/LinearAlgebra/tran.o
LOAD ./Core/Src/tools/CControl/Sources/Miscellaneous/cut.o
LOAD ./Core/Src/tools/CControl/Sources/Miscellaneous/insert.o
LOAD ./Core/Src/tools/CControl/Sources/Miscellaneous/scalar.o
LOAD ./Core/Src/tools/CControl/Sources/Miscellaneous/sign.o
LOAD ./Core/Src/tools/CControl/Sources/Miscellaneous/vmax.o
LOAD ./Core/Src/tools/CControl/Sources/Miscellaneous/vmin.o
LOAD ./Core/Src/tools/CControl/Sources/Optimization/quadprog.o
LOAD ./Core/Src/tools/CControl/Sources/Optimization/quadprogslim.o
LOAD ./Core/Src/tools/conversions/conversions.o
LOAD ./Core/Src/tools/flash/flash.o
LOAD ./Core/Src/tools/modbus/modbus.o
LOAD ./Core/Src/tools/modbus/modbusclient.o
LOAD ./Core/Src/tools/modbus/modbusserver.o
LOAD ./Core/Src/tools/modbus/nanomodbus/nanomodbus.o
LOAD ./Core/Startup/startup_stm32f051r8tx.o
LOAD ./Drivers/STM32F0xx_HAL_Driver/Src/stm32f0xx_hal.o
LOAD ./Drivers/STM32F0xx_HAL_Driver/Src/stm32f0xx_hal_adc.o
LOAD ./Drivers/STM32F0xx_HAL_Driver/Src/stm32f0xx_hal_adc_ex.o
LOAD ./Drivers/STM32F0xx_HAL_Driver/Src/stm32f0xx_hal_cortex.o
LOAD ./Drivers/STM32F0xx_HAL_Driver/Src/stm32f0xx_hal_dma.o
LOAD ./Drivers/STM32F0xx_HAL_Driver/Src/stm32f0xx_hal_exti.o
LOAD ./Drivers/STM32F0xx_HAL_Driver/Src/stm32f0xx_hal_flash.o
LOAD ./Drivers/STM32F0xx_HAL_Driver/Src/stm32f0xx_hal_flash_ex.o
LOAD ./Drivers/STM32F0xx_HAL_Driver/Src/stm32f0xx_hal_gpio.o
LOAD ./Drivers/STM32F0xx_HAL_Driver/Src/stm32f0xx_hal_i2c.o
LOAD ./Drivers/STM32F0xx_HAL_Driver/Src/stm32f0xx_hal_i2c_ex.o
LOAD ./Drivers/STM32F0xx_HAL_Driver/Src/stm32f0xx_hal_pwr.o
LOAD ./Drivers/STM32F0xx_HAL_Driver/Src/stm32f0xx_hal_pwr_ex.o
LOAD ./Drivers/STM32F0xx_HAL_Driver/Src/stm32f0xx_hal_rcc.o
LOAD ./Drivers/STM32F0xx_HAL_Driver/Src/stm32f0xx_hal_rcc_ex.o
LOAD ./Drivers/STM32F0xx_HAL_Driver/Src/stm32f0xx_hal_tim.o
LOAD ./Drivers/STM32F0xx_HAL_Driver/Src/stm32f0xx_hal_tim_ex.o
LOAD ./Drivers/STM32F0xx_HAL_Driver/Src/stm32f0xx_hal_uart.o
LOAD ./Drivers/STM32F0xx_HAL_Driver/Src/stm32f0xx_hal_uart_ex.o
START GROUP
LOAD C:/Users/danie/.eclipse/com.st.stm32cube.ide.mcu.rcp.product_1.18.1_566888382_win32_win32_x86_64/plugins/com.st.stm32cube.ide.mcu.externaltools.gnu-tools-for-stm32.13.3.rel1.win32_1.0.100.202509120712/tools/bin/../lib/gcc/arm-none-eabi/13.3.1/../../../../arm-none-eabi/lib/thumb/v6-m/nofp\libc_nano.a
LOAD C:/Users/danie/.eclipse/com.st.stm32cube.ide.mcu.rcp.product_1.18.1_566888382_win32_win32_x86_64/plugins/com.st.stm32cube.ide.mcu.externaltools.gnu-tools-for-stm32.13.3.rel1.win32_1.0.100.202509120712/tools/bin/../lib/gcc/arm-none-eabi/13.3.1/../../../../arm-none-eabi/lib/thumb/v6-m/nofp\libm.a
END GROUP
START GROUP
LOAD C:/Users/danie/.eclipse/com.st.stm32cube.ide.mcu.rcp.product_1.18.1_566888382_win32_win32_x86_64/plugins/com.st.stm32cube.ide.mcu.externaltools.gnu-tools-for-stm32.13.3.rel1.win32_1.0.100.202509120712/tools/bin/../lib/gcc/arm-none-eabi/13.3.1/thumb/v6-m/nofp\libgcc.a
LOAD C:/Users/danie/.eclipse/com.st.stm32cube.ide.mcu.rcp.product_1.18.1_566888382_win32_win32_x86_64/plugins/com.st.stm32cube.ide.mcu.externaltools.gnu-tools-for-stm32.13.3.rel1.win32_1.0.100.202509120712/tools/bin/../lib/gcc/arm-none-eabi/13.3.1/../../../../arm-none-eabi/lib/thumb/v6-m/nofp\libc_nano.a
END GROUP
START GROUP
LOAD C:/Users/danie/.eclipse/com.st.stm32cube.ide.mcu.rcp.product_1.18.1_566888382_win32_win32_x86_64/plugins/com.st.stm32cube.ide.mcu.externaltools.gnu-tools-for-stm32.13.3.rel1.win32_1.0.100.202509120712/tools/bin/../lib/gcc/arm-none-eabi/13.3.1/thumb/v6-m/nofp\libgcc.a
LOAD C:/Users/danie/.eclipse/com.st.stm32cube.ide.mcu.rcp.product_1.18.1_566888382_win32_win32_x86_64/plugins/com.st.stm32cube.ide.mcu.externaltools.gnu-tools-for-stm32.13.3.rel1.win32_1.0.100.202509120712/tools/bin/../lib/gcc/arm-none-eabi/13.3.1/../../../../arm-none-eabi/lib/thumb/v6-m/nofp\libc_nano.a
LOAD C:/Users/danie/.eclipse/com.st.stm32cube.ide.mcu.rcp.product_1.18.1_566888382_win32_win32_x86_64/plugins/com.st.stm32cube.ide.mcu.externaltools.gnu-tools-for-stm32.13.3.rel1.win32_1.0.100.202509120712/tools/bin/../lib/gcc/arm-none-eabi/13.3.1/../../../../arm-none-eabi/lib/thumb/v6-m/nofp\libnosys.a
END GROUP
START GROUP
LOAD C:/Users/danie/.eclipse/com.st.stm32cube.ide.mcu.rcp.product_1.18.1_566888382_win32_win32_x86_64/plugins/com.st.stm32cube.ide.mcu.externaltools.gnu-tools-for-stm32.13.3.rel1.win32_1.0.100.202509120712/tools/bin/../lib/gcc/arm-none-eabi/13.3.1/thumb/v6-m/nofp\libgcc.a
LOAD C:/Users/danie/.eclipse/com.st.stm32cube.ide.mcu.rcp.product_1.18.1_566888382_win32_win32_x86_64/plugins/com.st.stm32cube.ide.mcu.externaltools.gnu-tools-for-stm32.13.3.rel1.win32_1.0.100.202509120712/tools/bin/../lib/gcc/arm-none-eabi/13.3.1/../../../../arm-none-eabi/lib/thumb/v6-m/nofp\libc_nano.a
LOAD C:/Users/danie/.eclipse/com.st.stm32cube.ide.mcu.rcp.product_1.18.1_566888382_win32_win32_x86_64/plugins/com.st.stm32cube.ide.mcu.externaltools.gnu-tools-for-stm32.13.3.rel1.win32_1.0.100.202509120712/tools/bin/../lib/gcc/arm-none-eabi/13.3.1/../../../../arm-none-eabi/lib/thumb/v6-m/nofp\libnosys.a
END GROUP
LOAD C:/Users/danie/.eclipse/com.st.stm32cube.ide.mcu.rcp.product_1.18.1_566888382_win32_win32_x86_64/plugins/com.st.stm32cube.ide.mcu.externaltools.gnu-tools-for-stm32.13.3.rel1.win32_1.0.100.202509120712/tools/bin/../lib/gcc/arm-none-eabi/13.3.1/thumb/v6-m/nofp/crtend.o
LOAD C:/Users/danie/.eclipse/com.st.stm32cube.ide.mcu.rcp.product_1.18.1_566888382_win32_win32_x86_64/plugins/com.st.stm32cube.ide.mcu.externaltools.gnu-tools-for-stm32.13.3.rel1.win32_1.0.100.202509120712/tools/bin/../lib/gcc/arm-none-eabi/13.3.1/thumb/v6-m/nofp/crtn.o
                0x20002000                        _estack = (ORIGIN (RAM) + LENGTH (RAM))
                0x00000200                        _Min_Heap_Size = 0x200
                0x00000400                        _Min_Stack_Size = 0x400

.isr_vector     0x08000000       0xc0
                0x08000000                        . = ALIGN (0x4)
 *(.isr_vector)
 .isr_vector    0x08000000       0xc0 ./Core/Startup/startup_stm32f051r8tx.o
                0x08000000                g_pfnVectors
                0x080000c0                        . = ALIGN (0x4)

.text           0x080000c0     0xd7a4
                0x080000c0                        . = ALIGN (0x4)
 *(.text)
 .text          0x080000c0       0x48 C:/Users/danie/.eclipse/com.st.stm32cube.ide.mcu.rcp.product_1.18.1_566888382_win32_win32_x86_64/plugins/com.st.stm32cube.ide.mcu.externaltools.gnu-tools-for-stm32.13.3.rel1.win32_1.0.100.202509120712/tools/bin/../lib/gcc/arm-none-eabi/13.3.1/thumb/v6-m/nofp/crtbegin.o
 .text          0x08000108        0xe C:/Users/danie/.eclipse/com.st.stm32cube.ide.mcu.rcp.product_1.18.1_566888382_win32_win32_x86_64/plugins/com.st.stm32cube.ide.mcu.externaltools.gnu-tools-for-stm32.13.3.rel1.win32_1.0.100.202509120712/tools/bin/../lib/gcc/arm-none-eabi/13.3.1/../../../../arm-none-eabi/lib/thumb/v6-m/nofp\libc_nano.a(libc_a-strlen.o)
                0x08000108                strlen
 *fill*         0x08000116        0x2 
 .text          0x08000118       0x14 C:/Users/danie/.eclipse/com.st.stm32cube.ide.mcu.rcp.product_1.18.1_566888382_win32_win32_x86_64/plugins/com.st.stm32cube.ide.mcu.externaltools.gnu-tools-for-stm32.13.3.rel1.win32_1.0.100.202509120712/tools/bin/../lib/gcc/arm-none-eabi/13.3.1/thumb/v6-m/nofp\libgcc.a(_thumb1_case_uqi.o)
                0x08000118                __gnu_thumb1_case_uqi
 .text          0x0800012c       0x14 C:/Users/danie/.eclipse/com.st.stm32cube.ide.mcu.rcp.product_1.18.1_566888382_win32_win32_x86_64/plugins/com.st.stm32cube.ide.mcu.externaltools.gnu-tools-for-stm32.13.3.rel1.win32_1.0.100.202509120712/tools/bin/../lib/gcc/arm-none-eabi/13.3.1/thumb/v6-m/nofp\libgcc.a(_thumb1_case_shi.o)
                0x0800012c                __gnu_thumb1_case_shi
 .text          0x08000140       0x14 C:/Users/danie/.eclipse/com.st.stm32cube.ide.mcu.rcp.product_1.18.1_566888382_win32_win32_x86_64/plugins/com.st.stm32cube.ide.mcu.externaltools.gnu-tools-for-stm32.13.3.rel1.win32_1.0.100.202509120712/tools/bin/../lib/gcc/arm-none-eabi/13.3.1/thumb/v6-m/nofp\libgcc.a(_thumb1_case_uhi.o)
                0x08000140                __gnu_thumb1_case_uhi
 .text          0x08000154      0x114 C:/Users/danie/.eclipse/com.st.stm32cube.ide.mcu.rcp.product_1.18.1_566888382_win32_win32_x86_64/plugins/com.st.stm32cube.ide.mcu.externaltools.gnu-tools-for-stm32.13.3.rel1.win32_1.0.100.202509120712/tools/bin/../lib/gcc/arm-none-eabi/13.3.1/thumb/v6-m/nofp\libgcc.a(_udivsi3.o)
                0x08000154                __aeabi_uidiv
                0x08000154                __udivsi3
                0x08000260                __aeabi_uidivmod
 .text          0x08000268      0x1d4 C:/Users/danie/.eclipse/com.st.stm32cube.ide.mcu.rcp.product_1.18.1_566888382_win32_win32_x86_64/plugins/com.st.stm32cube.ide.mcu.externaltools.gnu-tools-for-stm32.13.3.rel1.win32_1.0.100.202509120712/tools/bin/../lib/gcc/arm-none-eabi/13.3.1/thumb/v6-m/nofp\libgcc.a(_divsi3.o)
                0x08000268                __divsi3
                0x08000268                __aeabi_idiv
                0x08000434                __aeabi_idivmod
 .text          0x0800043c        0x4 C:/Users/danie/.eclipse/com.st.stm32cube.ide.mcu.rcp.product_1.18.1_566888382_win32_win32_x86_64/plugins/com.st.stm32cube.ide.mcu.externaltools.gnu-tools-for-stm32.13.3.rel1.win32_1.0.100.202509120712/tools/bin/../lib/gcc/arm-none-eabi/13.3.1/thumb/v6-m/nofp\libgcc.a(_dvmd_tls.o)
                0x0800043c                __aeabi_idiv0
                0x0800043c                __aeabi_ldiv0
 .text          0x08000440       0x18 C:/Users/danie/.eclipse/com.st.stm32cube.ide.mcu.rcp.product_1.18.1_566888382_win32_win32_x86_64/plugins/com.st.stm32cube.ide.mcu.externaltools.gnu-tools-for-stm32.13.3.rel1.win32_1.0.100.202509120712/tools/bin/../lib/gcc/arm-none-eabi/13.3.1/thumb/v6-m/nofp\libgcc.a(_lshrdi3.o)
                0x08000440                __lshrdi3
                0x08000440                __aeabi_llsr
 .text          0x08000458       0x7c C:/Users/danie/.eclipse/com.st.stm32cube.ide.mcu.rcp.product_1.18.1_566888382_win32_win32_x86_64/plugins/com.st.stm32cube.ide.mcu.externaltools.gnu-tools-for-stm32.13.3.rel1.win32_1.0.100.202509120712/tools/bin/../lib/gcc/arm-none-eabi/13.3.1/thumb/v6-m/nofp\libgcc.a(_arm_cmpdf2.o)
                0x08000458                __aeabi_cdrcmple
                0x08000468                __aeabi_cdcmple
                0x08000468                __aeabi_cdcmpeq
                0x08000478                __aeabi_dcmpeq
                0x08000484                __aeabi_dcmplt
                0x08000498                __aeabi_dcmple
                0x080004ac                __aeabi_dcmpgt
                0x080004c0                __aeabi_dcmpge
 .text          0x080004d4       0x74 C:/Users/danie/.eclipse/com.st.stm32cube.ide.mcu.rcp.product_1.18.1_566888382_win32_win32_x86_64/plugins/com.st.stm32cube.ide.mcu.externaltools.gnu-tools-for-stm32.13.3.rel1.win32_1.0.100.202509120712/tools/bin/../lib/gcc/arm-none-eabi/13.3.1/thumb/v6-m/nofp\libgcc.a(_arm_cmpsf2.o)
                0x080004d4                __aeabi_cfrcmple
                0x080004dc                __aeabi_cfcmpeq
                0x080004dc                __aeabi_cfcmple
                0x080004ec                __aeabi_fcmpeq
                0x080004f8                __aeabi_fcmplt
                0x0800050c                __aeabi_fcmple
                0x08000520                __aeabi_fcmpgt
                0x08000534                __aeabi_fcmpge
 .text          0x08000548       0x30 C:/Users/danie/.eclipse/com.st.stm32cube.ide.mcu.rcp.product_1.18.1_566888382_win32_win32_x86_64/plugins/com.st.stm32cube.ide.mcu.externaltools.gnu-tools-for-stm32.13.3.rel1.win32_1.0.100.202509120712/tools/bin/../lib/gcc/arm-none-eabi/13.3.1/thumb/v6-m/nofp\libgcc.a(_fixunssfsi.o)
                0x08000548                __fixunssfsi
                0x08000548                __aeabi_f2uiz
 .text          0x08000578      0x3e4 C:/Users/danie/.eclipse/com.st.stm32cube.ide.mcu.rcp.product_1.18.1_566888382_win32_win32_x86_64/plugins/com.st.stm32cube.ide.mcu.externaltools.gnu-tools-for-stm32.13.3.rel1.win32_1.0.100.202509120712/tools/bin/../lib/gcc/arm-none-eabi/13.3.1/thumb/v6-m/nofp\libgcc.a(addsf3.o)
                0x08000578                __aeabi_fadd
 .text          0x0800095c      0x22c C:/Users/danie/.eclipse/com.st.stm32cube.ide.mcu.rcp.product_1.18.1_566888382_win32_win32_x86_64/plugins/com.st.stm32cube.ide.mcu.externaltools.gnu-tools-for-stm32.13.3.rel1.win32_1.0.100.202509120712/tools/bin/../lib/gcc/arm-none-eabi/13.3.1/thumb/v6-m/nofp\libgcc.a(divsf3.o)
                0x0800095c                __aeabi_fdiv
 .text          0x08000b88       0x50 C:/Users/danie/.eclipse/com.st.stm32cube.ide.mcu.rcp.product_1.18.1_566888382_win32_win32_x86_64/plugins/com.st.stm32cube.ide.mcu.externaltools.gnu-tools-for-stm32.13.3.rel1.win32_1.0.100.202509120712/tools/bin/../lib/gcc/arm-none-eabi/13.3.1/thumb/v6-m/nofp\libgcc.a(eqsf2.o)
                0x08000b88                __eqsf2
                0x08000b88                __nesf2
 .text          0x08000bd8       0x90 C:/Users/danie/.eclipse/com.st.stm32cube.ide.mcu.rcp.product_1.18.1_566888382_win32_win32_x86_64/plugins/com.st.stm32cube.ide.mcu.externaltools.gnu-tools-for-stm32.13.3.rel1.win32_1.0.100.202509120712/tools/bin/../lib/gcc/arm-none-eabi/13.3.1/thumb/v6-m/nofp\libgcc.a(gesf2.o)
                0x08000bd8                __gesf2
                0x08000bd8                __gtsf2
 .text          0x08000c68       0x90 C:/Users/danie/.eclipse/com.st.stm32cube.ide.mcu.rcp.product_1.18.1_566888382_win32_win32_x86_64/plugins/com.st.stm32cube.ide.mcu.externaltools.gnu-tools-for-stm32.13.3.rel1.win32_1.0.100.202509120712/tools/bin/../lib/gcc/arm-none-eabi/13.3.1/thumb/v6-m/nofp\libgcc.a(lesf2.o)
                0x08000c68                __ltsf2
                0x08000c68                __lesf2
 .text          0x08000cf8      0x2b4 C:/Users/danie/.eclipse/com.st.stm32cube.ide.mcu.rcp.product_1.18.1_566888382_win32_win32_x86_64/plugins/com.st.stm32cube.ide.mcu.externaltools.gnu-tools-for-stm32.13.3.rel1.win32_1.0.100.202509120712/tools/bin/../lib/gcc/arm-none-eabi/13.3.1/thumb/v6-m/nofp\libgcc.a(mulsf3.o)
                0x08000cf8                __aeabi_fmul
 .text          0x08000fac      0x4c8 C:/Users/danie/.eclipse/com.st.stm32cube.ide.mcu.rcp.product_1.18.1_566888382_win32_win32_x86_64/plugins/com.st.stm32cube.ide.mcu.externaltools.gnu-tools-for-stm32.13.3.rel1.win32_1.0.100.202509120712/tools/bin/../lib/gcc/arm-none-eabi/13.3.1/thumb/v6-m/nofp\libgcc.a(subsf3.o)
                0x08000fac                __aeabi_fsub
 .text          0x08001474       0x2c C:/Users/danie/.eclipse/com.st.stm32cube.ide.mcu.rcp.product_1.18.1_566888382_win32_win32_x86_64/plugins/com.st.stm32cube.ide.mcu.externaltools.gnu-tools-for-stm32.13.3.rel1.win32_1.0.100.202509120712/tools/bin/../lib/gcc/arm-none-eabi/13.3.1/thumb/v6-m/nofp\libgcc.a(unordsf2.o)
                0x08001474                __aeabi_fcmpun
 .text          0x080014a0       0x40 C:/Users/danie/.eclipse/com.st.stm32cube.ide.mcu.rcp.product_1.18.1_566888382_win32_win32_x86_64/plugins/com.st.stm32cube.ide.mcu.externaltools.gnu-tools-for-stm32.13.3.rel1.win32_1.0.100.202509120712/tools/bin/../lib/gcc/arm-none-eabi/13.3.1/thumb/v6-m/nofp\libgcc.a(fixsfsi.o)
                0x080014a0                __aeabi_f2iz
 .text          0x080014e0       0xa0 C:/Users/danie/.eclipse/com.st.stm32cube.ide.mcu.rcp.product_1.18.1_566888382_win32_win32_x86_64/plugins/com.st.stm32cube.ide.mcu.externaltools.gnu-tools-for-stm32.13.3.rel1.win32_1.0.100.202509120712/tools/bin/../lib/gcc/arm-none-eabi/13.3.1/thumb/v6-m/nofp\libgcc.a(floatsisf.o)
                0x080014e0                __aeabi_i2f
 .text          0x08001580       0x8c C:/Users/danie/.eclipse/com.st.stm32cube.ide.mcu.rcp.product_1.18.1_566888382_win32_win32_x86_64/plugins/com.st.stm32cube.ide.mcu.externaltools.gnu-tools-for-stm32.13.3.rel1.win32_1.0.100.202509120712/tools/bin/../lib/gcc/arm-none-eabi/13.3.1/thumb/v6-m/nofp\libgcc.a(floatunsisf.o)
                0x08001580                __aeabi_ui2f
 .text          0x0800160c      0x78c C:/Users/danie/.eclipse/com.st.stm32cube.ide.mcu.rcp.product_1.18.1_566888382_win32_win32_x86_64/plugins/com.st.stm32cube.ide.mcu.externaltools.gnu-tools-for-stm32.13.3.rel1.win32_1.0.100.202509120712/tools/bin/../lib/gcc/arm-none-eabi/13.3.1/thumb/v6-m/nofp\libgcc.a(adddf3.o)
                0x0800160c                __aeabi_dadd
 .text          0x08001d98      0x630 C:/Users/danie/.eclipse/com.st.stm32cube.ide.mcu.rcp.product_1.18.1_566888382_win32_win32_x86_64/plugins/com.st.stm32cube.ide.mcu.externaltools.gnu-tools-for-stm32.13.3.rel1.win32_1.0.100.202509120712/tools/bin/../lib/gcc/arm-none-eabi/13.3.1/thumb/v6-m/nofp\libgcc.a(divdf3.o)
                0x08001d98                __aeabi_ddiv
 .text          0x080023c8       0x88 C:/Users/danie/.eclipse/com.st.stm32cube.ide.mcu.rcp.product_1.18.1_566888382_win32_win32_x86_64/plugins/com.st.stm32cube.ide.mcu.externaltools.gnu-tools-for-stm32.13.3.rel1.win32_1.0.100.202509120712/tools/bin/../lib/gcc/arm-none-eabi/13.3.1/thumb/v6-m/nofp\libgcc.a(eqdf2.o)
                0x080023c8                __nedf2
                0x080023c8                __eqdf2
 .text          0x08002450       0xe0 C:/Users/danie/.eclipse/com.st.stm32cube.ide.mcu.rcp.product_1.18.1_566888382_win32_win32_x86_64/plugins/com.st.stm32cube.ide.mcu.externaltools.gnu-tools-for-stm32.13.3.rel1.win32_1.0.100.202509120712/tools/bin/../lib/gcc/arm-none-eabi/13.3.1/thumb/v6-m/nofp\libgcc.a(gedf2.o)
                0x08002450                __gedf2
                0x08002450                __gtdf2
 .text          0x08002530       0xdc C:/Users/danie/.eclipse/com.st.stm32cube.ide.mcu.rcp.product_1.18.1_566888382_win32_win32_x86_64/plugins/com.st.stm32cube.ide.mcu.externaltools.gnu-tools-for-stm32.13.3.rel1.win32_1.0.100.202509120712/tools/bin/../lib/gcc/arm-none-eabi/13.3.1/thumb/v6-m/nofp\libgcc.a(ledf2.o)
                0x08002530                __ledf2
                0x08002530                __ltdf2
 .text          0x0800260c      0x5cc C:/Users/danie/.eclipse/com.st.stm32cube.ide.mcu.rcp.product_1.18.1_566888382_win32_win32_x86_64/plugins/com.st.stm32cube.ide.mcu.externaltools.gnu-tools-for-stm32.13.3.rel1.win32_1.0.100.202509120712/tools/bin/../lib/gcc/arm-none-eabi/13.3.1/thumb/v6-m/nofp\libgcc.a(muldf3.o)
                0x0800260c                __aeabi_dmul
 .text          0x08002bd8      0x814 C:/Users/danie/.eclipse/com.st.stm32cube.ide.mcu.rcp.product_1.18.1_566888382_win32_win32_x86_64/plugins/com.st.stm32cube.ide.mcu.externaltools.gnu-tools-for-stm32.13.3.rel1.win32_1.0.100.202509120712/tools/bin/../lib/gcc/arm-none-eabi/13.3.1/thumb/v6-m/nofp\libgcc.a(subdf3.o)
                0x08002bd8                __aeabi_dsub
 .text          0x080033ec       0x44 C:/Users/danie/.eclipse/com.st.stm32cube.ide.mcu.rcp.product_1.18.1_566888382_win32_win32_x86_64/plugins/com.st.stm32cube.ide.mcu.externaltools.gnu-tools-for-stm32.13.3.rel1.win32_1.0.100.202509120712/tools/bin/../lib/gcc/arm-none-eabi/13.3.1/thumb/v6-m/nofp\libgcc.a(unorddf2.o)
                0x080033ec                __aeabi_dcmpun
 .text          0x08003430       0x78 C:/Users/danie/.eclipse/com.st.stm32cube.ide.mcu.rcp.product_1.18.1_566888382_win32_win32_x86_64/plugins/com.st.stm32cube.ide.mcu.externaltools.gnu-tools-for-stm32.13.3.rel1.win32_1.0.100.202509120712/tools/bin/../lib/gcc/arm-none-eabi/13.3.1/thumb/v6-m/nofp\libgcc.a(fixdfsi.o)
                0x08003430                __aeabi_d2iz
 .text          0x080034a8       0x5c C:/Users/danie/.eclipse/com.st.stm32cube.ide.mcu.rcp.product_1.18.1_566888382_win32_win32_x86_64/plugins/com.st.stm32cube.ide.mcu.externaltools.gnu-tools-for-stm32.13.3.rel1.win32_1.0.100.202509120712/tools/bin/../lib/gcc/arm-none-eabi/13.3.1/thumb/v6-m/nofp\libgcc.a(floatsidf.o)
                0x080034a8                __aeabi_i2d
 .text          0x08003504       0x48 C:/Users/danie/.eclipse/com.st.stm32cube.ide.mcu.rcp.product_1.18.1_566888382_win32_win32_x86_64/plugins/com.st.stm32cube.ide.mcu.externaltools.gnu-tools-for-stm32.13.3.rel1.win32_1.0.100.202509120712/tools/bin/../lib/gcc/arm-none-eabi/13.3.1/thumb/v6-m/nofp\libgcc.a(floatunsidf.o)
                0x08003504                __aeabi_ui2d
 .text          0x0800354c       0x3c C:/Users/danie/.eclipse/com.st.stm32cube.ide.mcu.rcp.product_1.18.1_566888382_win32_win32_x86_64/plugins/com.st.stm32cube.ide.mcu.externaltools.gnu-tools-for-stm32.13.3.rel1.win32_1.0.100.202509120712/tools/bin/../lib/gcc/arm-none-eabi/13.3.1/thumb/v6-m/nofp\libgcc.a(_clzsi2.o)
                0x0800354c                __clzsi2
 *(.text*)
 .text.UART_read
                0x08003588       0x24 ./Core/Src/main.o
                0x08003588                UART_read
 .text.UART_write
                0x080035ac       0x1c ./Core/Src/main.o
                0x080035ac                UART_write
 .text.compute_mpc_model
                0x080035c8      0x1c4 ./Core/Src/main.o
                0x080035c8                compute_mpc_model
 .text.read_uart
                0x0800378c       0x14 ./Core/Src/main.o
                0x0800378c                read_uart
 .text.read_temperature
                0x080037a0       0x48 ./Core/Src/main.o
                0x080037a0                read_temperature
 .text.read_current
                0x080037e8       0x44 ./Core/Src/main.o
                0x080037e8                read_current
 .text.read_sleep
                0x0800382c       0x20 ./Core/Src/main.o
                0x0800382c                read_sleep
 .text.HAL_UARTEx_RxEventCallback
                0x0800384c       0x2c ./Core/Src/main.o
                0x0800384c                HAL_UARTEx_RxEventCallback
 .text.read_initial_memory
                0x08003878        0xe ./Core/Src/main.o
                0x08003878                read_initial_memory
 *fill*         0x08003886        0x2 
 .text.Error_Handler
                0x08003888       0x34 ./Core/Src/main.o
                0x08003888                Error_Handler
 .text.write_initial_memory
                0x080038bc       0x16 ./Core/Src/main.o
                0x080038bc                write_initial_memory
 *fill*         0x080038d2        0x2 
 .text.read_everything_else
                0x080038d4       0xd0 ./Core/Src/main.o
                0x080038d4                read_everything_else
 .text.HAL_TIM_PeriodElapsedCallback
                0x080039a4       0x78 ./Core/Src/main.o
                0x080039a4                HAL_TIM_PeriodElapsedCallback
 .text.SystemClock_Config
                0x08003a1c       0x66 ./Core/Src/main.o
                0x08003a1c                SystemClock_Config
 *fill*         0x08003a82        0x2 
 .text.startup.main
                0x08003a84      0x3ec ./Core/Src/main.o
                0x08003a84                main
 .text.HAL_MspInit
                0x08003e70       0x30 ./Core/Src/stm32f0xx_hal_msp.o
                0x08003e70                HAL_MspInit
 .text.HAL_ADC_MspInit
                0x08003ea0       0xbc ./Core/Src/stm32f0xx_hal_msp.o
                0x08003ea0                HAL_ADC_MspInit
 .text.HAL_TIM_Base_MspInit
                0x08003f5c       0x54 ./Core/Src/stm32f0xx_hal_msp.o
                0x08003f5c                HAL_TIM_Base_MspInit
 .text.HAL_TIM_MspPostInit
                0x08003fb0       0x54 ./Core/Src/stm32f0xx_hal_msp.o
                0x08003fb0                HAL_TIM_MspPostInit
 .text.HAL_UART_MspInit
                0x08004004       0xa8 ./Core/Src/stm32f0xx_hal_msp.o
                0x08004004                HAL_UART_MspInit
 .text.NMI_Handler
                0x080040ac        0x2 ./Core/Src/stm32f0xx_it.o
                0x080040ac                NMI_Handler
 .text.HardFault_Handler
                0x080040ae        0x2 ./Core/Src/stm32f0xx_it.o
                0x080040ae                HardFault_Handler
 .text.SVC_Handler
                0x080040b0        0x2 ./Core/Src/stm32f0xx_it.o
                0x080040b0                SVC_Handler
 .text.PendSV_Handler
                0x080040b2        0x2 ./Core/Src/stm32f0xx_it.o
                0x080040b2                PendSV_Handler
 .text.SysTick_Handler
                0x080040b4        0x8 ./Core/Src/stm32f0xx_it.o
                0x080040b4                SysTick_Handler
 .text.DMA1_Channel1_IRQHandler
                0x080040bc       0x10 ./Core/Src/stm32f0xx_it.o
                0x080040bc                DMA1_Channel1_IRQHandler
 .text.DMA1_Channel2_3_IRQHandler
                0x080040cc       0x10 ./Core/Src/stm32f0xx_it.o
                0x080040cc                DMA1_Channel2_3_IRQHandler
 .text.TIM3_IRQHandler
                0x080040dc       0x10 ./Core/Src/stm32f0xx_it.o
                0x080040dc                TIM3_IRQHandler
 .text.USART1_IRQHandler
                0x080040ec       0x10 ./Core/Src/stm32f0xx_it.o
                0x080040ec                USART1_IRQHandler
 .text._getpid  0x080040fc        0x4 ./Core/Src/syscalls.o
                0x080040fc                _getpid
 .text._kill    0x08004100       0x10 ./Core/Src/syscalls.o
                0x08004100                _kill
 .text._exit    0x08004110        0xc ./Core/Src/syscalls.o
                0x08004110                _exit
 .text._read    0x0800411c       0x1a ./Core/Src/syscalls.o
                0x0800411c                _read
 .text._write   0x08004136       0x1a ./Core/Src/syscalls.o
                0x08004136                _write
 .text._close   0x08004150        0x6 ./Core/Src/syscalls.o
                0x08004150                _close
 .text._fstat   0x08004156        0xa ./Core/Src/syscalls.o
                0x08004156                _fstat
 .text._isatty  0x08004160        0x4 ./Core/Src/syscalls.o
                0x08004160                _isatty
 .text._lseek   0x08004164        0x4 ./Core/Src/syscalls.o
                0x08004164                _lseek
 .text._sbrk    0x08004168       0x40 ./Core/Src/sysmem.o
                0x08004168                _sbrk
 .text.SystemInit
                0x080041a8        0x2 ./Core/Src/system_stm32f0xx.o
                0x080041a8                SystemInit
 .text.c2d      0x080041aa      0x120 ./Core/Src/tools/CControl/Sources/ControlEngineering/c2d.o
                0x080041aa                c2d
 .text.cab      0x080042ca      0x128 ./Core/Src/tools/CControl/Sources/ControlEngineering/cab.o
                0x080042ca                cab
 .text.RTYUI.isra.0
                0x080043f2       0x74 ./Core/Src/tools/CControl/Sources/ControlEngineering/dare.o
 .text.odefun   0x08004466      0x166 ./Core/Src/tools/CControl/Sources/ControlEngineering/dare.o
 .text.dare     0x080045cc       0x74 ./Core/Src/tools/CControl/Sources/ControlEngineering/dare.o
                0x080045cc                dare
 .text.lqe      0x08004640       0x86 ./Core/Src/tools/CControl/Sources/ControlEngineering/lqe.o
                0x08004640                lqe
 .text.RTYUI.isra.0
                0x080046c6       0x74 ./Core/Src/tools/CControl/Sources/ControlEngineering/lqr.o
 .text.lqr      0x0800473a       0xc4 ./Core/Src/tools/CControl/Sources/ControlEngineering/lqr.o
                0x0800473a                lqr
 .text.mpc_discrete_matrices
                0x080047fe       0xac ./Core/Src/tools/CControl/Sources/ControlEngineering/mpc.o
                0x080047fe                mpc_discrete_matrices
 .text.mpc_kalman_gain
                0x080048aa       0x64 ./Core/Src/tools/CControl/Sources/ControlEngineering/mpc.o
                0x080048aa                mpc_kalman_gain
 .text.mpc_vector
                0x0800490e       0x2e ./Core/Src/tools/CControl/Sources/ControlEngineering/mpc.o
                0x0800490e                mpc_vector
 .text.mpc_QZ_matrix
                0x0800493c       0x5e ./Core/Src/tools/CControl/Sources/ControlEngineering/mpc.o
                0x0800493c                mpc_QZ_matrix
 .text.mpc_S_matrix
                0x0800499a        0xa ./Core/Src/tools/CControl/Sources/ControlEngineering/mpc.o
                0x0800499a                mpc_S_matrix
 .text.mpc_HS_matrix
                0x080049a4      0x146 ./Core/Src/tools/CControl/Sources/ControlEngineering/mpc.o
                0x080049a4                mpc_HS_matrix
 .text.mpc_H_matrix
                0x08004aea       0x8c ./Core/Src/tools/CControl/Sources/ControlEngineering/mpc.o
                0x08004aea                mpc_H_matrix
 .text.mpc_Mx0_matrix
                0x08004b76       0x76 ./Core/Src/tools/CControl/Sources/ControlEngineering/mpc.o
                0x08004b76                mpc_Mx0_matrix
 .text.mpc_Mum1_matrix
                0x08004bec       0x5c ./Core/Src/tools/CControl/Sources/ControlEngineering/mpc.o
                0x08004bec                mpc_Mum1_matrix
 .text.mpc_MR_matrix
                0x08004c48       0x62 ./Core/Src/tools/CControl/Sources/ControlEngineering/mpc.o
                0x08004c48                mpc_MR_matrix
 .text.mpc_MD_matrix
                0x08004caa       0x7c ./Core/Src/tools/CControl/Sources/ControlEngineering/mpc.o
                0x08004caa                mpc_MD_matrix
 *fill*         0x08004d26        0x2 
 .text.mpc_Lambda_matrix
                0x08004d28       0xcc ./Core/Src/tools/CControl/Sources/ControlEngineering/mpc.o
                0x08004d28                mpc_Lambda_matrix
 .text.mpc_barSpsi_matrix
                0x08004df4        0xc ./Core/Src/tools/CControl/Sources/ControlEngineering/mpc.o
                0x08004df4                mpc_barSpsi_matrix
 .text.mpc_barspsi_vector
                0x08004e00       0x10 ./Core/Src/tools/CControl/Sources/ControlEngineering/mpc.o
                0x08004e00                mpc_barspsi_vector
 .text.mpc_barH_matrix
                0x08004e10       0x46 ./Core/Src/tools/CControl/Sources/ControlEngineering/mpc.o
                0x08004e10                mpc_barH_matrix
 .text.mpc_eta_vector
                0x08004e56       0x42 ./Core/Src/tools/CControl/Sources/ControlEngineering/mpc.o
                0x08004e56                mpc_eta_vector
 .text.mpc_antiwindup_vector
                0x08004e98       0x36 ./Core/Src/tools/CControl/Sources/ControlEngineering/mpc.o
                0x08004e98                mpc_antiwindup_vector
 .text.mpc_g_vector
                0x08004ece      0x112 ./Core/Src/tools/CControl/Sources/ControlEngineering/mpc.o
                0x08004ece                mpc_g_vector
 .text.mpc_Umin_vector
                0x08004fe0       0x38 ./Core/Src/tools/CControl/Sources/ControlEngineering/mpc.o
                0x08004fe0                mpc_Umin_vector
 .text.mpc_Umax_vector
                0x08005018       0x38 ./Core/Src/tools/CControl/Sources/ControlEngineering/mpc.o
                0x08005018                mpc_Umax_vector
 .text.mpc_barZmin_vector
                0x08005050       0x7e ./Core/Src/tools/CControl/Sources/ControlEngineering/mpc.o
                0x08005050                mpc_barZmin_vector
 .text.mpc_barg_vector
                0x080050ce       0x38 ./Core/Src/tools/CControl/Sources/ControlEngineering/mpc.o
                0x080050ce                mpc_barg_vector
 .text.mpc_barUmin_vector
                0x08005106       0x32 ./Core/Src/tools/CControl/Sources/ControlEngineering/mpc.o
                0x08005106                mpc_barUmin_vector
 .text.mpc_barUmax_vector
                0x08005138       0x38 ./Core/Src/tools/CControl/Sources/ControlEngineering/mpc.o
                0x08005138                mpc_barUmax_vector
 .text.mpc_bmin_vector
                0x08005170       0x54 ./Core/Src/tools/CControl/Sources/ControlEngineering/mpc.o
                0x08005170                mpc_bmin_vector
 .text.mpc_bmax_vector
                0x080051c4       0x60 ./Core/Src/tools/CControl/Sources/ControlEngineering/mpc.o
                0x080051c4                mpc_bmax_vector
 .text.mpc_AA_matrix
                0x08005224       0xcc ./Core/Src/tools/CControl/Sources/ControlEngineering/mpc.o
                0x08005224                mpc_AA_matrix
 .text.mpc_aqp_matrix
                0x080052f0       0x8c ./Core/Src/tools/CControl/Sources/ControlEngineering/mpc.o
                0x080052f0                mpc_aqp_matrix
 .text.mpc_bqp_vector
                0x0800537c       0x7e ./Core/Src/tools/CControl/Sources/ControlEngineering/mpc.o
                0x0800537c                mpc_bqp_vector
 .text.mpc_set_input_change_constraints
                0x080053fa       0x72 ./Core/Src/tools/CControl/Sources/ControlEngineering/mpc.o
                0x080053fa                mpc_set_input_change_constraints
 .text.mpc_set_output_constraints
                0x0800546c       0x52 ./Core/Src/tools/CControl/Sources/ControlEngineering/mpc.o
                0x0800546c                mpc_set_output_constraints
 .text.mpc_set_input_constraints
                0x080054be       0x1e ./Core/Src/tools/CControl/Sources/ControlEngineering/mpc.o
                0x080054be                mpc_set_input_constraints
 .text.mpc_init
                0x080054dc      0x35c ./Core/Src/tools/CControl/Sources/ControlEngineering/mpc.o
                0x080054dc                mpc_init
 .text.mpc_set_constraints
                0x08005838       0x2e ./Core/Src/tools/CControl/Sources/ControlEngineering/mpc.o
                0x08005838                mpc_set_constraints
 .text.mpc_optimize
                0x08005866      0x2f0 ./Core/Src/tools/CControl/Sources/ControlEngineering/mpc.o
                0x08005866                mpc_optimize
 .text.mpc_estimate
                0x08005b56      0x13e ./Core/Src/tools/CControl/Sources/ControlEngineering/mpc.o
                0x08005b56                mpc_estimate
 .text.mpc_free
                0x08005c94       0xc0 ./Core/Src/tools/CControl/Sources/ControlEngineering/mpc.o
                0x08005c94                mpc_free
 .text.obsv     0x08005d54       0xb2 ./Core/Src/tools/CControl/Sources/ControlEngineering/obsv.o
                0x08005d54                obsv
 *fill*         0x08005e06        0x2 
 .text.rk4args  0x08005e08      0x294 ./Core/Src/tools/CControl/Sources/DifferentialEquation/rk4args.o
                0x08005e08                rk4args
 .text.chol     0x0800609c       0xc8 ./Core/Src/tools/CControl/Sources/LinearAlgebra/chol.o
                0x0800609c                chol
 .text.dot      0x08006164       0x2e ./Core/Src/tools/CControl/Sources/LinearAlgebra/dot.o
                0x08006164                dot
 *fill*         0x08006192        0x2 
 .text.expm     0x08006194      0x138 ./Core/Src/tools/CControl/Sources/LinearAlgebra/expm.o
                0x08006194                expm
 .text.eye      0x080062cc       0x42 ./Core/Src/tools/CControl/Sources/LinearAlgebra/eye.o
                0x080062cc                eye
 *fill*         0x0800630e        0x2 
 .text.inv      0x08006310      0x15c ./Core/Src/tools/CControl/Sources/LinearAlgebra/inv.o
                0x08006310                inv
 .text.linsolve_lower_triangular
                0x0800646c       0x56 ./Core/Src/tools/CControl/Sources/LinearAlgebra/linsolve_lower_triangular.o
                0x0800646c                linsolve_lower_triangular
 *fill*         0x080064c2        0x2 
 .text.lup      0x080064c4      0x124 ./Core/Src/tools/CControl/Sources/LinearAlgebra/lup.o
                0x080064c4                lup
 .text.mul      0x080065e8       0x88 ./Core/Src/tools/CControl/Sources/LinearAlgebra/mul.o
                0x080065e8                mul
 .text.norm     0x08006670      0x15c ./Core/Src/tools/CControl/Sources/LinearAlgebra/norm.o
                0x08006670                norm
 .text.tran     0x080067cc       0x62 ./Core/Src/tools/CControl/Sources/LinearAlgebra/tran.o
                0x080067cc                tran
 .text.cut      0x0800682e       0x3c ./Core/Src/tools/CControl/Sources/Miscellaneous/cut.o
                0x0800682e                cut
 .text.insert   0x0800686a       0x38 ./Core/Src/tools/CControl/Sources/Miscellaneous/insert.o
                0x0800686a                insert
 .text.scalar   0x080068a2       0x1c ./Core/Src/tools/CControl/Sources/Miscellaneous/scalar.o
                0x080068a2                scalar
 *fill*         0x080068be        0x2 
 .text.sign     0x080068c0       0x2c ./Core/Src/tools/CControl/Sources/Miscellaneous/sign.o
                0x080068c0                sign
 .text.vmax     0x080068ec       0x14 ./Core/Src/tools/CControl/Sources/Miscellaneous/vmax.o
                0x080068ec                vmax
 .text.vmin     0x08006900       0x14 ./Core/Src/tools/CControl/Sources/Miscellaneous/vmin.o
                0x08006900                vmin
 .text.linsolve_upper_tran_triangular
                0x08006914       0x9c ./Core/Src/tools/CControl/Sources/Optimization/quadprogslim.o
 .text.optislim
                0x080069b0      0x254 ./Core/Src/tools/CControl/Sources/Optimization/quadprogslim.o
 .text.quadprogslim
                0x08006c04       0xe8 ./Core/Src/tools/CControl/Sources/Optimization/quadprogslim.o
                0x08006c04                quadprogslim
 .text.uint16_to_float
                0x08006cec       0x10 ./Core/Src/tools/conversions/conversions.o
                0x08006cec                uint16_to_float
 .text.float_to_uint16
                0x08006cfc       0x14 ./Core/Src/tools/conversions/conversions.o
                0x08006cfc                float_to_uint16
 .text.calibrate_value
                0x08006d10       0x74 ./Core/Src/tools/conversions/conversions.o
                0x08006d10                calibrate_value
 .text.Flash_Write_Data
                0x08006d84       0x54 ./Core/Src/tools/flash/flash.o
                0x08006d84                Flash_Write_Data
 .text.Flash_Read_Data
                0x08006dd8       0x20 ./Core/Src/tools/flash/flash.o
                0x08006dd8                Flash_Read_Data
 .text.read_serial
                0x08006df8       0x24 ./Core/Src/tools/modbus/modbus.o
                0x08006df8                read_serial
 .text.write_serial
                0x08006e1c       0x24 ./Core/Src/tools/modbus/modbus.o
                0x08006e1c                write_serial
 .text.modbus_set_serial_write
                0x08006e40        0xc ./Core/Src/tools/modbus/modbus.o
                0x08006e40                modbus_set_serial_write
 .text.modbus_set_serial_read
                0x08006e4c        0xc ./Core/Src/tools/modbus/modbus.o
                0x08006e4c                modbus_set_serial_read
 .text.modbus_set_serial_port
                0x08006e58       0x14 ./Core/Src/tools/modbus/modbus.o
                0x08006e58                modbus_set_serial_port
 .text.modbus_server_create_RTU
                0x08006e6c       0xc4 ./Core/Src/tools/modbus/modbus.o
                0x08006e6c                modbus_server_create_RTU
 .text.modbus_server_polling
                0x08006f30        0x8 ./Core/Src/tools/modbus/modbus.o
                0x08006f30                modbus_server_polling
 .text.modbus_server_set_digital_outputs
                0x08006f38        0x8 ./Core/Src/tools/modbus/modbus.o
                0x08006f38                modbus_server_set_digital_outputs
 .text.modbus_server_set_digital_inputs
                0x08006f40        0x8 ./Core/Src/tools/modbus/modbus.o
                0x08006f40                modbus_server_set_digital_inputs
 .text.modbus_server_get_analog_inputs
                0x08006f48        0x8 ./Core/Src/tools/modbus/modbus.o
                0x08006f48                modbus_server_get_analog_inputs
 .text.modbus_server_get_parameters_array
                0x08006f50        0x8 ./Core/Src/tools/modbus/modbus.o
                0x08006f50                modbus_server_get_parameters_array
 .text.handle_read_device_identification
                0x08006f58       0x48 ./Core/Src/tools/modbus/modbusserver.o
                0x08006f58                handle_read_device_identification
 .text.handle_read_device_identification_map
                0x08006fa0       0x1a ./Core/Src/tools/modbus/modbusserver.o
                0x08006fa0                handle_read_device_identification_map
 .text.handle_write_file_record
                0x08006fba       0x12 ./Core/Src/tools/modbus/modbusserver.o
                0x08006fba                handle_write_file_record
 .text.handle_read_file_record
                0x08006fcc       0x12 ./Core/Src/tools/modbus/modbusserver.o
                0x08006fcc                handle_read_file_record
 *fill*         0x08006fde        0x2 
 .text.handle_write_multiple_registers
                0x08006fe0       0x2c ./Core/Src/tools/modbus/modbusserver.o
                0x08006fe0                handle_write_multiple_registers
 .text.handle_write_multiple_coils
                0x0800700c       0x34 ./Core/Src/tools/modbus/modbusserver.o
                0x0800700c                handle_write_multiple_coils
 .text.handle_write_single_register
                0x08007040       0x18 ./Core/Src/tools/modbus/modbusserver.o
                0x08007040                handle_write_single_register
 .text.handle_write_single_coil
                0x08007058       0x24 ./Core/Src/tools/modbus/modbusserver.o
                0x08007058                handle_write_single_coil
 .text.handle_read_input_registers
                0x0800707c       0x2c ./Core/Src/tools/modbus/modbusserver.o
                0x0800707c                handle_read_input_registers
 .text.handle_read_holding_registers
                0x080070a8       0x2c ./Core/Src/tools/modbus/modbusserver.o
                0x080070a8                handle_read_holding_registers
 .text.handle_read_discrete_inputs
                0x080070d4       0x2c ./Core/Src/tools/modbus/modbusserver.o
                0x080070d4                handle_read_discrete_inputs
 .text.handle_read_coils
                0x08007100       0x2c ./Core/Src/tools/modbus/modbusserver.o
                0x08007100                handle_read_coils
 .text.modbus_polling
                0x0800712c       0x20 ./Core/Src/tools/modbus/modbusserver.o
                0x0800712c                modbus_polling
 .text.modbus_set_server_handle
                0x0800714c        0xc ./Core/Src/tools/modbus/modbusserver.o
                0x0800714c                modbus_set_server_handle
 .text.modbus_set_digital_outputs_on_server
                0x08007158       0x30 ./Core/Src/tools/modbus/modbusserver.o
                0x08007158                modbus_set_digital_outputs_on_server
 .text.modbus_set_digital_inputs_on_server
                0x08007188       0x30 ./Core/Src/tools/modbus/modbusserver.o
                0x08007188                modbus_set_digital_inputs_on_server
 .text.modbus_get_analog_inputs_on_server
                0x080071b8        0x8 ./Core/Src/tools/modbus/modbusserver.o
                0x080071b8                modbus_get_analog_inputs_on_server
 .text.modbus_get_parameters_on_server
                0x080071c0        0x8 ./Core/Src/tools/modbus/modbusserver.o
                0x080071c0                modbus_get_parameters_on_server
 .text.get_1    0x080071c8        0xc ./Core/Src/tools/modbus/nanomodbus/nanomodbus.o
 .text.put_1    0x080071d4        0xa ./Core/Src/tools/modbus/nanomodbus/nanomodbus.o
 .text.get_2    0x080071de       0x14 ./Core/Src/tools/modbus/nanomodbus/nanomodbus.o
 .text.put_2    0x080071f2       0x10 ./Core/Src/tools/modbus/nanomodbus/nanomodbus.o
 *fill*         0x08007202        0x2 
 .text.swap_regs
                0x08007204       0x1c ./Core/Src/tools/modbus/nanomodbus/nanomodbus.o
 .text.recv     0x08007220       0x36 ./Core/Src/tools/modbus/nanomodbus/nanomodbus.o
 .text.flush    0x08007256       0x14 ./Core/Src/tools/modbus/nanomodbus/nanomodbus.o
 *fill*         0x0800726a        0x2 
 .text.nmbs_crc_calc
                0x0800726c       0x3c ./Core/Src/tools/modbus/nanomodbus/nanomodbus.o
                0x0800726c                nmbs_crc_calc
 .text.recv_msg_footer
                0x080072a8       0x3c ./Core/Src/tools/modbus/nanomodbus/nanomodbus.o
 .text.recv_msg_header
                0x080072e4       0xde ./Core/Src/tools/modbus/nanomodbus/nanomodbus.o
 .text.send_msg
                0x080073c2       0x4a ./Core/Src/tools/modbus/nanomodbus/nanomodbus.o
 .text.recv_res_header
                0x0800740c       0x88 ./Core/Src/tools/modbus/nanomodbus/nanomodbus.o
 .text.recv_read_discrete_res
                0x08007494       0x52 ./Core/Src/tools/modbus/nanomodbus/nanomodbus.o
 .text.recv_read_registers_res
                0x080074e6       0x6c ./Core/Src/tools/modbus/nanomodbus/nanomodbus.o
 .text.put_msg_header
                0x08007552       0x54 ./Core/Src/tools/modbus/nanomodbus/nanomodbus.o
 .text.send_exception_msg
                0x080075a6       0x34 ./Core/Src/tools/modbus/nanomodbus/nanomodbus.o
 *fill*         0x080075da        0x2 
 .text.handle_read_discrete
                0x080075dc       0xd8 ./Core/Src/tools/modbus/nanomodbus/nanomodbus.o
 .text.handle_read_registers
                0x080076b4       0xe0 ./Core/Src/tools/modbus/nanomodbus/nanomodbus.o
 .text.nmbs_create
                0x08007794       0x54 ./Core/Src/tools/modbus/nanomodbus/nanomodbus.o
                0x08007794                nmbs_create
 .text.nmbs_set_read_timeout
                0x080077e8        0x4 ./Core/Src/tools/modbus/nanomodbus/nanomodbus.o
                0x080077e8                nmbs_set_read_timeout
 .text.nmbs_set_byte_timeout
                0x080077ec        0x4 ./Core/Src/tools/modbus/nanomodbus/nanomodbus.o
                0x080077ec                nmbs_set_byte_timeout
 .text.nmbs_platform_conf_create
                0x080077f0       0x20 ./Core/Src/tools/modbus/nanomodbus/nanomodbus.o
                0x080077f0                nmbs_platform_conf_create
 .text.recv_write_single_coil_res
                0x08007810       0x46 ./Core/Src/tools/modbus/nanomodbus/nanomodbus.o
                0x08007810                recv_write_single_coil_res
 .text.recv_read_file_record_res
                0x08007856       0x8a ./Core/Src/tools/modbus/nanomodbus/nanomodbus.o
                0x08007856                recv_read_file_record_res
 .text.recv_write_file_record_res
                0x080078e0       0xb8 ./Core/Src/tools/modbus/nanomodbus/nanomodbus.o
                0x080078e0                recv_write_file_record_res
 .text.recv_read_device_identification_res
                0x08007998      0x11a ./Core/Src/tools/modbus/nanomodbus/nanomodbus.o
                0x08007998                recv_read_device_identification_res
 *fill*         0x08007ab2        0x2 
 .text.nmbs_callbacks_create
                0x08007ab4       0x18 ./Core/Src/tools/modbus/nanomodbus/nanomodbus.o
                0x08007ab4                nmbs_callbacks_create
 .text.nmbs_server_create
                0x08007acc       0x4c ./Core/Src/tools/modbus/nanomodbus/nanomodbus.o
                0x08007acc                nmbs_server_create
 .text.nmbs_server_poll
                0x08007b18      0xb1c ./Core/Src/tools/modbus/nanomodbus/nanomodbus.o
                0x08007b18                nmbs_server_poll
 .text.Reset_Handler
                0x08008634       0x50 ./Core/Startup/startup_stm32f051r8tx.o
                0x08008634                Reset_Handler
 .text.Default_Handler
                0x08008684        0x2 ./Core/Startup/startup_stm32f051r8tx.o
                0x08008684                TIM1_CC_IRQHandler
                0x08008684                TSC_IRQHandler
                0x08008684                ADC1_COMP_IRQHandler
                0x08008684                PVD_IRQHandler
                0x08008684                I2C1_IRQHandler
                0x08008684                RCC_CRS_IRQHandler
                0x08008684                SPI1_IRQHandler
                0x08008684                TIM6_DAC_IRQHandler
                0x08008684                EXTI2_3_IRQHandler
                0x08008684                I2C2_IRQHandler
                0x08008684                TIM17_IRQHandler
                0x08008684                CEC_CAN_IRQHandler
                0x08008684                RTC_IRQHandler
                0x08008684                TIM16_IRQHandler
                0x08008684                EXTI4_15_IRQHandler
                0x08008684                Default_Handler
                0x08008684                TIM14_IRQHandler
                0x08008684                DMA1_Channel4_5_IRQHandler
                0x08008684                TIM15_IRQHandler
                0x08008684                EXTI0_1_IRQHandler
                0x08008684                SPI2_IRQHandler
                0x08008684                WWDG_IRQHandler
                0x08008684                TIM2_IRQHandler
                0x08008684                USART2_IRQHandler
                0x08008684                FLASH_IRQHandler
                0x08008684                TIM1_BRK_UP_TRG_COM_IRQHandler
 *fill*         0x08008686        0x2 
 .text.HAL_InitTick
                0x08008688       0x48 ./Drivers/STM32F0xx_HAL_Driver/Src/stm32f0xx_hal.o
                0x08008688                HAL_InitTick
 .text.HAL_Init
                0x080086d0       0x20 ./Drivers/STM32F0xx_HAL_Driver/Src/stm32f0xx_hal.o
                0x080086d0                HAL_Init
 .text.HAL_IncTick
                0x080086f0       0x18 ./Drivers/STM32F0xx_HAL_Driver/Src/stm32f0xx_hal.o
                0x080086f0                HAL_IncTick
 .text.HAL_GetTick
                0x08008708        0xc ./Drivers/STM32F0xx_HAL_Driver/Src/stm32f0xx_hal.o
                0x08008708                HAL_GetTick
 .text.ADC_ConversionStop
                0x08008714       0x5a ./Drivers/STM32F0xx_HAL_Driver/Src/stm32f0xx_hal_adc.o
 .text.ADC_Disable
                0x0800876e       0x78 ./Drivers/STM32F0xx_HAL_Driver/Src/stm32f0xx_hal_adc.o
 *fill*         0x080087e6        0x2 
 .text.ADC_Enable.constprop.0
                0x080087e8       0xa0 ./Drivers/STM32F0xx_HAL_Driver/Src/stm32f0xx_hal_adc.o
 .text.HAL_ADC_Init
                0x08008888      0x144 ./Drivers/STM32F0xx_HAL_Driver/Src/stm32f0xx_hal_adc.o
                0x08008888                HAL_ADC_Init
 .text.HAL_ADC_Stop
                0x080089cc       0x3c ./Drivers/STM32F0xx_HAL_Driver/Src/stm32f0xx_hal_adc.o
                0x080089cc                HAL_ADC_Stop
 .text.HAL_ADC_Start_DMA
                0x08008a08       0x94 ./Drivers/STM32F0xx_HAL_Driver/Src/stm32f0xx_hal_adc.o
                0x08008a08                HAL_ADC_Start_DMA
 .text.HAL_ADC_ConvCpltCallback
                0x08008a9c        0x2 ./Drivers/STM32F0xx_HAL_Driver/Src/stm32f0xx_hal_adc.o
                0x08008a9c                HAL_ADC_ConvCpltCallback
 *fill*         0x08008a9e        0x2 
 .text.ADC_DMAConvCplt
                0x08008aa0       0x70 ./Drivers/STM32F0xx_HAL_Driver/Src/stm32f0xx_hal_adc.o
 .text.HAL_ADC_ConvHalfCpltCallback
                0x08008b10        0x2 ./Drivers/STM32F0xx_HAL_Driver/Src/stm32f0xx_hal_adc.o
                0x08008b10                HAL_ADC_ConvHalfCpltCallback
 .text.ADC_DMAHalfConvCplt
                0x08008b12        0xa ./Drivers/STM32F0xx_HAL_Driver/Src/stm32f0xx_hal_adc.o
 .text.HAL_ADC_ErrorCallback
                0x08008b1c        0x2 ./Drivers/STM32F0xx_HAL_Driver/Src/stm32f0xx_hal_adc.o
                0x08008b1c                HAL_ADC_ErrorCallback
 .text.ADC_DMAError
                0x08008b1e       0x1a ./Drivers/STM32F0xx_HAL_Driver/Src/stm32f0xx_hal_adc.o
 .text.HAL_ADC_ConfigChannel
                0x08008b38      0x100 ./Drivers/STM32F0xx_HAL_Driver/Src/stm32f0xx_hal_adc.o
                0x08008b38                HAL_ADC_ConfigChannel
 .text.HAL_ADCEx_Calibration_Start
                0x08008c38       0xb0 ./Drivers/STM32F0xx_HAL_Driver/Src/stm32f0xx_hal_adc_ex.o
                0x08008c38                HAL_ADCEx_Calibration_Start
 .text.HAL_NVIC_SetPriority
                0x08008ce8       0x54 ./Drivers/STM32F0xx_HAL_Driver/Src/stm32f0xx_hal_cortex.o
                0x08008ce8                HAL_NVIC_SetPriority
 .text.HAL_NVIC_EnableIRQ
                0x08008d3c       0x18 ./Drivers/STM32F0xx_HAL_Driver/Src/stm32f0xx_hal_cortex.o
                0x08008d3c                HAL_NVIC_EnableIRQ
 .text.HAL_SYSTICK_Config
                0x08008d54       0x34 ./Drivers/STM32F0xx_HAL_Driver/Src/stm32f0xx_hal_cortex.o
                0x08008d54                HAL_SYSTICK_Config
 .text.HAL_DMA_Init
                0x08008d88       0x64 ./Drivers/STM32F0xx_HAL_Driver/Src/stm32f0xx_hal_dma.o
                0x08008d88                HAL_DMA_Init
 .text.HAL_DMA_Start_IT
                0x08008dec       0x78 ./Drivers/STM32F0xx_HAL_Driver/Src/stm32f0xx_hal_dma.o
                0x08008dec                HAL_DMA_Start_IT
 .text.HAL_DMA_Abort
                0x08008e64       0x3c ./Drivers/STM32F0xx_HAL_Driver/Src/stm32f0xx_hal_dma.o
                0x08008e64                HAL_DMA_Abort
 .text.HAL_DMA_Abort_IT
                0x08008ea0       0x42 ./Drivers/STM32F0xx_HAL_Driver/Src/stm32f0xx_hal_dma.o
                0x08008ea0                HAL_DMA_Abort_IT
 .text.HAL_DMA_IRQHandler
                0x08008ee2       0x92 ./Drivers/STM32F0xx_HAL_Driver/Src/stm32f0xx_hal_dma.o
                0x08008ee2                HAL_DMA_IRQHandler
 .text.FLASH_SetErrorCode
                0x08008f74       0x3c ./Drivers/STM32F0xx_HAL_Driver/Src/stm32f0xx_hal_flash.o
 .text.HAL_FLASH_Unlock
                0x08008fb0       0x28 ./Drivers/STM32F0xx_HAL_Driver/Src/stm32f0xx_hal_flash.o
                0x08008fb0                HAL_FLASH_Unlock
 .text.HAL_FLASH_Lock
                0x08008fd8       0x14 ./Drivers/STM32F0xx_HAL_Driver/Src/stm32f0xx_hal_flash.o
                0x08008fd8                HAL_FLASH_Lock
 .text.FLASH_WaitForLastOperation
                0x08008fec       0x54 ./Drivers/STM32F0xx_HAL_Driver/Src/stm32f0xx_hal_flash.o
                0x08008fec                FLASH_WaitForLastOperation
 .text.HAL_FLASH_Program
                0x08009040       0x8c ./Drivers/STM32F0xx_HAL_Driver/Src/stm32f0xx_hal_flash.o
                0x08009040                HAL_FLASH_Program
 .text.FLASH_MassErase
                0x080090cc       0x24 ./Drivers/STM32F0xx_HAL_Driver/Src/stm32f0xx_hal_flash_ex.o
 .text.FLASH_PageErase
                0x080090f0       0x24 ./Drivers/STM32F0xx_HAL_Driver/Src/stm32f0xx_hal_flash_ex.o
                0x080090f0                FLASH_PageErase
 .text.HAL_FLASHEx_Erase
                0x08009114       0x94 ./Drivers/STM32F0xx_HAL_Driver/Src/stm32f0xx_hal_flash_ex.o
                0x08009114                HAL_FLASHEx_Erase
 .text.HAL_GPIO_Init
                0x080091a8      0x170 ./Drivers/STM32F0xx_HAL_Driver/Src/stm32f0xx_hal_gpio.o
                0x080091a8                HAL_GPIO_Init
 .text.HAL_GPIO_ReadPin
                0x08009318        0xc ./Drivers/STM32F0xx_HAL_Driver/Src/stm32f0xx_hal_gpio.o
                0x08009318                HAL_GPIO_ReadPin
 .text.HAL_GPIO_WritePin
                0x08009324        0xc ./Drivers/STM32F0xx_HAL_Driver/Src/stm32f0xx_hal_gpio.o
                0x08009324                HAL_GPIO_WritePin
 .text.HAL_RCC_OscConfig
                0x08009330      0x3fc ./Drivers/STM32F0xx_HAL_Driver/Src/stm32f0xx_hal_rcc.o
                0x08009330                HAL_RCC_OscConfig
 .text.HAL_RCC_GetSysClockFreq
                0x0800972c       0x4c ./Drivers/STM32F0xx_HAL_Driver/Src/stm32f0xx_hal_rcc.o
                0x0800972c                HAL_RCC_GetSysClockFreq
 .text.HAL_RCC_ClockConfig
                0x08009778      0x108 ./Drivers/STM32F0xx_HAL_Driver/Src/stm32f0xx_hal_rcc.o
                0x08009778                HAL_RCC_ClockConfig
 .text.HAL_RCC_GetPCLK1Freq
                0x08009880       0x20 ./Drivers/STM32F0xx_HAL_Driver/Src/stm32f0xx_hal_rcc.o
                0x08009880                HAL_RCC_GetPCLK1Freq
 .text.HAL_RCCEx_PeriphCLKConfig
                0x080098a0      0x120 ./Drivers/STM32F0xx_HAL_Driver/Src/stm32f0xx_hal_rcc_ex.o
                0x080098a0                HAL_RCCEx_PeriphCLKConfig
 .text.TIM_OC1_SetConfig
                0x080099c0       0x70 ./Drivers/STM32F0xx_HAL_Driver/Src/stm32f0xx_hal_tim.o
 .text.TIM_OC3_SetConfig
                0x08009a30       0x88 ./Drivers/STM32F0xx_HAL_Driver/Src/stm32f0xx_hal_tim.o
 .text.TIM_OC4_SetConfig
                0x08009ab8       0x74 ./Drivers/STM32F0xx_HAL_Driver/Src/stm32f0xx_hal_tim.o
 .text.HAL_TIM_Base_Start_IT
                0x08009b2c       0x60 ./Drivers/STM32F0xx_HAL_Driver/Src/stm32f0xx_hal_tim.o
                0x08009b2c                HAL_TIM_Base_Start_IT
 .text.HAL_TIM_PWM_MspInit
                0x08009b8c        0x2 ./Drivers/STM32F0xx_HAL_Driver/Src/stm32f0xx_hal_tim.o
                0x08009b8c                HAL_TIM_PWM_MspInit
 .text.HAL_TIM_OC_DelayElapsedCallback
                0x08009b8e        0x2 ./Drivers/STM32F0xx_HAL_Driver/Src/stm32f0xx_hal_tim.o
                0x08009b8e                HAL_TIM_OC_DelayElapsedCallback
 .text.HAL_TIM_IC_CaptureCallback
                0x08009b90        0x2 ./Drivers/STM32F0xx_HAL_Driver/Src/stm32f0xx_hal_tim.o
                0x08009b90                HAL_TIM_IC_CaptureCallback
 .text.HAL_TIM_PWM_PulseFinishedCallback
                0x08009b92        0x2 ./Drivers/STM32F0xx_HAL_Driver/Src/stm32f0xx_hal_tim.o
                0x08009b92                HAL_TIM_PWM_PulseFinishedCallback
 .text.HAL_TIM_TriggerCallback
                0x08009b94        0x2 ./Drivers/STM32F0xx_HAL_Driver/Src/stm32f0xx_hal_tim.o
                0x08009b94                HAL_TIM_TriggerCallback
 .text.HAL_TIM_IRQHandler
                0x08009b96      0x138 ./Drivers/STM32F0xx_HAL_Driver/Src/stm32f0xx_hal_tim.o
                0x08009b96                HAL_TIM_IRQHandler
 *fill*         0x08009cce        0x2 
 .text.TIM_Base_SetConfig
                0x08009cd0       0x9c ./Drivers/STM32F0xx_HAL_Driver/Src/stm32f0xx_hal_tim.o
                0x08009cd0                TIM_Base_SetConfig
 .text.HAL_TIM_Base_Init
                0x08009d6c       0x50 ./Drivers/STM32F0xx_HAL_Driver/Src/stm32f0xx_hal_tim.o
                0x08009d6c                HAL_TIM_Base_Init
 .text.HAL_TIM_PWM_Init
                0x08009dbc       0x50 ./Drivers/STM32F0xx_HAL_Driver/Src/stm32f0xx_hal_tim.o
                0x08009dbc                HAL_TIM_PWM_Init
 .text.TIM_OC2_SetConfig
                0x08009e0c       0x80 ./Drivers/STM32F0xx_HAL_Driver/Src/stm32f0xx_hal_tim.o
                0x08009e0c                TIM_OC2_SetConfig
 .text.HAL_TIM_PWM_ConfigChannel
                0x08009e8c       0xc0 ./Drivers/STM32F0xx_HAL_Driver/Src/stm32f0xx_hal_tim.o
                0x08009e8c                HAL_TIM_PWM_ConfigChannel
 .text.TIM_ETR_SetConfig
                0x08009f4c       0x18 ./Drivers/STM32F0xx_HAL_Driver/Src/stm32f0xx_hal_tim.o
                0x08009f4c                TIM_ETR_SetConfig
 .text.HAL_TIM_ConfigClockSource
                0x08009f64      0x12c ./Drivers/STM32F0xx_HAL_Driver/Src/stm32f0xx_hal_tim.o
                0x08009f64                HAL_TIM_ConfigClockSource
 .text.TIM_CCxChannelCmd
                0x0800a090       0x1a ./Drivers/STM32F0xx_HAL_Driver/Src/stm32f0xx_hal_tim.o
                0x0800a090                TIM_CCxChannelCmd
 *fill*         0x0800a0aa        0x2 
 .text.HAL_TIM_OC_Start
                0x0800a0ac       0xc0 ./Drivers/STM32F0xx_HAL_Driver/Src/stm32f0xx_hal_tim.o
                0x0800a0ac                HAL_TIM_OC_Start
 .text.HAL_TIM_PWM_Start
                0x0800a16c        0x8 ./Drivers/STM32F0xx_HAL_Driver/Src/stm32f0xx_hal_tim.o
                0x0800a16c                HAL_TIM_PWM_Start
 .text.HAL_TIM_OC_Stop
                0x0800a174       0x94 ./Drivers/STM32F0xx_HAL_Driver/Src/stm32f0xx_hal_tim.o
                0x0800a174                HAL_TIM_OC_Stop
 .text.HAL_TIM_PWM_Stop
                0x0800a208        0x8 ./Drivers/STM32F0xx_HAL_Driver/Src/stm32f0xx_hal_tim.o
                0x0800a208                HAL_TIM_PWM_Stop
 .text.HAL_TIMEx_MasterConfigSynchronization
                0x0800a210       0x64 ./Drivers/STM32F0xx_HAL_Driver/Src/stm32f0xx_hal_tim_ex.o
                0x0800a210                HAL_TIMEx_MasterConfigSynchronization
 .text.HAL_TIMEx_CommutCallback
                0x0800a274        0x2 ./Drivers/STM32F0xx_HAL_Driver/Src/stm32f0xx_hal_tim_ex.o
                0x0800a274                HAL_TIMEx_CommutCallback
 .text.HAL_TIMEx_BreakCallback
                0x0800a276        0x2 ./Drivers/STM32F0xx_HAL_Driver/Src/stm32f0xx_hal_tim_ex.o
                0x0800a276                HAL_TIMEx_BreakCallback
 .text.UART_EndRxTransfer
                0x0800a278       0x5c ./Drivers/STM32F0xx_HAL_Driver/Src/stm32f0xx_hal_uart.o
 .text.HAL_UART_TxCpltCallback
                0x0800a2d4        0x2 ./Drivers/STM32F0xx_HAL_Driver/Src/stm32f0xx_hal_uart.o
                0x0800a2d4                HAL_UART_TxCpltCallback
 .text.HAL_UART_RxCpltCallback
                0x0800a2d6        0x2 ./Drivers/STM32F0xx_HAL_Driver/Src/stm32f0xx_hal_uart.o
                0x0800a2d6                HAL_UART_RxCpltCallback
 .text.HAL_UART_RxHalfCpltCallback
                0x0800a2d8        0x2 ./Drivers/STM32F0xx_HAL_Driver/Src/stm32f0xx_hal_uart.o
                0x0800a2d8                HAL_UART_RxHalfCpltCallback
 .text.HAL_UART_ErrorCallback
                0x0800a2da        0x2 ./Drivers/STM32F0xx_HAL_Driver/Src/stm32f0xx_hal_uart.o
                0x0800a2da                HAL_UART_ErrorCallback
 .text.UART_DMAError
                0x0800a2dc       0x68 ./Drivers/STM32F0xx_HAL_Driver/Src/stm32f0xx_hal_uart.o
 .text.UART_DMAAbortOnError
                0x0800a344       0x16 ./Drivers/STM32F0xx_HAL_Driver/Src/stm32f0xx_hal_uart.o
 *fill*         0x0800a35a        0x2 
 .text.HAL_UART_IRQHandler
                0x0800a35c      0x2bc ./Drivers/STM32F0xx_HAL_Driver/Src/stm32f0xx_hal_uart.o
                0x0800a35c                HAL_UART_IRQHandler
 .text.UART_DMARxHalfCplt
                0x0800a618       0x22 ./Drivers/STM32F0xx_HAL_Driver/Src/stm32f0xx_hal_uart.o
 *fill*         0x0800a63a        0x2 
 .text.UART_DMAReceiveCplt
                0x0800a63c       0x9c ./Drivers/STM32F0xx_HAL_Driver/Src/stm32f0xx_hal_uart.o
 .text.UART_SetConfig
                0x0800a6d8      0x130 ./Drivers/STM32F0xx_HAL_Driver/Src/stm32f0xx_hal_uart.o
                0x0800a6d8                UART_SetConfig
 .text.UART_AdvFeatureConfig
                0x0800a808       0xd0 ./Drivers/STM32F0xx_HAL_Driver/Src/stm32f0xx_hal_uart.o
                0x0800a808                UART_AdvFeatureConfig
 .text.UART_WaitOnFlagUntilTimeout
                0x0800a8d8       0x90 ./Drivers/STM32F0xx_HAL_Driver/Src/stm32f0xx_hal_uart.o
                0x0800a8d8                UART_WaitOnFlagUntilTimeout
 .text.HAL_UART_Transmit
                0x0800a968       0xcc ./Drivers/STM32F0xx_HAL_Driver/Src/stm32f0xx_hal_uart.o
                0x0800a968                HAL_UART_Transmit
 .text.UART_CheckIdleState
                0x0800aa34       0xc0 ./Drivers/STM32F0xx_HAL_Driver/Src/stm32f0xx_hal_uart.o
                0x0800aa34                UART_CheckIdleState
 .text.HAL_UART_Init
                0x0800aaf4       0x64 ./Drivers/STM32F0xx_HAL_Driver/Src/stm32f0xx_hal_uart.o
                0x0800aaf4                HAL_UART_Init
 .text.UART_Start_Receive_DMA
                0x0800ab58       0xa8 ./Drivers/STM32F0xx_HAL_Driver/Src/stm32f0xx_hal_uart.o
                0x0800ab58                UART_Start_Receive_DMA
 .text.HAL_UARTEx_WakeupCallback
                0x0800ac00        0x2 ./Drivers/STM32F0xx_HAL_Driver/Src/stm32f0xx_hal_uart_ex.o
                0x0800ac00                HAL_UARTEx_WakeupCallback
 .text.HAL_UARTEx_ReceiveToIdle_DMA
                0x0800ac02       0x62 ./Drivers/STM32F0xx_HAL_Driver/Src/stm32f0xx_hal_uart_ex.o
                0x0800ac02                HAL_UARTEx_ReceiveToIdle_DMA
 .text.calloc   0x0800ac64       0x14 C:/Users/danie/.eclipse/com.st.stm32cube.ide.mcu.rcp.product_1.18.1_566888382_win32_win32_x86_64/plugins/com.st.stm32cube.ide.mcu.externaltools.gnu-tools-for-stm32.13.3.rel1.win32_1.0.100.202509120712/tools/bin/../lib/gcc/arm-none-eabi/13.3.1/../../../../arm-none-eabi/lib/thumb/v6-m/nofp\libc_nano.a(libc_a-calloc.o)
                0x0800ac64                calloc
 .text._calloc_r
                0x0800ac78       0x5a C:/Users/danie/.eclipse/com.st.stm32cube.ide.mcu.rcp.product_1.18.1_566888382_win32_win32_x86_64/plugins/com.st.stm32cube.ide.mcu.externaltools.gnu-tools-for-stm32.13.3.rel1.win32_1.0.100.202509120712/tools/bin/../lib/gcc/arm-none-eabi/13.3.1/../../../../arm-none-eabi/lib/thumb/v6-m/nofp\libc_nano.a(libc_a-callocr.o)
                0x0800ac78                _calloc_r
 *fill*         0x0800acd2        0x2 
 .text.malloc   0x0800acd4       0x14 C:/Users/danie/.eclipse/com.st.stm32cube.ide.mcu.rcp.product_1.18.1_566888382_win32_win32_x86_64/plugins/com.st.stm32cube.ide.mcu.externaltools.gnu-tools-for-stm32.13.3.rel1.win32_1.0.100.202509120712/tools/bin/../lib/gcc/arm-none-eabi/13.3.1/../../../../arm-none-eabi/lib/thumb/v6-m/nofp\libc_nano.a(libc_a-malloc.o)
                0x0800acd4                malloc
 .text.free     0x0800ace8       0x14 C:/Users/danie/.eclipse/com.st.stm32cube.ide.mcu.rcp.product_1.18.1_566888382_win32_win32_x86_64/plugins/com.st.stm32cube.ide.mcu.externaltools.gnu-tools-for-stm32.13.3.rel1.win32_1.0.100.202509120712/tools/bin/../lib/gcc/arm-none-eabi/13.3.1/../../../../arm-none-eabi/lib/thumb/v6-m/nofp\libc_nano.a(libc_a-malloc.o)
                0x0800ace8                free
 .text.sbrk_aligned
                0x0800acfc       0x44 C:/Users/danie/.eclipse/com.st.stm32cube.ide.mcu.rcp.product_1.18.1_566888382_win32_win32_x86_64/plugins/com.st.stm32cube.ide.mcu.externaltools.gnu-tools-for-stm32.13.3.rel1.win32_1.0.100.202509120712/tools/bin/../lib/gcc/arm-none-eabi/13.3.1/../../../../arm-none-eabi/lib/thumb/v6-m/nofp\libc_nano.a(libc_a-mallocr.o)
 .text._malloc_r
                0x0800ad40      0x100 C:/Users/danie/.eclipse/com.st.stm32cube.ide.mcu.rcp.product_1.18.1_566888382_win32_win32_x86_64/plugins/com.st.stm32cube.ide.mcu.externaltools.gnu-tools-for-stm32.13.3.rel1.win32_1.0.100.202509120712/tools/bin/../lib/gcc/arm-none-eabi/13.3.1/../../../../arm-none-eabi/lib/thumb/v6-m/nofp\libc_nano.a(libc_a-mallocr.o)
                0x0800ad40                _malloc_r
 .text.__malloc_lock
                0x0800ae40       0x10 C:/Users/danie/.eclipse/com.st.stm32cube.ide.mcu.rcp.product_1.18.1_566888382_win32_win32_x86_64/plugins/com.st.stm32cube.ide.mcu.externaltools.gnu-tools-for-stm32.13.3.rel1.win32_1.0.100.202509120712/tools/bin/../lib/gcc/arm-none-eabi/13.3.1/../../../../arm-none-eabi/lib/thumb/v6-m/nofp\libc_nano.a(libc_a-mlock.o)
                0x0800ae40                __malloc_lock
 .text.__malloc_unlock
                0x0800ae50       0x10 C:/Users/danie/.eclipse/com.st.stm32cube.ide.mcu.rcp.product_1.18.1_566888382_win32_win32_x86_64/plugins/com.st.stm32cube.ide.mcu.externaltools.gnu-tools-for-stm32.13.3.rel1.win32_1.0.100.202509120712/tools/bin/../lib/gcc/arm-none-eabi/13.3.1/../../../../arm-none-eabi/lib/thumb/v6-m/nofp\libc_nano.a(libc_a-mlock.o)
                0x0800ae50                __malloc_unlock
 .text.__cvt    0x0800ae60       0xcc C:/Users/danie/.eclipse/com.st.stm32cube.ide.mcu.rcp.product_1.18.1_566888382_win32_win32_x86_64/plugins/com.st.stm32cube.ide.mcu.externaltools.gnu-tools-for-stm32.13.3.rel1.win32_1.0.100.202509120712/tools/bin/../lib/gcc/arm-none-eabi/13.3.1/../../../../arm-none-eabi/lib/thumb/v6-m/nofp\libc_nano.a(libc_a-nano-vfprintf_float.o)
                0x0800ae60                __cvt
 .text.__exponent
                0x0800af2c       0x7e C:/Users/danie/.eclipse/com.st.stm32cube.ide.mcu.rcp.product_1.18.1_566888382_win32_win32_x86_64/plugins/com.st.stm32cube.ide.mcu.externaltools.gnu-tools-for-stm32.13.3.rel1.win32_1.0.100.202509120712/tools/bin/../lib/gcc/arm-none-eabi/13.3.1/../../../../arm-none-eabi/lib/thumb/v6-m/nofp\libc_nano.a(libc_a-nano-vfprintf_float.o)
                0x0800af2c                __exponent
 *fill*         0x0800afaa        0x2 
 .text._printf_float
                0x0800afac      0x47c C:/Users/danie/.eclipse/com.st.stm32cube.ide.mcu.rcp.product_1.18.1_566888382_win32_win32_x86_64/plugins/com.st.stm32cube.ide.mcu.externaltools.gnu-tools-for-stm32.13.3.rel1.win32_1.0.100.202509120712/tools/bin/../lib/gcc/arm-none-eabi/13.3.1/../../../../arm-none-eabi/lib/thumb/v6-m/nofp\libc_nano.a(libc_a-nano-vfprintf_float.o)
                0x0800afac                _printf_float
 .text._printf_common
                0x0800b428       0xde C:/Users/danie/.eclipse/com.st.stm32cube.ide.mcu.rcp.product_1.18.1_566888382_win32_win32_x86_64/plugins/com.st.stm32cube.ide.mcu.externaltools.gnu-tools-for-stm32.13.3.rel1.win32_1.0.100.202509120712/tools/bin/../lib/gcc/arm-none-eabi/13.3.1/../../../../arm-none-eabi/lib/thumb/v6-m/nofp\libc_nano.a(libc_a-nano-vfprintf_i.o)
                0x0800b428                _printf_common
 *fill*         0x0800b506        0x2 
 .text._printf_i
                0x0800b508      0x218 C:/Users/danie/.eclipse/com.st.stm32cube.ide.mcu.rcp.product_1.18.1_566888382_win32_win32_x86_64/plugins/com.st.stm32cube.ide.mcu.externaltools.gnu-tools-for-stm32.13.3.rel1.win32_1.0.100.202509120712/tools/bin/../lib/gcc/arm-none-eabi/13.3.1/../../../../arm-none-eabi/lib/thumb/v6-m/nofp\libc_nano.a(libc_a-nano-vfprintf_i.o)
                0x0800b508                _printf_i
 .text.std      0x0800b720       0x6c C:/Users/danie/.eclipse/com.st.stm32cube.ide.mcu.rcp.product_1.18.1_566888382_win32_win32_x86_64/plugins/com.st.stm32cube.ide.mcu.externaltools.gnu-tools-for-stm32.13.3.rel1.win32_1.0.100.202509120712/tools/bin/../lib/gcc/arm-none-eabi/13.3.1/../../../../arm-none-eabi/lib/thumb/v6-m/nofp\libc_nano.a(libc_a-findfp.o)
 .text.stdio_exit_handler
                0x0800b78c       0x1c C:/Users/danie/.eclipse/com.st.stm32cube.ide.mcu.rcp.product_1.18.1_566888382_win32_win32_x86_64/plugins/com.st.stm32cube.ide.mcu.externaltools.gnu-tools-for-stm32.13.3.rel1.win32_1.0.100.202509120712/tools/bin/../lib/gcc/arm-none-eabi/13.3.1/../../../../arm-none-eabi/lib/thumb/v6-m/nofp\libc_nano.a(libc_a-findfp.o)
 .text.cleanup_stdio
                0x0800b7a8       0x3c C:/Users/danie/.eclipse/com.st.stm32cube.ide.mcu.rcp.product_1.18.1_566888382_win32_win32_x86_64/plugins/com.st.stm32cube.ide.mcu.externaltools.gnu-tools-for-stm32.13.3.rel1.win32_1.0.100.202509120712/tools/bin/../lib/gcc/arm-none-eabi/13.3.1/../../../../arm-none-eabi/lib/thumb/v6-m/nofp\libc_nano.a(libc_a-findfp.o)
 .text.global_stdio_init.part.0
                0x0800b7e4       0x3c C:/Users/danie/.eclipse/com.st.stm32cube.ide.mcu.rcp.product_1.18.1_566888382_win32_win32_x86_64/plugins/com.st.stm32cube.ide.mcu.externaltools.gnu-tools-for-stm32.13.3.rel1.win32_1.0.100.202509120712/tools/bin/../lib/gcc/arm-none-eabi/13.3.1/../../../../arm-none-eabi/lib/thumb/v6-m/nofp\libc_nano.a(libc_a-findfp.o)
 .text.__sfp_lock_acquire
                0x0800b820       0x10 C:/Users/danie/.eclipse/com.st.stm32cube.ide.mcu.rcp.product_1.18.1_566888382_win32_win32_x86_64/plugins/com.st.stm32cube.ide.mcu.externaltools.gnu-tools-for-stm32.13.3.rel1.win32_1.0.100.202509120712/tools/bin/../lib/gcc/arm-none-eabi/13.3.1/../../../../arm-none-eabi/lib/thumb/v6-m/nofp\libc_nano.a(libc_a-findfp.o)
                0x0800b820                __sfp_lock_acquire
 .text.__sfp_lock_release
                0x0800b830       0x10 C:/Users/danie/.eclipse/com.st.stm32cube.ide.mcu.rcp.product_1.18.1_566888382_win32_win32_x86_64/plugins/com.st.stm32cube.ide.mcu.externaltools.gnu-tools-for-stm32.13.3.rel1.win32_1.0.100.202509120712/tools/bin/../lib/gcc/arm-none-eabi/13.3.1/../../../../arm-none-eabi/lib/thumb/v6-m/nofp\libc_nano.a(libc_a-findfp.o)
                0x0800b830                __sfp_lock_release
 .text.__sinit  0x0800b840       0x30 C:/Users/danie/.eclipse/com.st.stm32cube.ide.mcu.rcp.product_1.18.1_566888382_win32_win32_x86_64/plugins/com.st.stm32cube.ide.mcu.externaltools.gnu-tools-for-stm32.13.3.rel1.win32_1.0.100.202509120712/tools/bin/../lib/gcc/arm-none-eabi/13.3.1/../../../../arm-none-eabi/lib/thumb/v6-m/nofp\libc_nano.a(libc_a-findfp.o)
                0x0800b840                __sinit
 .text._fwalk_sglue
                0x0800b870       0x38 C:/Users/danie/.eclipse/com.st.stm32cube.ide.mcu.rcp.product_1.18.1_566888382_win32_win32_x86_64/plugins/com.st.stm32cube.ide.mcu.externaltools.gnu-tools-for-stm32.13.3.rel1.win32_1.0.100.202509120712/tools/bin/../lib/gcc/arm-none-eabi/13.3.1/../../../../arm-none-eabi/lib/thumb/v6-m/nofp\libc_nano.a(libc_a-fwalk.o)
                0x0800b870                _fwalk_sglue
 .text.__sread  0x0800b8a8       0x28 C:/Users/danie/.eclipse/com.st.stm32cube.ide.mcu.rcp.product_1.18.1_566888382_win32_win32_x86_64/plugins/com.st.stm32cube.ide.mcu.externaltools.gnu-tools-for-stm32.13.3.rel1.win32_1.0.100.202509120712/tools/bin/../lib/gcc/arm-none-eabi/13.3.1/../../../../arm-none-eabi/lib/thumb/v6-m/nofp\libc_nano.a(libc_a-stdio.o)
                0x0800b8a8                __sread
 .text.__swrite
                0x0800b8d0       0x38 C:/Users/danie/.eclipse/com.st.stm32cube.ide.mcu.rcp.product_1.18.1_566888382_win32_win32_x86_64/plugins/com.st.stm32cube.ide.mcu.externaltools.gnu-tools-for-stm32.13.3.rel1.win32_1.0.100.202509120712/tools/bin/../lib/gcc/arm-none-eabi/13.3.1/../../../../arm-none-eabi/lib/thumb/v6-m/nofp\libc_nano.a(libc_a-stdio.o)
                0x0800b8d0                __swrite
 .text.__sseek  0x0800b908       0x2c C:/Users/danie/.eclipse/com.st.stm32cube.ide.mcu.rcp.product_1.18.1_566888382_win32_win32_x86_64/plugins/com.st.stm32cube.ide.mcu.externaltools.gnu-tools-for-stm32.13.3.rel1.win32_1.0.100.202509120712/tools/bin/../lib/gcc/arm-none-eabi/13.3.1/../../../../arm-none-eabi/lib/thumb/v6-m/nofp\libc_nano.a(libc_a-stdio.o)
                0x0800b908                __sseek
 .text.__sclose
                0x0800b934        0xc C:/Users/danie/.eclipse/com.st.stm32cube.ide.mcu.rcp.product_1.18.1_566888382_win32_win32_x86_64/plugins/com.st.stm32cube.ide.mcu.externaltools.gnu-tools-for-stm32.13.3.rel1.win32_1.0.100.202509120712/tools/bin/../lib/gcc/arm-none-eabi/13.3.1/../../../../arm-none-eabi/lib/thumb/v6-m/nofp\libc_nano.a(libc_a-stdio.o)
                0x0800b934                __sclose
 .text.memcmp   0x0800b940       0x1c C:/Users/danie/.eclipse/com.st.stm32cube.ide.mcu.rcp.product_1.18.1_566888382_win32_win32_x86_64/plugins/com.st.stm32cube.ide.mcu.externaltools.gnu-tools-for-stm32.13.3.rel1.win32_1.0.100.202509120712/tools/bin/../lib/gcc/arm-none-eabi/13.3.1/../../../../arm-none-eabi/lib/thumb/v6-m/nofp\libc_nano.a(libc_a-memcmp.o)
                0x0800b940                memcmp
 .text.memset   0x0800b95c       0x10 C:/Users/danie/.eclipse/com.st.stm32cube.ide.mcu.rcp.product_1.18.1_566888382_win32_win32_x86_64/plugins/com.st.stm32cube.ide.mcu.externaltools.gnu-tools-for-stm32.13.3.rel1.win32_1.0.100.202509120712/tools/bin/../lib/gcc/arm-none-eabi/13.3.1/../../../../arm-none-eabi/lib/thumb/v6-m/nofp\libc_nano.a(libc_a-memset.o)
                0x0800b95c                memset
 .text.strncpy  0x0800b96c       0x28 C:/Users/danie/.eclipse/com.st.stm32cube.ide.mcu.rcp.product_1.18.1_566888382_win32_win32_x86_64/plugins/com.st.stm32cube.ide.mcu.externaltools.gnu-tools-for-stm32.13.3.rel1.win32_1.0.100.202509120712/tools/bin/../lib/gcc/arm-none-eabi/13.3.1/../../../../arm-none-eabi/lib/thumb/v6-m/nofp\libc_nano.a(libc_a-strncpy.o)
                0x0800b96c                strncpy
 .text._localeconv_r
                0x0800b994        0x8 C:/Users/danie/.eclipse/com.st.stm32cube.ide.mcu.rcp.product_1.18.1_566888382_win32_win32_x86_64/plugins/com.st.stm32cube.ide.mcu.externaltools.gnu-tools-for-stm32.13.3.rel1.win32_1.0.100.202509120712/tools/bin/../lib/gcc/arm-none-eabi/13.3.1/../../../../arm-none-eabi/lib/thumb/v6-m/nofp\libc_nano.a(libc_a-localeconv.o)
                0x0800b994                _localeconv_r
 .text._close_r
                0x0800b99c       0x24 C:/Users/danie/.eclipse/com.st.stm32cube.ide.mcu.rcp.product_1.18.1_566888382_win32_win32_x86_64/plugins/com.st.stm32cube.ide.mcu.externaltools.gnu-tools-for-stm32.13.3.rel1.win32_1.0.100.202509120712/tools/bin/../lib/gcc/arm-none-eabi/13.3.1/../../../../arm-none-eabi/lib/thumb/v6-m/nofp\libc_nano.a(libc_a-closer.o)
                0x0800b99c                _close_r
 .text._lseek_r
                0x0800b9c0       0x28 C:/Users/danie/.eclipse/com.st.stm32cube.ide.mcu.rcp.product_1.18.1_566888382_win32_win32_x86_64/plugins/com.st.stm32cube.ide.mcu.externaltools.gnu-tools-for-stm32.13.3.rel1.win32_1.0.100.202509120712/tools/bin/../lib/gcc/arm-none-eabi/13.3.1/../../../../arm-none-eabi/lib/thumb/v6-m/nofp\libc_nano.a(libc_a-lseekr.o)
                0x0800b9c0                _lseek_r
 .text._read_r  0x0800b9e8       0x28 C:/Users/danie/.eclipse/com.st.stm32cube.ide.mcu.rcp.product_1.18.1_566888382_win32_win32_x86_64/plugins/com.st.stm32cube.ide.mcu.externaltools.gnu-tools-for-stm32.13.3.rel1.win32_1.0.100.202509120712/tools/bin/../lib/gcc/arm-none-eabi/13.3.1/../../../../arm-none-eabi/lib/thumb/v6-m/nofp\libc_nano.a(libc_a-readr.o)
                0x0800b9e8                _read_r
 .text._sbrk_r  0x0800ba10       0x24 C:/Users/danie/.eclipse/com.st.stm32cube.ide.mcu.rcp.product_1.18.1_566888382_win32_win32_x86_64/plugins/com.st.stm32cube.ide.mcu.externaltools.gnu-tools-for-stm32.13.3.rel1.win32_1.0.100.202509120712/tools/bin/../lib/gcc/arm-none-eabi/13.3.1/../../../../arm-none-eabi/lib/thumb/v6-m/nofp\libc_nano.a(libc_a-sbrkr.o)
                0x0800ba10                _sbrk_r
 .text._write_r
                0x0800ba34       0x28 C:/Users/danie/.eclipse/com.st.stm32cube.ide.mcu.rcp.product_1.18.1_566888382_win32_win32_x86_64/plugins/com.st.stm32cube.ide.mcu.externaltools.gnu-tools-for-stm32.13.3.rel1.win32_1.0.100.202509120712/tools/bin/../lib/gcc/arm-none-eabi/13.3.1/../../../../arm-none-eabi/lib/thumb/v6-m/nofp\libc_nano.a(libc_a-writer.o)
                0x0800ba34                _write_r
 .text.__errno  0x0800ba5c        0xc C:/Users/danie/.eclipse/com.st.stm32cube.ide.mcu.rcp.product_1.18.1_566888382_win32_win32_x86_64/plugins/com.st.stm32cube.ide.mcu.externaltools.gnu-tools-for-stm32.13.3.rel1.win32_1.0.100.202509120712/tools/bin/../lib/gcc/arm-none-eabi/13.3.1/../../../../arm-none-eabi/lib/thumb/v6-m/nofp\libc_nano.a(libc_a-errno.o)
                0x0800ba5c                __errno
 .text.__libc_init_array
                0x0800ba68       0x48 C:/Users/danie/.eclipse/com.st.stm32cube.ide.mcu.rcp.product_1.18.1_566888382_win32_win32_x86_64/plugins/com.st.stm32cube.ide.mcu.externaltools.gnu-tools-for-stm32.13.3.rel1.win32_1.0.100.202509120712/tools/bin/../lib/gcc/arm-none-eabi/13.3.1/../../../../arm-none-eabi/lib/thumb/v6-m/nofp\libc_nano.a(libc_a-init.o)
                0x0800ba68                __libc_init_array
 .text.__retarget_lock_init_recursive
                0x0800bab0        0x2 C:/Users/danie/.eclipse/com.st.stm32cube.ide.mcu.rcp.product_1.18.1_566888382_win32_win32_x86_64/plugins/com.st.stm32cube.ide.mcu.externaltools.gnu-tools-for-stm32.13.3.rel1.win32_1.0.100.202509120712/tools/bin/../lib/gcc/arm-none-eabi/13.3.1/../../../../arm-none-eabi/lib/thumb/v6-m/nofp\libc_nano.a(libc_a-lock.o)
                0x0800bab0                __retarget_lock_init_recursive
 .text.__retarget_lock_acquire_recursive
                0x0800bab2        0x2 C:/Users/danie/.eclipse/com.st.stm32cube.ide.mcu.rcp.product_1.18.1_566888382_win32_win32_x86_64/plugins/com.st.stm32cube.ide.mcu.externaltools.gnu-tools-for-stm32.13.3.rel1.win32_1.0.100.202509120712/tools/bin/../lib/gcc/arm-none-eabi/13.3.1/../../../../arm-none-eabi/lib/thumb/v6-m/nofp\libc_nano.a(libc_a-lock.o)
                0x0800bab2                __retarget_lock_acquire_recursive
 .text.__retarget_lock_release_recursive
                0x0800bab4        0x2 C:/Users/danie/.eclipse/com.st.stm32cube.ide.mcu.rcp.product_1.18.1_566888382_win32_win32_x86_64/plugins/com.st.stm32cube.ide.mcu.externaltools.gnu-tools-for-stm32.13.3.rel1.win32_1.0.100.202509120712/tools/bin/../lib/gcc/arm-none-eabi/13.3.1/../../../../arm-none-eabi/lib/thumb/v6-m/nofp\libc_nano.a(libc_a-lock.o)
                0x0800bab4                __retarget_lock_release_recursive
 .text.strcpy   0x0800bab6       0x10 C:/Users/danie/.eclipse/com.st.stm32cube.ide.mcu.rcp.product_1.18.1_566888382_win32_win32_x86_64/plugins/com.st.stm32cube.ide.mcu.externaltools.gnu-tools-for-stm32.13.3.rel1.win32_1.0.100.202509120712/tools/bin/../lib/gcc/arm-none-eabi/13.3.1/../../../../arm-none-eabi/lib/thumb/v6-m/nofp\libc_nano.a(libc_a-strcpy.o)
                0x0800bab6                strcpy
 .text.memchr   0x0800bac6       0x16 C:/Users/danie/.eclipse/com.st.stm32cube.ide.mcu.rcp.product_1.18.1_566888382_win32_win32_x86_64/plugins/com.st.stm32cube.ide.mcu.externaltools.gnu-tools-for-stm32.13.3.rel1.win32_1.0.100.202509120712/tools/bin/../lib/gcc/arm-none-eabi/13.3.1/../../../../arm-none-eabi/lib/thumb/v6-m/nofp\libc_nano.a(libc_a-memchr-stub.o)
                0x0800bac6                memchr
 .text.memcpy   0x0800badc       0x12 C:/Users/danie/.eclipse/com.st.stm32cube.ide.mcu.rcp.product_1.18.1_566888382_win32_win32_x86_64/plugins/com.st.stm32cube.ide.mcu.externaltools.gnu-tools-for-stm32.13.3.rel1.win32_1.0.100.202509120712/tools/bin/../lib/gcc/arm-none-eabi/13.3.1/../../../../arm-none-eabi/lib/thumb/v6-m/nofp\libc_nano.a(libc_a-memcpy-stub.o)
                0x0800badc                memcpy
 .text.quorem   0x0800baee      0x10a C:/Users/danie/.eclipse/com.st.stm32cube.ide.mcu.rcp.product_1.18.1_566888382_win32_win32_x86_64/plugins/com.st.stm32cube.ide.mcu.externaltools.gnu-tools-for-stm32.13.3.rel1.win32_1.0.100.202509120712/tools/bin/../lib/gcc/arm-none-eabi/13.3.1/../../../../arm-none-eabi/lib/thumb/v6-m/nofp\libc_nano.a(libc_a-dtoa.o)
 .text._dtoa_r  0x0800bbf8      0xbe0 C:/Users/danie/.eclipse/com.st.stm32cube.ide.mcu.rcp.product_1.18.1_566888382_win32_win32_x86_64/plugins/com.st.stm32cube.ide.mcu.externaltools.gnu-tools-for-stm32.13.3.rel1.win32_1.0.100.202509120712/tools/bin/../lib/gcc/arm-none-eabi/13.3.1/../../../../arm-none-eabi/lib/thumb/v6-m/nofp\libc_nano.a(libc_a-dtoa.o)
                0x0800bbf8                _dtoa_r
 .text._free_r  0x0800c7d8       0x94 C:/Users/danie/.eclipse/com.st.stm32cube.ide.mcu.rcp.product_1.18.1_566888382_win32_win32_x86_64/plugins/com.st.stm32cube.ide.mcu.externaltools.gnu-tools-for-stm32.13.3.rel1.win32_1.0.100.202509120712/tools/bin/../lib/gcc/arm-none-eabi/13.3.1/../../../../arm-none-eabi/lib/thumb/v6-m/nofp\libc_nano.a(libc_a-freer.o)
                0x0800c7d8                _free_r
 .text._Balloc  0x0800c86c       0x88 C:/Users/danie/.eclipse/com.st.stm32cube.ide.mcu.rcp.product_1.18.1_566888382_win32_win32_x86_64/plugins/com.st.stm32cube.ide.mcu.externaltools.gnu-tools-for-stm32.13.3.rel1.win32_1.0.100.202509120712/tools/bin/../lib/gcc/arm-none-eabi/13.3.1/../../../../arm-none-eabi/lib/thumb/v6-m/nofp\libc_nano.a(libc_a-mprec.o)
                0x0800c86c                _Balloc
 .text._Bfree   0x0800c8f4       0x48 C:/Users/danie/.eclipse/com.st.stm32cube.ide.mcu.rcp.product_1.18.1_566888382_win32_win32_x86_64/plugins/com.st.stm32cube.ide.mcu.externaltools.gnu-tools-for-stm32.13.3.rel1.win32_1.0.100.202509120712/tools/bin/../lib/gcc/arm-none-eabi/13.3.1/../../../../arm-none-eabi/lib/thumb/v6-m/nofp\libc_nano.a(libc_a-mprec.o)
                0x0800c8f4                _Bfree
 .text.__multadd
                0x0800c93c       0x88 C:/Users/danie/.eclipse/com.st.stm32cube.ide.mcu.rcp.product_1.18.1_566888382_win32_win32_x86_64/plugins/com.st.stm32cube.ide.mcu.externaltools.gnu-tools-for-stm32.13.3.rel1.win32_1.0.100.202509120712/tools/bin/../lib/gcc/arm-none-eabi/13.3.1/../../../../arm-none-eabi/lib/thumb/v6-m/nofp\libc_nano.a(libc_a-mprec.o)
                0x0800c93c                __multadd
 .text.__hi0bits
                0x0800c9c4       0x42 C:/Users/danie/.eclipse/com.st.stm32cube.ide.mcu.rcp.product_1.18.1_566888382_win32_win32_x86_64/plugins/com.st.stm32cube.ide.mcu.externaltools.gnu-tools-for-stm32.13.3.rel1.win32_1.0.100.202509120712/tools/bin/../lib/gcc/arm-none-eabi/13.3.1/../../../../arm-none-eabi/lib/thumb/v6-m/nofp\libc_nano.a(libc_a-mprec.o)
                0x0800c9c4                __hi0bits
 .text.__lo0bits
                0x0800ca06       0x5c C:/Users/danie/.eclipse/com.st.stm32cube.ide.mcu.rcp.product_1.18.1_566888382_win32_win32_x86_64/plugins/com.st.stm32cube.ide.mcu.externaltools.gnu-tools-for-stm32.13.3.rel1.win32_1.0.100.202509120712/tools/bin/../lib/gcc/arm-none-eabi/13.3.1/../../../../arm-none-eabi/lib/thumb/v6-m/nofp\libc_nano.a(libc_a-mprec.o)
                0x0800ca06                __lo0bits
 *fill*         0x0800ca62        0x2 
 .text.__i2b    0x0800ca64       0x30 C:/Users/danie/.eclipse/com.st.stm32cube.ide.mcu.rcp.product_1.18.1_566888382_win32_win32_x86_64/plugins/com.st.stm32cube.ide.mcu.externaltools.gnu-tools-for-stm32.13.3.rel1.win32_1.0.100.202509120712/tools/bin/../lib/gcc/arm-none-eabi/13.3.1/../../../../arm-none-eabi/lib/thumb/v6-m/nofp\libc_nano.a(libc_a-mprec.o)
                0x0800ca64                __i2b
 .text.__multiply
                0x0800ca94      0x154 C:/Users/danie/.eclipse/com.st.stm32cube.ide.mcu.rcp.product_1.18.1_566888382_win32_win32_x86_64/plugins/com.st.stm32cube.ide.mcu.externaltools.gnu-tools-for-stm32.13.3.rel1.win32_1.0.100.202509120712/tools/bin/../lib/gcc/arm-none-eabi/13.3.1/../../../../arm-none-eabi/lib/thumb/v6-m/nofp\libc_nano.a(libc_a-mprec.o)
                0x0800ca94                __multiply
 .text.__pow5mult
                0x0800cbe8       0xb8 C:/Users/danie/.eclipse/com.st.stm32cube.ide.mcu.rcp.product_1.18.1_566888382_win32_win32_x86_64/plugins/com.st.stm32cube.ide.mcu.externaltools.gnu-tools-for-stm32.13.3.rel1.win32_1.0.100.202509120712/tools/bin/../lib/gcc/arm-none-eabi/13.3.1/../../../../arm-none-eabi/lib/thumb/v6-m/nofp\libc_nano.a(libc_a-mprec.o)
                0x0800cbe8                __pow5mult
 .text.__lshift
                0x0800cca0       0xd8 C:/Users/danie/.eclipse/com.st.stm32cube.ide.mcu.rcp.product_1.18.1_566888382_win32_win32_x86_64/plugins/com.st.stm32cube.ide.mcu.externaltools.gnu-tools-for-stm32.13.3.rel1.win32_1.0.100.202509120712/tools/bin/../lib/gcc/arm-none-eabi/13.3.1/../../../../arm-none-eabi/lib/thumb/v6-m/nofp\libc_nano.a(libc_a-mprec.o)
                0x0800cca0                __lshift
 .text.__mcmp   0x0800cd78       0x36 C:/Users/danie/.eclipse/com.st.stm32cube.ide.mcu.rcp.product_1.18.1_566888382_win32_win32_x86_64/plugins/com.st.stm32cube.ide.mcu.externaltools.gnu-tools-for-stm32.13.3.rel1.win32_1.0.100.202509120712/tools/bin/../lib/gcc/arm-none-eabi/13.3.1/../../../../arm-none-eabi/lib/thumb/v6-m/nofp\libc_nano.a(libc_a-mprec.o)
                0x0800cd78                __mcmp
 *fill*         0x0800cdae        0x2 
 .text.__mdiff  0x0800cdb0      0x134 C:/Users/danie/.eclipse/com.st.stm32cube.ide.mcu.rcp.product_1.18.1_566888382_win32_win32_x86_64/plugins/com.st.stm32cube.ide.mcu.externaltools.gnu-tools-for-stm32.13.3.rel1.win32_1.0.100.202509120712/tools/bin/../lib/gcc/arm-none-eabi/13.3.1/../../../../arm-none-eabi/lib/thumb/v6-m/nofp\libc_nano.a(libc_a-mprec.o)
                0x0800cdb0                __mdiff
 .text.__d2b    0x0800cee4       0xc0 C:/Users/danie/.eclipse/com.st.stm32cube.ide.mcu.rcp.product_1.18.1_566888382_win32_win32_x86_64/plugins/com.st.stm32cube.ide.mcu.externaltools.gnu-tools-for-stm32.13.3.rel1.win32_1.0.100.202509120712/tools/bin/../lib/gcc/arm-none-eabi/13.3.1/../../../../arm-none-eabi/lib/thumb/v6-m/nofp\libc_nano.a(libc_a-mprec.o)
                0x0800cee4                __d2b
 .text.__sflush_r
                0x0800cfa4      0x10c C:/Users/danie/.eclipse/com.st.stm32cube.ide.mcu.rcp.product_1.18.1_566888382_win32_win32_x86_64/plugins/com.st.stm32cube.ide.mcu.externaltools.gnu-tools-for-stm32.13.3.rel1.win32_1.0.100.202509120712/tools/bin/../lib/gcc/arm-none-eabi/13.3.1/../../../../arm-none-eabi/lib/thumb/v6-m/nofp\libc_nano.a(libc_a-fflush.o)
                0x0800cfa4                __sflush_r
 .text._fflush_r
                0x0800d0b0       0x56 C:/Users/danie/.eclipse/com.st.stm32cube.ide.mcu.rcp.product_1.18.1_566888382_win32_win32_x86_64/plugins/com.st.stm32cube.ide.mcu.externaltools.gnu-tools-for-stm32.13.3.rel1.win32_1.0.100.202509120712/tools/bin/../lib/gcc/arm-none-eabi/13.3.1/../../../../arm-none-eabi/lib/thumb/v6-m/nofp\libc_nano.a(libc_a-fflush.o)
                0x0800d0b0                _fflush_r
 *fill*         0x0800d106        0x2 
 .text.__assert_func
                0x0800d108       0x3c C:/Users/danie/.eclipse/com.st.stm32cube.ide.mcu.rcp.product_1.18.1_566888382_win32_win32_x86_64/plugins/com.st.stm32cube.ide.mcu.externaltools.gnu-tools-for-stm32.13.3.rel1.win32_1.0.100.202509120712/tools/bin/../lib/gcc/arm-none-eabi/13.3.1/../../../../arm-none-eabi/lib/thumb/v6-m/nofp\libc_nano.a(libc_a-assert.o)
                0x0800d108                __assert_func
 .text.__ascii_mbtowc
                0x0800d144       0x24 C:/Users/danie/.eclipse/com.st.stm32cube.ide.mcu.rcp.product_1.18.1_566888382_win32_win32_x86_64/plugins/com.st.stm32cube.ide.mcu.externaltools.gnu-tools-for-stm32.13.3.rel1.win32_1.0.100.202509120712/tools/bin/../lib/gcc/arm-none-eabi/13.3.1/../../../../arm-none-eabi/lib/thumb/v6-m/nofp\libc_nano.a(libc_a-mbtowc_r.o)
                0x0800d144                __ascii_mbtowc
 .text.__ascii_wctomb
                0x0800d168       0x1a C:/Users/danie/.eclipse/com.st.stm32cube.ide.mcu.rcp.product_1.18.1_566888382_win32_win32_x86_64/plugins/com.st.stm32cube.ide.mcu.externaltools.gnu-tools-for-stm32.13.3.rel1.win32_1.0.100.202509120712/tools/bin/../lib/gcc/arm-none-eabi/13.3.1/../../../../arm-none-eabi/lib/thumb/v6-m/nofp\libc_nano.a(libc_a-wctomb_r.o)
                0x0800d168                __ascii_wctomb
 *fill*         0x0800d182        0x2 
 .text.fprintf  0x0800d184       0x20 C:/Users/danie/.eclipse/com.st.stm32cube.ide.mcu.rcp.product_1.18.1_566888382_win32_win32_x86_64/plugins/com.st.stm32cube.ide.mcu.externaltools.gnu-tools-for-stm32.13.3.rel1.win32_1.0.100.202509120712/tools/bin/../lib/gcc/arm-none-eabi/13.3.1/../../../../arm-none-eabi/lib/thumb/v6-m/nofp\libc_nano.a(libc_a-fprintf.o)
                0x0800d184                fiprintf
                0x0800d184                fprintf
 .text.abort    0x0800d1a4        0xe C:/Users/danie/.eclipse/com.st.stm32cube.ide.mcu.rcp.product_1.18.1_566888382_win32_win32_x86_64/plugins/com.st.stm32cube.ide.mcu.externaltools.gnu-tools-for-stm32.13.3.rel1.win32_1.0.100.202509120712/tools/bin/../lib/gcc/arm-none-eabi/13.3.1/../../../../arm-none-eabi/lib/thumb/v6-m/nofp\libc_nano.a(libc_a-abort.o)
                0x0800d1a4                abort
 .text.__sfputc_r
                0x0800d1b2       0x2a C:/Users/danie/.eclipse/com.st.stm32cube.ide.mcu.rcp.product_1.18.1_566888382_win32_win32_x86_64/plugins/com.st.stm32cube.ide.mcu.externaltools.gnu-tools-for-stm32.13.3.rel1.win32_1.0.100.202509120712/tools/bin/../lib/gcc/arm-none-eabi/13.3.1/../../../../arm-none-eabi/lib/thumb/v6-m/nofp\libc_nano.a(libc_a-nano-vfprintf.o)
 .text.__sfputs_r
                0x0800d1dc       0x24 C:/Users/danie/.eclipse/com.st.stm32cube.ide.mcu.rcp.product_1.18.1_566888382_win32_win32_x86_64/plugins/com.st.stm32cube.ide.mcu.externaltools.gnu-tools-for-stm32.13.3.rel1.win32_1.0.100.202509120712/tools/bin/../lib/gcc/arm-none-eabi/13.3.1/../../../../arm-none-eabi/lib/thumb/v6-m/nofp\libc_nano.a(libc_a-nano-vfprintf.o)
                0x0800d1dc                __sfputs_r
 .text._vfprintf_r
                0x0800d200      0x238 C:/Users/danie/.eclipse/com.st.stm32cube.ide.mcu.rcp.product_1.18.1_566888382_win32_win32_x86_64/plugins/com.st.stm32cube.ide.mcu.externaltools.gnu-tools-for-stm32.13.3.rel1.win32_1.0.100.202509120712/tools/bin/../lib/gcc/arm-none-eabi/13.3.1/../../../../arm-none-eabi/lib/thumb/v6-m/nofp\libc_nano.a(libc_a-nano-vfprintf.o)