Archive member included to satisfy reference by file (symbol)

C:/ST/STM32CubeIDE_1.16.0/STM32CubeIDE/plugins/com.st.stm32cube.ide.mcu.externaltools.gnu-tools-for-stm32.12.3.rel1.win32_1.0.200.202406191623/tools/bin/../lib/gcc/arm-none-eabi/12.3.1/../../../../arm-none-eabi/lib/thumb/v6-m/nofp\libc_nano.a(libc_a-calloc.o)
                              ./Core/Src/tools/CControl/Sources/Optimization/quadprog.o (calloc)
C:/ST/STM32CubeIDE_1.16.0/STM32CubeIDE/plugins/com.st.stm32cube.ide.mcu.externaltools.gnu-tools-for-stm32.12.3.rel1.win32_1.0.200.202406191623/tools/bin/../lib/gcc/arm-none-eabi/12.3.1/../../../../arm-none-eabi/lib/thumb/v6-m/nofp\libc_nano.a(libc_a-callocr.o)
                              C:/ST/STM32CubeIDE_1.16.0/STM32CubeIDE/plugins/com.st.stm32cube.ide.mcu.externaltools.gnu-tools-for-stm32.12.3.rel1.win32_1.0.200.202406191623/tools/bin/../lib/gcc/arm-none-eabi/12.3.1/../../../../arm-none-eabi/lib/thumb/v6-m/nofp\libc_nano.a(libc_a-calloc.o) (_calloc_r)
C:/ST/STM32CubeIDE_1.16.0/STM32CubeIDE/plugins/com.st.stm32cube.ide.mcu.externaltools.gnu-tools-for-stm32.12.3.rel1.win32_1.0.200.202406191623/tools/bin/../lib/gcc/arm-none-eabi/12.3.1/../../../../arm-none-eabi/lib/thumb/v6-m/nofp\libc_nano.a(libc_a-exit.o)
                              C:/ST/STM32CubeIDE_1.16.0/STM32CubeIDE/plugins/com.st.stm32cube.ide.mcu.externaltools.gnu-tools-for-stm32.12.3.rel1.win32_1.0.200.202406191623/tools/bin/../lib/gcc/arm-none-eabi/12.3.1/../../../../arm-none-eabi/lib/thumb/v6-m/nofp/crt0.o (exit)
C:/ST/STM32CubeIDE_1.16.0/STM32CubeIDE/plugins/com.st.stm32cube.ide.mcu.externaltools.gnu-tools-for-stm32.12.3.rel1.win32_1.0.200.202406191623/tools/bin/../lib/gcc/arm-none-eabi/12.3.1/../../../../arm-none-eabi/lib/thumb/v6-m/nofp\libc_nano.a(libc_a-malloc.o)
                              ./Core/Src/tools/CControl/Sources/ControlEngineering/c2d.o (malloc)
C:/ST/STM32CubeIDE_1.16.0/STM32CubeIDE/plugins/com.st.stm32cube.ide.mcu.externaltools.gnu-tools-for-stm32.12.3.rel1.win32_1.0.200.202406191623/tools/bin/../lib/gcc/arm-none-eabi/12.3.1/../../../../arm-none-eabi/lib/thumb/v6-m/nofp\libc_nano.a(libc_a-mallocr.o)
                              C:/ST/STM32CubeIDE_1.16.0/STM32CubeIDE/plugins/com.st.stm32cube.ide.mcu.externaltools.gnu-tools-for-stm32.12.3.rel1.win32_1.0.200.202406191623/tools/bin/../lib/gcc/arm-none-eabi/12.3.1/../../../../arm-none-eabi/lib/thumb/v6-m/nofp\libc_nano.a(libc_a-callocr.o) (_malloc_r)
C:/ST/STM32CubeIDE_1.16.0/STM32CubeIDE/plugins/com.st.stm32cube.ide.mcu.externaltools.gnu-tools-for-stm32.12.3.rel1.win32_1.0.200.202406191623/tools/bin/../lib/gcc/arm-none-eabi/12.3.1/../../../../arm-none-eabi/lib/thumb/v6-m/nofp\libc_nano.a(libc_a-mlock.o)
                              C:/ST/STM32CubeIDE_1.16.0/STM32CubeIDE/plugins/com.st.stm32cube.ide.mcu.externaltools.gnu-tools-for-stm32.12.3.rel1.win32_1.0.200.202406191623/tools/bin/../lib/gcc/arm-none-eabi/12.3.1/../../../../arm-none-eabi/lib/thumb/v6-m/nofp\libc_nano.a(libc_a-mallocr.o) (__malloc_lock)
C:/ST/STM32CubeIDE_1.16.0/STM32CubeIDE/plugins/com.st.stm32cube.ide.mcu.externaltools.gnu-tools-for-stm32.12.3.rel1.win32_1.0.200.202406191623/tools/bin/../lib/gcc/arm-none-eabi/12.3.1/../../../../arm-none-eabi/lib/thumb/v6-m/nofp\libc_nano.a(libc_a-nano-vfprintf_float.o)
                              (_printf_float)
C:/ST/STM32CubeIDE_1.16.0/STM32CubeIDE/plugins/com.st.stm32cube.ide.mcu.externaltools.gnu-tools-for-stm32.12.3.rel1.win32_1.0.200.202406191623/tools/bin/../lib/gcc/arm-none-eabi/12.3.1/../../../../arm-none-eabi/lib/thumb/v6-m/nofp\libc_nano.a(libc_a-nano-vfprintf_i.o)
                              C:/ST/STM32CubeIDE_1.16.0/STM32CubeIDE/plugins/com.st.stm32cube.ide.mcu.externaltools.gnu-tools-for-stm32.12.3.rel1.win32_1.0.200.202406191623/tools/bin/../lib/gcc/arm-none-eabi/12.3.1/../../../../arm-none-eabi/lib/thumb/v6-m/nofp\libc_nano.a(libc_a-nano-vfprintf_float.o) (_printf_common)
C:/ST/STM32CubeIDE_1.16.0/STM32CubeIDE/plugins/com.st.stm32cube.ide.mcu.externaltools.gnu-tools-for-stm32.12.3.rel1.win32_1.0.200.202406191623/tools/bin/../lib/gcc/arm-none-eabi/12.3.1/../../../../arm-none-eabi/lib/thumb/v6-m/nofp\libc_nano.a(libc_a-findfp.o)
                              C:/ST/STM32CubeIDE_1.16.0/STM32CubeIDE/plugins/com.st.stm32cube.ide.mcu.externaltools.gnu-tools-for-stm32.12.3.rel1.win32_1.0.200.202406191623/tools/bin/../lib/gcc/arm-none-eabi/12.3.1/../../../../arm-none-eabi/lib/thumb/v6-m/nofp\libc_nano.a(libc_a-exit.o) (__stdio_exit_handler)
C:/ST/STM32CubeIDE_1.16.0/STM32CubeIDE/plugins/com.st.stm32cube.ide.mcu.externaltools.gnu-tools-for-stm32.12.3.rel1.win32_1.0.200.202406191623/tools/bin/../lib/gcc/arm-none-eabi/12.3.1/../../../../arm-none-eabi/lib/thumb/v6-m/nofp\libc_nano.a(libc_a-fwalk.o)
[...]
Memory Configuration

Name             Origin             Length             Attributes
RAM              0x20000000         0x00002000         xrw
FLASH            0x08000000         0x00010000         xr
*default*        0x00000000         0xffffffff

Linker script and memory map

LOAD C:/ST/STM32CubeIDE_1.16.0/STM32CubeIDE/plugins/com.st.stm32cube.ide.mcu.externaltools.gnu-tools-for-stm32.12.3.rel1.win32_1.0.200.202406191623/tools/bin/../lib/gcc/arm-none-eabi/12.3.1/thumb/v6-m/nofp/crti.o
LOAD C:/ST/STM32CubeIDE_1.16.0/STM32CubeIDE/plugins/com.st.stm32cube.ide.mcu.externaltools.gnu-tools-for-stm32.12.3.rel1.win32_1.0.200.202406191623/tools/bin/../lib/gcc/arm-none-eabi/12.3.1/thumb/v6-m/nofp/crtbegin.o
LOAD C:/ST/STM32CubeIDE_1.16.0/STM32CubeIDE/plugins/com.st.stm32cube.ide.mcu.externaltools.gnu-tools-for-stm32.12.3.rel1.win32_1.0.200.202406191623/tools/bin/../lib/gcc/arm-none-eabi/12.3.1/../../../../arm-none-eabi/lib/thumb/v6-m/nofp/crt0.o
LOAD ./Core/Src/main.o
LOAD ./Core/Src/stm32f0xx_hal_msp.o
LOAD ./Core/Src/stm32f0xx_it.o
LOAD ./Core/Src/syscalls.o
LOAD ./Core/Src/sysmem.o
LOAD ./Core/Src/system_stm32f0xx.o
LOAD ./Core/Src/tools/CControl/Sources/ControlEngineering/c2d.o
LOAD ./Core/Src/tools/CControl/Sources/ControlEngineering/cab.o
LOAD ./Core/Src/tools/CControl/Sources/ControlEngineering/dare.o
LOAD ./Core/Src/tools/CControl/Sources/ControlEngineering/lqe.o
LOAD ./Core/Src/tools/CControl/Sources/ControlEngineering/lqr.o
LOAD ./Core/Src/tools/CControl/Sources/ControlEngineering/mpc.o
LOAD ./Core/Src/tools/CControl/Sources/ControlEngineering/obsv.o
LOAD ./Core/Src/tools/CControl/Sources/DifferentialEquation/rk4args.o
LOAD ./Core/Src/tools/CControl/Sources/LinearAlgebra/chol.o
LOAD ./Core/Src/tools/CControl/Sources/LinearAlgebra/dot.o
LOAD ./Core/Src/tools/CControl/Sources/LinearAlgebra/expm.o
LOAD ./Core/Src/tools/CControl/Sources/LinearAlgebra/eye.o
LOAD ./Core/Src/tools/CControl/Sources/LinearAlgebra/inv.o
LOAD ./Core/Src/tools/CControl/Sources/LinearAlgebra/linsolve_chol.o
LOAD ./Core/Src/tools/CControl/Sources/LinearAlgebra/linsolve_lower_triangular.o
LOAD ./Core/Src/tools/CControl/Sources/LinearAlgebra/linsolve_upper_triangular.o
LOAD ./Core/Src/tools/CControl/Sources/LinearAlgebra/lup.o
LOAD ./Core/Src/tools/CControl/Sources/LinearAlgebra/mul.o
LOAD ./Core/Src/tools/CControl/Sources/LinearAlgebra/norm.o
LOAD ./Core/Src/tools/CControl/Sources/LinearAlgebra/tran.o
LOAD ./Core/Src/tools/CControl/Sources/Miscellaneous/cut.o
LOAD ./Core/Src/tools/CControl/Sources/Miscellaneous/insert.o
LOAD ./Core/Src/tools/CControl/Sources/Miscellaneous/scalar.o
LOAD ./Core/Src/tools/CControl/Sources/Miscellaneous/sign.o
LOAD ./Core/Src/tools/CControl/Sources/Miscellaneous/vmax.o
LOAD ./Core/Src/tools/CControl/Sources/Miscellaneous/vmin.o
LOAD ./Core/Src/tools/CControl/Sources/Optimization/quadprog.o
LOAD ./Core/Src/tools/CControl/Sources/Optimization/quadprogslim.o
LOAD ./Core/Src/tools/conversions/conversions.o
LOAD ./Core/Src/tools/flash/flash.o
LOAD ./Core/Src/tools/modbus/modbus.o
LOAD ./Core/Src/tools/modbus/modbusclient.o
LOAD ./Core/Src/tools/modbus/modbusserver.o
LOAD ./Core/Src/tools/modbus/nanomodbus/nanomodbus.o
LOAD ./Core/Startup/startup_stm32f051r8tx.o
LOAD ./Drivers/STM32F0xx_HAL_Driver/Src/stm32f0xx_hal.o
LOAD ./Drivers/STM32F0xx_HAL_Driver/Src/stm32f0xx_hal_adc.o
LOAD ./Drivers/STM32F0xx_HAL_Driver/Src/stm32f0xx_hal_adc_ex.o
LOAD ./Drivers/STM32F0xx_HAL_Driver/Src/stm32f0xx_hal_cortex.o
LOAD ./Drivers/STM32F0xx_HAL_Driver/Src/stm32f0xx_hal_dma.o
LOAD ./Drivers/STM32F0xx_HAL_Driver/Src/stm32f0xx_hal_exti.o
LOAD ./Drivers/STM32F0xx_HAL_Driver/Src/stm32f0xx_hal_flash.o
LOAD ./Drivers/STM32F0xx_HAL_Driver/Src/stm32f0xx_hal_flash_ex.o
LOAD ./Drivers/STM32F0xx_HAL_Driver/Src/stm32f0xx_hal_gpio.o
LOAD ./Drivers/STM32F0xx_HAL_Driver/Src/stm32f0xx_hal_i2c.o
LOAD ./Drivers/STM32F0xx_HAL_Driver/Src/stm32f0xx_hal_i2c_ex.o
LOAD ./Drivers/STM32F0xx_HAL_Driver/Src/stm32f0xx_hal_pwr.o
LOAD ./Drivers/STM32F0xx_HAL_Driver/Src/stm32f0xx_hal_pwr_ex.o
LOAD ./Drivers/STM32F0xx_HAL_Driver/Src/stm32f0xx_hal_rcc.o
LOAD ./Drivers/STM32F0xx_HAL_Driver/Src/stm32f0xx_hal_rcc_ex.o
LOAD ./Drivers/STM32F0xx_HAL_Driver/Src/stm32f0xx_hal_tim.o
LOAD ./Drivers/STM32F0xx_HAL_Driver/Src/stm32f0xx_hal_tim_ex.o
LOAD ./Drivers/STM32F0xx_HAL_Driver/Src/stm32f0xx_hal_uart.o
LOAD ./Drivers/STM32F0xx_HAL_Driver/Src/stm32f0xx_hal_uart_ex.o
START GROUP
LOAD C:/ST/STM32CubeIDE_1.16.0/STM32CubeIDE/plugins/com.st.stm32cube.ide.mcu.externaltools.gnu-tools-for-stm32.12.3.rel1.win32_1.0.200.202406191623/tools/bin/../lib/gcc/arm-none-eabi/12.3.1/../../../../arm-none-eabi/lib/thumb/v6-m/nofp\libc_nano.a
LOAD C:/ST/STM32CubeIDE_1.16.0/STM32CubeIDE/plugins/com.st.stm32cube.ide.mcu.externaltools.gnu-tools-for-stm32.12.3.rel1.win32_1.0.200.202406191623/tools/bin/../lib/gcc/arm-none-eabi/12.3.1/../../../../arm-none-eabi/lib/thumb/v6-m/nofp\libm.a
END GROUP
START GROUP
LOAD C:/ST/STM32CubeIDE_1.16.0/STM32CubeIDE/plugins/com.st.stm32cube.ide.mcu.externaltools.gnu-tools-for-stm32.12.3.rel1.win32_1.0.200.202406191623/tools/bin/../lib/gcc/arm-none-eabi/12.3.1/thumb/v6-m/nofp\libgcc.a
LOAD C:/ST/STM32CubeIDE_1.16.0/STM32CubeIDE/plugins/com.st.stm32cube.ide.mcu.externaltools.gnu-tools-for-stm32.12.3.rel1.win32_1.0.200.202406191623/tools/bin/../lib/gcc/arm-none-eabi/12.3.1/../../../../arm-none-eabi/lib/thumb/v6-m/nofp\libc_nano.a
END GROUP
START GROUP
LOAD C:/ST/STM32CubeIDE_1.16.0/STM32CubeIDE/plugins/com.st.stm32cube.ide.mcu.externaltools.gnu-tools-for-stm32.12.3.rel1.win32_1.0.200.202406191623/tools/bin/../lib/gcc/arm-none-eabi/12.3.1/thumb/v6-m/nofp\libgcc.a
LOAD C:/ST/STM32CubeIDE_1.16.0/STM32CubeIDE/plugins/com.st.stm32cube.ide.mcu.externaltools.gnu-tools-for-stm32.12.3.rel1.win32_1.0.200.202406191623/tools/bin/../lib/gcc/arm-none-eabi/12.3.1/../../../../arm-none-eabi/lib/thumb/v6-m/nofp\libc_nano.a
LOAD C:/ST/STM32CubeIDE_1.16.0/STM32CubeIDE/plugins/com.st.stm32cube.ide.mcu.externaltools.gnu-tools-for-stm32.12.3.rel1.win32_1.0.200.202406191623/tools/bin/../lib/gcc/arm-none-eabi/12.3.1/../../../../arm-none-eabi/lib/thumb/v6-m/nofp\libnosys.a
END GROUP
START GROUP
LOAD C:/ST/STM32CubeIDE_1.16.0/STM32CubeIDE/plugins/com.st.stm32cube.ide.mcu.externaltools.gnu-tools-for-stm32.12.3.rel1.win32_1.0.200.202406191623/tools/bin/../lib/gcc/arm-none-eabi/12.3.1/thumb/v6-m/nofp\libgcc.a
LOAD C:/ST/STM32CubeIDE_1.16.0/STM32CubeIDE/plugins/com.st.stm32cube.ide.mcu.externaltools.gnu-tools-for-stm32.12.3.rel1.win32_1.0.200.202406191623/tools/bin/../lib/gcc/arm-none-eabi/12.3.1/../../../../arm-none-eabi/lib/thumb/v6-m/nofp\libc_nano.a
LOAD C:/ST/STM32CubeIDE_1.16.0/STM32CubeIDE/plugins/com.st.stm32cube.ide.mcu.externaltools.gnu-tools-for-stm32.12.3.rel1.win32_1.0.200.202406191623/tools/bin/../lib/gcc/arm-none-eabi/12.3.1/../../../../arm-none-eabi/lib/thumb/v6-m/nofp\libnosys.a
END GROUP
LOAD C:/ST/STM32CubeIDE_1.16.0/STM32CubeIDE/plugins/com.st.stm32cube.ide.mcu.externaltools.gnu-tools-for-stm32.12.3.rel1.win32_1.0.200.202406191623/tools/bin/../lib/gcc/arm-none-eabi/12.3.1/thumb/v6-m/nofp/crtend.o
LOAD C:/ST/STM32CubeIDE_1.16.0/STM32CubeIDE/plugins/com.st.stm32cube.ide.mcu.externaltools.gnu-tools-for-stm32.12.3.rel1.win32_1.0.200.202406191623/tools/bin/../lib/gcc/arm-none-eabi/12.3.1/thumb/v6-m/nofp/crtn.o
                0x20002000                        _estack = (ORIGIN (RAM) + LENGTH (RAM))
                0x00000200                        _Min_Heap_Size = 0x200
                0x00000400                        _Min_Stack_Size = 0x400

.isr_vector     0x08000000       0xc0
                0x08000000                        . = ALIGN (0x4)
 *(.isr_vector)
 .isr_vector    0x08000000       0xc0 ./Core/Startup/startup_stm32f051r8tx.o
                0x08000000                g_pfnVectors
                0x080000c0                        . = ALIGN (0x4)

.text           0x080000c0     0xd464
                0x080000c0                        . = ALIGN (0x4)
 *(.text)
 .text          0x080000c0       0x48 C:/ST/STM32CubeIDE_1.16.0/STM32CubeIDE/plugins/com.st.stm32cube.ide.mcu.externaltools.gnu-tools-for-stm32.12.3.rel1.win32_1.0.200.202406191623/tools/bin/../lib/gcc/arm-none-eabi/12.3.1/thumb/v6-m/nofp/crtbegin.o
 .text          0x08000108        0xe C:/ST/STM32CubeIDE_1.16.0/STM32CubeIDE/plugins/com.st.stm32cube.ide.mcu.externaltools.gnu-tools-for-stm32.12.3.rel1.win32_1.0.200.202406191623/tools/bin/../lib/gcc/arm-none-eabi/12.3.1/../../../../arm-none-eabi/lib/thumb/v6-m/nofp\libc_nano.a(libc_a-strlen.o)
                0x08000108                strlen
 *fill*         0x08000116        0x2 
 .text          0x08000118       0x14 C:/ST/STM32CubeIDE_1.16.0/STM32CubeIDE/plugins/com.st.stm32cube.ide.mcu.externaltools.gnu-tools-for-stm32.12.3.rel1.win32_1.0.200.202406191623/tools/bin/../lib/gcc/arm-none-eabi/12.3.1/thumb/v6-m/nofp\libgcc.a(_thumb1_case_uqi.o)
                0x08000118                __gnu_thumb1_case_uqi
 .text          0x0800012c       0x14 C:/ST/STM32CubeIDE_1.16.0/STM32CubeIDE/plugins/com.st.stm32cube.ide.mcu.externaltools.gnu-tools-for-stm32.12.3.rel1.win32_1.0.200.202406191623/tools/bin/../lib/gcc/arm-none-eabi/12.3.1/thumb/v6-m/nofp\libgcc.a(_thumb1_case_shi.o)
                0x0800012c                __gnu_thumb1_case_shi
 .text          0x08000140       0x14 C:/ST/STM32CubeIDE_1.16.0/STM32CubeIDE/plugins/com.st.stm32cube.ide.mcu.externaltools.gnu-tools-for-stm32.12.3.rel1.win32_1.0.200.202406191623/tools/bin/../lib/gcc/arm-none-eabi/12.3.1/thumb/v6-m/nofp\libgcc.a(_thumb1_case_uhi.o)
                0x08000140                __gnu_thumb1_case_uhi
 .text          0x08000154      0x114 C:/ST/STM32CubeIDE_1.16.0/STM32CubeIDE/plugins/com.st.stm32cube.ide.mcu.externaltools.gnu-tools-for-stm32.12.3.rel1.win32_1.0.200.202406191623/tools/bin/../lib/gcc/arm-none-eabi/12.3.1/thumb/v6-m/nofp\libgcc.a(_udivsi3.o)
                0x08000154                __aeabi_uidiv
                0x08000154                __udivsi3
                0x08000260                __aeabi_uidivmod
 .text          0x08000268      0x1d4 C:/ST/STM32CubeIDE_1.16.0/STM32CubeIDE/plugins/com.st.stm32cube.ide.mcu.externaltools.gnu-tools-for-stm32.12.3.rel1.win32_1.0.200.202406191623/tools/bin/../lib/gcc/arm-none-eabi/12.3.1/thumb/v6-m/nofp\libgcc.a(_divsi3.o)
                0x08000268                __divsi3
                0x08000268                __aeabi_idiv
                0x08000434                __aeabi_idivmod
 .text          0x0800043c        0x4 C:/ST/STM32CubeIDE_1.16.0/STM32CubeIDE/plugins/com.st.stm32cube.ide.mcu.externaltools.gnu-tools-for-stm32.12.3.rel1.win32_1.0.200.202406191623/tools/bin/../lib/gcc/arm-none-eabi/12.3.1/thumb/v6-m/nofp\libgcc.a(_dvmd_tls.o)
                0x0800043c                __aeabi_idiv0
                0x0800043c                __aeabi_ldiv0
 .text          0x08000440       0x18 C:/ST/STM32CubeIDE_1.16.0/STM32CubeIDE/plugins/com.st.stm32cube.ide.mcu.externaltools.gnu-tools-for-stm32.12.3.rel1.win32_1.0.200.202406191623/tools/bin/../lib/gcc/arm-none-eabi/12.3.1/thumb/v6-m/nofp\libgcc.a(_lshrdi3.o)
                0x08000440                __lshrdi3
                0x08000440                __aeabi_llsr
 .text          0x08000458       0x7c C:/ST/STM32CubeIDE_1.16.0/STM32CubeIDE/plugins/com.st.stm32cube.ide.mcu.externaltools.gnu-tools-for-stm32.12.3.rel1.win32_1.0.200.202406191623/tools/bin/../lib/gcc/arm-none-eabi/12.3.1/thumb/v6-m/nofp\libgcc.a(_arm_cmpdf2.o)
                0x08000458                __aeabi_cdrcmple
                0x08000468                __aeabi_cdcmple
                0x08000468                __aeabi_cdcmpeq
                0x08000478                __aeabi_dcmpeq
                0x08000484                __aeabi_dcmplt
                0x08000498                __aeabi_dcmple
                0x080004ac                __aeabi_dcmpgt
                0x080004c0                __aeabi_dcmpge
 .text          0x080004d4       0x74 C:/ST/STM32CubeIDE_1.16.0/STM32CubeIDE/plugins/com.st.stm32cube.ide.mcu.externaltools.gnu-tools-for-stm32.12.3.rel1.win32_1.0.200.202406191623/tools/bin/../lib/gcc/arm-none-eabi/12.3.1/thumb/v6-m/nofp\libgcc.a(_arm_cmpsf2.o)
                0x080004d4                __aeabi_cfrcmple
                0x080004dc                __aeabi_cfcmpeq
                0x080004dc                __aeabi_cfcmple
                0x080004ec                __aeabi_fcmpeq
                0x080004f8                __aeabi_fcmplt
                0x0800050c                __aeabi_fcmple
                0x08000520                __aeabi_fcmpgt
                0x08000534                __aeabi_fcmpge
 .text          0x08000548       0x30 C:/ST/STM32CubeIDE_1.16.0/STM32CubeIDE/plugins/com.st.stm32cube.ide.mcu.externaltools.gnu-tools-for-stm32.12.3.rel1.win32_1.0.200.202406191623/tools/bin/../lib/gcc/arm-none-eabi/12.3.1/thumb/v6-m/nofp\libgcc.a(_fixunssfsi.o)
                0x08000548                __fixunssfsi
                0x08000548                __aeabi_f2uiz
 .text          0x08000578      0x314 C:/ST/STM32CubeIDE_1.16.0/STM32CubeIDE/plugins/com.st.stm32cube.ide.mcu.externaltools.gnu-tools-for-stm32.12.3.rel1.win32_1.0.200.202406191623/tools/bin/../lib/gcc/arm-none-eabi/12.3.1/thumb/v6-m/nofp\libgcc.a(addsf3.o)
                0x08000578                __aeabi_fadd
 .text          0x0800088c      0x240 C:/ST/STM32CubeIDE_1.16.0/STM32CubeIDE/plugins/com.st.stm32cube.ide.mcu.externaltools.gnu-tools-for-stm32.12.3.rel1.win32_1.0.200.202406191623/tools/bin/../lib/gcc/arm-none-eabi/12.3.1/thumb/v6-m/nofp\libgcc.a(divsf3.o)
                0x0800088c                __aeabi_fdiv
 .text          0x08000acc       0x50 C:/ST/STM32CubeIDE_1.16.0/STM32CubeIDE/plugins/com.st.stm32cube.ide.mcu.externaltools.gnu-tools-for-stm32.12.3.rel1.win32_1.0.200.202406191623/tools/bin/../lib/gcc/arm-none-eabi/12.3.1/thumb/v6-m/nofp\libgcc.a(eqsf2.o)
                0x08000acc                __eqsf2
                0x08000acc                __nesf2
 .text          0x08000b1c       0xa0 C:/ST/STM32CubeIDE_1.16.0/STM32CubeIDE/plugins/com.st.stm32cube.ide.mcu.externaltools.gnu-tools-for-stm32.12.3.rel1.win32_1.0.200.202406191623/tools/bin/../lib/gcc/arm-none-eabi/12.3.1/thumb/v6-m/nofp\libgcc.a(gesf2.o)
                0x08000b1c                __gesf2
                0x08000b1c                __gtsf2
 .text          0x08000bbc       0x9c C:/ST/STM32CubeIDE_1.16.0/STM32CubeIDE/plugins/com.st.stm32cube.ide.mcu.externaltools.gnu-tools-for-stm32.12.3.rel1.win32_1.0.200.202406191623/tools/bin/../lib/gcc/arm-none-eabi/12.3.1/thumb/v6-m/nofp\libgcc.a(lesf2.o)
                0x08000bbc                __ltsf2
                0x08000bbc                __lesf2
 .text          0x08000c58      0x27c C:/ST/STM32CubeIDE_1.16.0/STM32CubeIDE/plugins/com.st.stm32cube.ide.mcu.externaltools.gnu-tools-for-stm32.12.3.rel1.win32_1.0.200.202406191623/tools/bin/../lib/gcc/arm-none-eabi/12.3.1/thumb/v6-m/nofp\libgcc.a(mulsf3.o)
                0x08000c58                __aeabi_fmul
 .text          0x08000ed4      0x348 C:/ST/STM32CubeIDE_1.16.0/STM32CubeIDE/plugins/com.st.stm32cube.ide.mcu.externaltools.gnu-tools-for-stm32.12.3.rel1.win32_1.0.200.202406191623/tools/bin/../lib/gcc/arm-none-eabi/12.3.1/thumb/v6-m/nofp\libgcc.a(subsf3.o)
                0x08000ed4                __aeabi_fsub
 .text          0x0800121c       0x2c C:/ST/STM32CubeIDE_1.16.0/STM32CubeIDE/plugins/com.st.stm32cube.ide.mcu.externaltools.gnu-tools-for-stm32.12.3.rel1.win32_1.0.200.202406191623/tools/bin/../lib/gcc/arm-none-eabi/12.3.1/thumb/v6-m/nofp\libgcc.a(unordsf2.o)
                0x0800121c                __aeabi_fcmpun
 .text          0x08001248       0x40 C:/ST/STM32CubeIDE_1.16.0/STM32CubeIDE/plugins/com.st.stm32cube.ide.mcu.externaltools.gnu-tools-for-stm32.12.3.rel1.win32_1.0.200.202406191623/tools/bin/../lib/gcc/arm-none-eabi/12.3.1/thumb/v6-m/nofp\libgcc.a(fixsfsi.o)
                0x08001248                __aeabi_f2iz
 .text          0x08001288       0x98 C:/ST/STM32CubeIDE_1.16.0/STM32CubeIDE/plugins/com.st.stm32cube.ide.mcu.externaltools.gnu-tools-for-stm32.12.3.rel1.win32_1.0.200.202406191623/tools/bin/../lib/gcc/arm-none-eabi/12.3.1/thumb/v6-m/nofp\libgcc.a(floatsisf.o)
                0x08001288                __aeabi_i2f
 .text          0x08001320       0x84 C:/ST/STM32CubeIDE_1.16.0/STM32CubeIDE/plugins/com.st.stm32cube.ide.mcu.externaltools.gnu-tools-for-stm32.12.3.rel1.win32_1.0.200.202406191623/tools/bin/../lib/gcc/arm-none-eabi/12.3.1/thumb/v6-m/nofp\libgcc.a(floatunsisf.o)
                0x08001320                __aeabi_ui2f
 .text          0x080013a4      0x6c8 C:/ST/STM32CubeIDE_1.16.0/STM32CubeIDE/plugins/com.st.stm32cube.ide.mcu.externaltools.gnu-tools-for-stm32.12.3.rel1.win32_1.0.200.202406191623/tools/bin/../lib/gcc/arm-none-eabi/12.3.1/thumb/v6-m/nofp\libgcc.a(adddf3.o)
                0x080013a4                __aeabi_dadd
 .text          0x08001a6c      0x634 C:/ST/STM32CubeIDE_1.16.0/STM32CubeIDE/plugins/com.st.stm32cube.ide.mcu.externaltools.gnu-tools-for-stm32.12.3.rel1.win32_1.0.200.202406191623/tools/bin/../lib/gcc/arm-none-eabi/12.3.1/thumb/v6-m/nofp\libgcc.a(divdf3.o)
                0x08001a6c                __aeabi_ddiv
 .text          0x080020a0       0x88 C:/ST/STM32CubeIDE_1.16.0/STM32CubeIDE/plugins/com.st.stm32cube.ide.mcu.externaltools.gnu-tools-for-stm32.12.3.rel1.win32_1.0.200.202406191623/tools/bin/../lib/gcc/arm-none-eabi/12.3.1/thumb/v6-m/nofp\libgcc.a(eqdf2.o)
                0x080020a0                __nedf2
                0x080020a0                __eqdf2
 .text          0x08002128       0xe8 C:/ST/STM32CubeIDE_1.16.0/STM32CubeIDE/plugins/com.st.stm32cube.ide.mcu.externaltools.gnu-tools-for-stm32.12.3.rel1.win32_1.0.200.202406191623/tools/bin/../lib/gcc/arm-none-eabi/12.3.1/thumb/v6-m/nofp\libgcc.a(gedf2.o)
                0x08002128                __gedf2
                0x08002128                __gtdf2
 .text          0x08002210       0xe4 C:/ST/STM32CubeIDE_1.16.0/STM32CubeIDE/plugins/com.st.stm32cube.ide.mcu.externaltools.gnu-tools-for-stm32.12.3.rel1.win32_1.0.200.202406191623/tools/bin/../lib/gcc/arm-none-eabi/12.3.1/thumb/v6-m/nofp\libgcc.a(ledf2.o)
                0x08002210                __ledf2
                0x08002210                __ltdf2
 .text          0x080022f4      0x590 C:/ST/STM32CubeIDE_1.16.0/STM32CubeIDE/plugins/com.st.stm32cube.ide.mcu.externaltools.gnu-tools-for-stm32.12.3.rel1.win32_1.0.200.202406191623/tools/bin/../lib/gcc/arm-none-eabi/12.3.1/thumb/v6-m/nofp\libgcc.a(muldf3.o)
                0x080022f4                __aeabi_dmul
 .text          0x08002884      0x738 C:/ST/STM32CubeIDE_1.16.0/STM32CubeIDE/plugins/com.st.stm32cube.ide.mcu.externaltools.gnu-tools-for-stm32.12.3.rel1.win32_1.0.200.202406191623/tools/bin/../lib/gcc/arm-none-eabi/12.3.1/thumb/v6-m/nofp\libgcc.a(subdf3.o)
                0x08002884                __aeabi_dsub
 .text          0x08002fbc       0x44 C:/ST/STM32CubeIDE_1.16.0/STM32CubeIDE/plugins/com.st.stm32cube.ide.mcu.externaltools.gnu-tools-for-stm32.12.3.rel1.win32_1.0.200.202406191623/tools/bin/../lib/gcc/arm-none-eabi/12.3.1/thumb/v6-m/nofp\libgcc.a(unorddf2.o)
                0x08002fbc                __aeabi_dcmpun
 .text          0x08003000       0x78 C:/ST/STM32CubeIDE_1.16.0/STM32CubeIDE/plugins/com.st.stm32cube.ide.mcu.externaltools.gnu-tools-for-stm32.12.3.rel1.win32_1.0.200.202406191623/tools/bin/../lib/gcc/arm-none-eabi/12.3.1/thumb/v6-m/nofp\libgcc.a(fixdfsi.o)
                0x08003000                __aeabi_d2iz
 .text          0x08003078       0x5c C:/ST/STM32CubeIDE_1.16.0/STM32CubeIDE/plugins/com.st.stm32cube.ide.mcu.externaltools.gnu-tools-for-stm32.12.3.rel1.win32_1.0.200.202406191623/tools/bin/../lib/gcc/arm-none-eabi/12.3.1/thumb/v6-m/nofp\libgcc.a(floatsidf.o)
                0x08003078                __aeabi_i2d
 .text          0x080030d4       0x48 C:/ST/STM32CubeIDE_1.16.0/STM32CubeIDE/plugins/com.st.stm32cube.ide.mcu.externaltools.gnu-tools-for-stm32.12.3.rel1.win32_1.0.200.202406191623/tools/bin/../lib/gcc/arm-none-eabi/12.3.1/thumb/v6-m/nofp\libgcc.a(floatunsidf.o)
                0x080030d4                __aeabi_ui2d
 .text          0x0800311c       0x3c C:/ST/STM32CubeIDE_1.16.0/STM32CubeIDE/plugins/com.st.stm32cube.ide.mcu.externaltools.gnu-tools-for-stm32.12.3.rel1.win32_1.0.200.202406191623/tools/bin/../lib/gcc/arm-none-eabi/12.3.1/thumb/v6-m/nofp\libgcc.a(_clzsi2.o)
                0x0800311c                __clzsi2
 *(.text*)
 .text.UART_read
                0x08003158       0x24 ./Core/Src/main.o
                0x08003158                UART_read
 .text.UART_write
                0x0800317c       0x1c ./Core/Src/main.o
                0x0800317c                UART_write
 .text.compute_mpc_model
                0x08003198      0x1c4 ./Core/Src/main.o
                0x08003198                compute_mpc_model
 .text.read_uart
                0x0800335c       0x14 ./Core/Src/main.o
                0x0800335c                read_uart
 .text.read_temperature
                0x08003370       0x48 ./Core/Src/main.o
                0x08003370                read_temperature
 .text.read_current
                0x080033b8       0x44 ./Core/Src/main.o
                0x080033b8                read_current
 .text.read_sleep
                0x080033fc       0x20 ./Core/Src/main.o
                0x080033fc                read_sleep
 .text.HAL_UARTEx_RxEventCallback
                0x0800341c       0x2c ./Core/Src/main.o
                0x0800341c                HAL_UARTEx_RxEventCallback
 .text.read_initial_memory
                0x08003448        0xe ./Core/Src/main.o
                0x08003448                read_initial_memory
 *fill*         0x08003456        0x2 
 .text.Error_Handler
                0x08003458       0x34 ./Core/Src/main.o
                0x08003458                Error_Handler
 .text.write_initial_memory
                0x0800348c       0x16 ./Core/Src/main.o
                0x0800348c                write_initial_memory
 *fill*         0x080034a2        0x2 
 .text.read_everything_else
                0x080034a4       0xd0 ./Core/Src/main.o
                0x080034a4                read_everything_else
 .text.HAL_TIM_PeriodElapsedCallback
                0x08003574       0x78 ./Core/Src/main.o
                0x08003574                HAL_TIM_PeriodElapsedCallback
 .text.SystemClock_Config
                0x080035ec       0x66 ./Core/Src/main.o
                0x080035ec                SystemClock_Config
 *fill*         0x08003652        0x2 
 .text.startup.main
                0x08003654      0x3ec ./Core/Src/main.o
                0x08003654                main
 .text.HAL_MspInit
                0x08003a40       0x30 ./Core/Src/stm32f0xx_hal_msp.o
                0x08003a40                HAL_MspInit
 .text.HAL_ADC_MspInit
                0x08003a70       0xbc ./Core/Src/stm32f0xx_hal_msp.o
                0x08003a70                HAL_ADC_MspInit
 .text.HAL_TIM_Base_MspInit
                0x08003b2c       0x54 ./Core/Src/stm32f0xx_hal_msp.o
                0x08003b2c                HAL_TIM_Base_MspInit
 .text.HAL_TIM_MspPostInit
                0x08003b80       0x54 ./Core/Src/stm32f0xx_hal_msp.o
                0x08003b80                HAL_TIM_MspPostInit
 .text.HAL_UART_MspInit
                0x08003bd4       0xa8 ./Core/Src/stm32f0xx_hal_msp.o
                0x08003bd4                HAL_UART_MspInit
 .text.NMI_Handler
                0x08003c7c        0x2 ./Core/Src/stm32f0xx_it.o
                0x08003c7c                NMI_Handler
 .text.HardFault_Handler
                0x08003c7e        0x2 ./Core/Src/stm32f0xx_it.o
                0x08003c7e                HardFault_Handler
 .text.SVC_Handler
                0x08003c80        0x2 ./Core/Src/stm32f0xx_it.o
                0x08003c80                SVC_Handler
 .text.PendSV_Handler
                0x08003c82        0x2 ./Core/Src/stm32f0xx_it.o
                0x08003c82                PendSV_Handler
 .text.SysTick_Handler
                0x08003c84        0x8 ./Core/Src/stm32f0xx_it.o
                0x08003c84                SysTick_Handler
 .text.DMA1_Channel1_IRQHandler
                0x08003c8c       0x10 ./Core/Src/stm32f0xx_it.o
                0x08003c8c                DMA1_Channel1_IRQHandler
 .text.DMA1_Channel2_3_IRQHandler
                0x08003c9c       0x10 ./Core/Src/stm32f0xx_it.o
                0x08003c9c                DMA1_Channel2_3_IRQHandler
 .text.TIM3_IRQHandler
                0x08003cac       0x10 ./Core/Src/stm32f0xx_it.o
                0x08003cac                TIM3_IRQHandler
 .text.USART1_IRQHandler
                0x08003cbc       0x10 ./Core/Src/stm32f0xx_it.o
                0x08003cbc                USART1_IRQHandler
 .text._getpid  0x08003ccc        0x4 ./Core/Src/syscalls.o
                0x08003ccc                _getpid
 .text._kill    0x08003cd0       0x10 ./Core/Src/syscalls.o
                0x08003cd0                _kill
 .text._exit    0x08003ce0        0xc ./Core/Src/syscalls.o
                0x08003ce0                _exit
 .text._read    0x08003cec       0x1a ./Core/Src/syscalls.o
                0x08003cec                _read
 .text._write   0x08003d06       0x1a ./Core/Src/syscalls.o
                0x08003d06                _write
 .text._close   0x08003d20        0x6 ./Core/Src/syscalls.o
                0x08003d20                _close
 .text._fstat   0x08003d26        0xa ./Core/Src/syscalls.o
                0x08003d26                _fstat
 .text._isatty  0x08003d30        0x4 ./Core/Src/syscalls.o
                0x08003d30                _isatty
 .text._lseek   0x08003d34        0x4 ./Core/Src/syscalls.o
                0x08003d34                _lseek
 .text._sbrk    0x08003d38       0x40 ./Core/Src/sysmem.o
                0x08003d38                _sbrk
 .text.SystemInit
                0x08003d78        0x2 ./Core/Src/system_stm32f0xx.o
                0x08003d78                SystemInit
 .text.c2d      0x08003d7a      0x10a ./Core/Src/tools/CControl/Sources/ControlEngineering/c2d.o
                0x08003d7a                c2d
 .text.cab      0x08003e84      0x128 ./Core/Src/tools/CControl/Sources/ControlEngineering/cab.o
                0x08003e84                cab
 .text.RTYUI.constprop.0
                0x08003fac       0x74 ./Core/Src/tools/CControl/Sources/ControlEngineering/dare.o
 .text.odefun   0x08004020      0x166 ./Core/Src/tools/CControl/Sources/ControlEngineering/dare.o
 *fill*         0x08004186        0x2 
 .text.dare     0x08004188       0x74 ./Core/Src/tools/CControl/Sources/ControlEngineering/dare.o
                0x08004188                dare
 .text.lqe      0x080041fc       0x86 ./Core/Src/tools/CControl/Sources/ControlEngineering/lqe.o
                0x080041fc                lqe
 .text.RTYUI.constprop.0
                0x08004282       0x74 ./Core/Src/tools/CControl/Sources/ControlEngineering/lqr.o
 .text.lqr      0x080042f6       0xc4 ./Core/Src/tools/CControl/Sources/ControlEngineering/lqr.o
                0x080042f6                lqr
 .text.mpc_discrete_matrices
                0x080043ba       0xac ./Core/Src/tools/CControl/Sources/ControlEngineering/mpc.o
                0x080043ba                mpc_discrete_matrices
 .text.mpc_kalman_gain
                0x08004466       0x64 ./Core/Src/tools/CControl/Sources/ControlEngineering/mpc.o
                0x08004466                mpc_kalman_gain
 .text.mpc_vector
                0x080044ca       0x2e ./Core/Src/tools/CControl/Sources/ControlEngineering/mpc.o
                0x080044ca                mpc_vector
 .text.mpc_QZ_matrix
                0x080044f8       0x5e ./Core/Src/tools/CControl/Sources/ControlEngineering/mpc.o
                0x080044f8                mpc_QZ_matrix
 .text.mpc_S_matrix
                0x08004556        0xa ./Core/Src/tools/CControl/Sources/ControlEngineering/mpc.o
                0x08004556                mpc_S_matrix
 .text.mpc_HS_matrix
                0x08004560      0x13e ./Core/Src/tools/CControl/Sources/ControlEngineering/mpc.o
                0x08004560                mpc_HS_matrix
 .text.mpc_H_matrix
                0x0800469e       0x8c ./Core/Src/tools/CControl/Sources/ControlEngineering/mpc.o
                0x0800469e                mpc_H_matrix
 .text.mpc_Mx0_matrix
                0x0800472a       0x76 ./Core/Src/tools/CControl/Sources/ControlEngineering/mpc.o
                0x0800472a                mpc_Mx0_matrix
 .text.mpc_Mum1_matrix
                0x080047a0       0x5c ./Core/Src/tools/CControl/Sources/ControlEngineering/mpc.o
                0x080047a0                mpc_Mum1_matrix
 .text.mpc_MR_matrix
                0x080047fc       0x62 ./Core/Src/tools/CControl/Sources/ControlEngineering/mpc.o
                0x080047fc                mpc_MR_matrix
 .text.mpc_MD_matrix
                0x0800485e       0x7c ./Core/Src/tools/CControl/Sources/ControlEngineering/mpc.o
                0x0800485e                mpc_MD_matrix
 *fill*         0x080048da        0x2 
 .text.mpc_Lambda_matrix
                0x080048dc       0xcc ./Core/Src/tools/CControl/Sources/ControlEngineering/mpc.o
                0x080048dc                mpc_Lambda_matrix
 .text.mpc_barSpsi_matrix
                0x080049a8        0xc ./Core/Src/tools/CControl/Sources/ControlEngineering/mpc.o
                0x080049a8                mpc_barSpsi_matrix
 .text.mpc_barspsi_vector
                0x080049b4       0x10 ./Core/Src/tools/CControl/Sources/ControlEngineering/mpc.o
                0x080049b4                mpc_barspsi_vector
 .text.mpc_barH_matrix
                0x080049c4       0x46 ./Core/Src/tools/CControl/Sources/ControlEngineering/mpc.o
                0x080049c4                mpc_barH_matrix
 .text.mpc_eta_vector
                0x08004a0a       0x42 ./Core/Src/tools/CControl/Sources/ControlEngineering/mpc.o
                0x08004a0a                mpc_eta_vector
 .text.mpc_antiwindup_vector
                0x08004a4c       0x36 ./Core/Src/tools/CControl/Sources/ControlEngineering/mpc.o
                0x08004a4c                mpc_antiwindup_vector
 .text.mpc_g_vector
                0x08004a82      0x112 ./Core/Src/tools/CControl/Sources/ControlEngineering/mpc.o
                0x08004a82                mpc_g_vector
 .text.mpc_Umin_vector
                0x08004b94       0x38 ./Core/Src/tools/CControl/Sources/ControlEngineering/mpc.o
                0x08004b94                mpc_Umin_vector
 .text.mpc_Umax_vector
                0x08004bcc       0x38 ./Core/Src/tools/CControl/Sources/ControlEngineering/mpc.o
                0x08004bcc                mpc_Umax_vector
 .text.mpc_barZmin_vector
                0x08004c04       0x7e ./Core/Src/tools/CControl/Sources/ControlEngineering/mpc.o
                0x08004c04                mpc_barZmin_vector
 .text.mpc_barg_vector
                0x08004c82       0x38 ./Core/Src/tools/CControl/Sources/ControlEngineering/mpc.o
                0x08004c82                mpc_barg_vector
 .text.mpc_barUmin_vector
                0x08004cba       0x32 ./Core/Src/tools/CControl/Sources/ControlEngineering/mpc.o
                0x08004cba                mpc_barUmin_vector
 .text.mpc_barUmax_vector
                0x08004cec       0x38 ./Core/Src/tools/CControl/Sources/ControlEngineering/mpc.o
                0x08004cec                mpc_barUmax_vector
 .text.mpc_bmin_vector
                0x08004d24       0x54 ./Core/Src/tools/CControl/Sources/ControlEngineering/mpc.o
                0x08004d24                mpc_bmin_vector
 .text.mpc_bmax_vector
                0x08004d78       0x60 ./Core/Src/tools/CControl/Sources/ControlEngineering/mpc.o
                0x08004d78                mpc_bmax_vector
 .text.mpc_AA_matrix
                0x08004dd8       0xcc ./Core/Src/tools/CControl/Sources/ControlEngineering/mpc.o
                0x08004dd8                mpc_AA_matrix
 .text.mpc_aqp_matrix
                0x08004ea4       0x8c ./Core/Src/tools/CControl/Sources/ControlEngineering/mpc.o
                0x08004ea4                mpc_aqp_matrix
 .text.mpc_bqp_vector
                0x08004f30       0x7e ./Core/Src/tools/CControl/Sources/ControlEngineering/mpc.o
                0x08004f30                mpc_bqp_vector
 .text.mpc_set_input_change_constraints
                0x08004fae       0x72 ./Core/Src/tools/CControl/Sources/ControlEngineering/mpc.o
                0x08004fae                mpc_set_input_change_constraints
 .text.mpc_set_output_constraints
                0x08005020       0x52 ./Core/Src/tools/CControl/Sources/ControlEngineering/mpc.o
                0x08005020                mpc_set_output_constraints
 .text.mpc_set_input_constraints
                0x08005072       0x1e ./Core/Src/tools/CControl/Sources/ControlEngineering/mpc.o
                0x08005072                mpc_set_input_constraints
 .text.mpc_init
                0x08005090      0x35c ./Core/Src/tools/CControl/Sources/ControlEngineering/mpc.o
                0x08005090                mpc_init
 .text.mpc_set_constraints
                0x080053ec       0x2e ./Core/Src/tools/CControl/Sources/ControlEngineering/mpc.o
                0x080053ec                mpc_set_constraints
 .text.mpc_optimize
                0x0800541a      0x2f0 ./Core/Src/tools/CControl/Sources/ControlEngineering/mpc.o
                0x0800541a                mpc_optimize
 .text.mpc_estimate
                0x0800570a      0x13e ./Core/Src/tools/CControl/Sources/ControlEngineering/mpc.o
                0x0800570a                mpc_estimate
 .text.mpc_free
                0x08005848       0xc0 ./Core/Src/tools/CControl/Sources/ControlEngineering/mpc.o
                0x08005848                mpc_free
 .text.obsv     0x08005908       0xb2 ./Core/Src/tools/CControl/Sources/ControlEngineering/obsv.o
                0x08005908                obsv
 *fill*         0x080059ba        0x2 
 .text.rk4args  0x080059bc      0x294 ./Core/Src/tools/CControl/Sources/DifferentialEquation/rk4args.o
                0x080059bc                rk4args
 .text.chol     0x08005c50       0xc8 ./Core/Src/tools/CControl/Sources/LinearAlgebra/chol.o
                0x08005c50                chol
 .text.dot      0x08005d18       0x2e ./Core/Src/tools/CControl/Sources/LinearAlgebra/dot.o
                0x08005d18                dot
 *fill*         0x08005d46        0x2 
 .text.expm     0x08005d48      0x138 ./Core/Src/tools/CControl/Sources/LinearAlgebra/expm.o
                0x08005d48                expm
 .text.eye      0x08005e80       0x40 ./Core/Src/tools/CControl/Sources/LinearAlgebra/eye.o
                0x08005e80                eye
 .text.inv      0x08005ec0      0x15c ./Core/Src/tools/CControl/Sources/LinearAlgebra/inv.o
                0x08005ec0                inv
 .text.linsolve_lower_triangular
                0x0800601c       0x56 ./Core/Src/tools/CControl/Sources/LinearAlgebra/linsolve_lower_triangular.o
                0x0800601c                linsolve_lower_triangular
 *fill*         0x08006072        0x2 
 .text.lup      0x08006074      0x124 ./Core/Src/tools/CControl/Sources/LinearAlgebra/lup.o
                0x08006074                lup
 .text.mul      0x08006198       0x88 ./Core/Src/tools/CControl/Sources/LinearAlgebra/mul.o
                0x08006198                mul
 .text.norm     0x08006220      0x170 ./Core/Src/tools/CControl/Sources/LinearAlgebra/norm.o
                0x08006220                norm
 .text.tran     0x08006390       0x62 ./Core/Src/tools/CControl/Sources/LinearAlgebra/tran.o
                0x08006390                tran
 .text.cut      0x080063f2       0x3c ./Core/Src/tools/CControl/Sources/Miscellaneous/cut.o
                0x080063f2                cut
 .text.insert   0x0800642e       0x38 ./Core/Src/tools/CControl/Sources/Miscellaneous/insert.o
                0x0800642e                insert
 .text.scalar   0x08006466       0x1c ./Core/Src/tools/CControl/Sources/Miscellaneous/scalar.o
                0x08006466                scalar
 *fill*         0x08006482        0x2 
 .text.sign     0x08006484       0x2c ./Core/Src/tools/CControl/Sources/Miscellaneous/sign.o
                0x08006484                sign
 .text.vmax     0x080064b0       0x14 ./Core/Src/tools/CControl/Sources/Miscellaneous/vmax.o
                0x080064b0                vmax
 .text.vmin     0x080064c4       0x14 ./Core/Src/tools/CControl/Sources/Miscellaneous/vmin.o
                0x080064c4                vmin
 .text.linsolve_upper_tran_triangular
                0x080064d8       0x9c ./Core/Src/tools/CControl/Sources/Optimization/quadprogslim.o
 .text.optislim
                0x08006574      0x264 ./Core/Src/tools/CControl/Sources/Optimization/quadprogslim.o
 .text.quadprogslim
                0x080067d8       0xe8 ./Core/Src/tools/CControl/Sources/Optimization/quadprogslim.o
                0x080067d8                quadprogslim
 .text.uint16_to_float
                0x080068c0       0x10 ./Core/Src/tools/conversions/conversions.o
                0x080068c0                uint16_to_float
 .text.float_to_uint16
                0x080068d0       0x14 ./Core/Src/tools/conversions/conversions.o
                0x080068d0                float_to_uint16
 .text.calibrate_value
                0x080068e4       0x74 ./Core/Src/tools/conversions/conversions.o
                0x080068e4                calibrate_value
 .text.Flash_Write_Data
                0x08006958       0x54 ./Core/Src/tools/flash/flash.o
                0x08006958                Flash_Write_Data
 .text.Flash_Read_Data
                0x080069ac       0x20 ./Core/Src/tools/flash/flash.o
                0x080069ac                Flash_Read_Data
 .text.read_serial
                0x080069cc       0x24 ./Core/Src/tools/modbus/modbus.o
                0x080069cc                read_serial
 .text.write_serial
                0x080069f0       0x24 ./Core/Src/tools/modbus/modbus.o
                0x080069f0                write_serial
 .text.modbus_set_serial_write
                0x08006a14        0xc ./Core/Src/tools/modbus/modbus.o
                0x08006a14                modbus_set_serial_write
 .text.modbus_set_serial_read
                0x08006a20        0xc ./Core/Src/tools/modbus/modbus.o
                0x08006a20                modbus_set_serial_read
 .text.modbus_set_serial_port
                0x08006a2c       0x14 ./Core/Src/tools/modbus/modbus.o
                0x08006a2c                modbus_set_serial_port
 .text.modbus_server_create_RTU
                0x08006a40       0xc4 ./Core/Src/tools/modbus/modbus.o
                0x08006a40                modbus_server_create_RTU
 .text.modbus_server_polling
                0x08006b04        0x8 ./Core/Src/tools/modbus/modbus.o
                0x08006b04                modbus_server_polling
 .text.modbus_server_set_digital_outputs
                0x08006b0c        0x8 ./Core/Src/tools/modbus/modbus.o
                0x08006b0c                modbus_server_set_digital_outputs
 .text.modbus_server_set_digital_inputs
                0x08006b14        0x8 ./Core/Src/tools/modbus/modbus.o
                0x08006b14                modbus_server_set_digital_inputs
 .text.modbus_server_get_analog_inputs
                0x08006b1c        0x8 ./Core/Src/tools/modbus/modbus.o
                0x08006b1c                modbus_server_get_analog_inputs
 .text.modbus_server_get_parameters_array
                0x08006b24        0x8 ./Core/Src/tools/modbus/modbus.o
                0x08006b24                modbus_server_get_parameters_array
 .text.handle_read_device_identification
                0x08006b2c       0x48 ./Core/Src/tools/modbus/modbusserver.o
                0x08006b2c                handle_read_device_identification
 .text.handle_read_device_identification_map
                0x08006b74       0x1a ./Core/Src/tools/modbus/modbusserver.o
                0x08006b74                handle_read_device_identification_map
 .text.handle_write_file_record
                0x08006b8e       0x12 ./Core/Src/tools/modbus/modbusserver.o
                0x08006b8e                handle_write_file_record
 .text.handle_read_file_record
                0x08006ba0       0x12 ./Core/Src/tools/modbus/modbusserver.o
                0x08006ba0                handle_read_file_record
 *fill*         0x08006bb2        0x2 
 .text.handle_write_multiple_registers
                0x08006bb4       0x2c ./Core/Src/tools/modbus/modbusserver.o
                0x08006bb4                handle_write_multiple_registers
 .text.handle_write_multiple_coils
                0x08006be0       0x4c ./Core/Src/tools/modbus/modbusserver.o
                0x08006be0                handle_write_multiple_coils
 .text.handle_write_single_register
                0x08006c2c       0x18 ./Core/Src/tools/modbus/modbusserver.o
                0x08006c2c                handle_write_single_register
 .text.handle_write_single_coil
                0x08006c44       0x28 ./Core/Src/tools/modbus/modbusserver.o
                0x08006c44                handle_write_single_coil
 .text.handle_read_input_registers
                0x08006c6c       0x2c ./Core/Src/tools/modbus/modbusserver.o
                0x08006c6c                handle_read_input_registers
 .text.handle_read_holding_registers
                0x08006c98       0x2c ./Core/Src/tools/modbus/modbusserver.o
                0x08006c98                handle_read_holding_registers
 .text.handle_read_discrete_inputs
                0x08006cc4       0x3c ./Core/Src/tools/modbus/modbusserver.o
                0x08006cc4                handle_read_discrete_inputs
 .text.handle_read_coils
                0x08006d00       0x3c ./Core/Src/tools/modbus/modbusserver.o
                0x08006d00                handle_read_coils
 .text.modbus_polling
                0x08006d3c       0x20 ./Core/Src/tools/modbus/modbusserver.o
                0x08006d3c                modbus_polling
 .text.modbus_set_server_handle
                0x08006d5c        0xc ./Core/Src/tools/modbus/modbusserver.o
                0x08006d5c                modbus_set_server_handle
 .text.modbus_set_digital_outputs_on_server
                0x08006d68       0x48 ./Core/Src/tools/modbus/modbusserver.o
                0x08006d68                modbus_set_digital_outputs_on_server
 .text.modbus_set_digital_inputs_on_server
                0x08006db0       0x48 ./Core/Src/tools/modbus/modbusserver.o
                0x08006db0                modbus_set_digital_inputs_on_server
 .text.modbus_get_analog_inputs_on_server
                0x08006df8        0x8 ./Core/Src/tools/modbus/modbusserver.o
                0x08006df8                modbus_get_analog_inputs_on_server
 .text.modbus_get_parameters_on_server
                0x08006e00        0x8 ./Core/Src/tools/modbus/modbusserver.o
                0x08006e00                modbus_get_parameters_on_server
 .text.get_1    0x08006e08        0xc ./Core/Src/tools/modbus/nanomodbus/nanomodbus.o
 .text.put_1    0x08006e14        0xa ./Core/Src/tools/modbus/nanomodbus/nanomodbus.o
 .text.get_2    0x08006e1e       0x14 ./Core/Src/tools/modbus/nanomodbus/nanomodbus.o
 .text.put_2    0x08006e32       0x10 ./Core/Src/tools/modbus/nanomodbus/nanomodbus.o
 *fill*         0x08006e42        0x2 
 .text.swap_regs
                0x08006e44       0x1c ./Core/Src/tools/modbus/nanomodbus/nanomodbus.o
 .text.recv     0x08006e60       0x36 ./Core/Src/tools/modbus/nanomodbus/nanomodbus.o
 .text.flush    0x08006e96       0x14 ./Core/Src/tools/modbus/nanomodbus/nanomodbus.o
 *fill*         0x08006eaa        0x2 
 .text.nmbs_crc_calc
                0x08006eac       0x38 ./Core/Src/tools/modbus/nanomodbus/nanomodbus.o
                0x08006eac                nmbs_crc_calc
 .text.recv_msg_footer
                0x08006ee4       0x3c ./Core/Src/tools/modbus/nanomodbus/nanomodbus.o
 .text.recv_msg_header
                0x08006f20       0xd6 ./Core/Src/tools/modbus/nanomodbus/nanomodbus.o
 .text.send_msg
                0x08006ff6       0x4a ./Core/Src/tools/modbus/nanomodbus/nanomodbus.o
 .text.recv_res_header
                0x08007040       0x88 ./Core/Src/tools/modbus/nanomodbus/nanomodbus.o
 .text.recv_read_discrete_res
                0x080070c8       0x52 ./Core/Src/tools/modbus/nanomodbus/nanomodbus.o
 .text.recv_read_registers_res
                0x0800711a       0x6c ./Core/Src/tools/modbus/nanomodbus/nanomodbus.o
 .text.put_msg_header
                0x08007186       0x54 ./Core/Src/tools/modbus/nanomodbus/nanomodbus.o
 .text.send_exception_msg
                0x080071da       0x26 ./Core/Src/tools/modbus/nanomodbus/nanomodbus.o
 .text.handle_read_discrete
                0x08007200       0xd8 ./Core/Src/tools/modbus/nanomodbus/nanomodbus.o
 .text.handle_read_registers
                0x080072d8       0xe0 ./Core/Src/tools/modbus/nanomodbus/nanomodbus.o
 .text.nmbs_create
                0x080073b8       0x54 ./Core/Src/tools/modbus/nanomodbus/nanomodbus.o
                0x080073b8                nmbs_create
 .text.nmbs_set_read_timeout
                0x0800740c        0x4 ./Core/Src/tools/modbus/nanomodbus/nanomodbus.o
                0x0800740c                nmbs_set_read_timeout
 .text.nmbs_set_byte_timeout
                0x08007410        0x4 ./Core/Src/tools/modbus/nanomodbus/nanomodbus.o
                0x08007410                nmbs_set_byte_timeout
 .text.nmbs_platform_conf_create
                0x08007414       0x20 ./Core/Src/tools/modbus/nanomodbus/nanomodbus.o
                0x08007414                nmbs_platform_conf_create
 .text.recv_write_single_coil_res
                0x08007434       0x4a ./Core/Src/tools/modbus/nanomodbus/nanomodbus.o
                0x08007434                recv_write_single_coil_res
 .text.recv_read_file_record_res
                0x0800747e       0x8a ./Core/Src/tools/modbus/nanomodbus/nanomodbus.o
                0x0800747e                recv_read_file_record_res
 .text.recv_write_file_record_res
                0x08007508       0xb8 ./Core/Src/tools/modbus/nanomodbus/nanomodbus.o
                0x08007508                recv_write_file_record_res
 .text.recv_read_device_identification_res
                0x080075c0      0x11a ./Core/Src/tools/modbus/nanomodbus/nanomodbus.o
                0x080075c0                recv_read_device_identification_res
 *fill*         0x080076da        0x2 
 .text.nmbs_callbacks_create
                0x080076dc       0x18 ./Core/Src/tools/modbus/nanomodbus/nanomodbus.o
                0x080076dc                nmbs_callbacks_create
 .text.nmbs_server_create
                0x080076f4       0x4c ./Core/Src/tools/modbus/nanomodbus/nanomodbus.o
                0x080076f4                nmbs_server_create
 .text.nmbs_server_poll
                0x08007740      0xb48 ./Core/Src/tools/modbus/nanomodbus/nanomodbus.o
                0x08007740                nmbs_server_poll
 .text.Reset_Handler
                0x08008288       0x50 ./Core/Startup/startup_stm32f051r8tx.o
                0x08008288                Reset_Handler
 .text.Default_Handler
                0x080082d8        0x2 ./Core/Startup/startup_stm32f051r8tx.o
                0x080082d8                TIM1_CC_IRQHandler
                0x080082d8                TSC_IRQHandler
                0x080082d8                ADC1_COMP_IRQHandler
                0x080082d8                PVD_IRQHandler
                0x080082d8                I2C1_IRQHandler
                0x080082d8                RCC_CRS_IRQHandler
                0x080082d8                SPI1_IRQHandler
                0x080082d8                TIM6_DAC_IRQHandler
                0x080082d8                EXTI2_3_IRQHandler
                0x080082d8                I2C2_IRQHandler
                0x080082d8                TIM17_IRQHandler
                0x080082d8                CEC_CAN_IRQHandler
                0x080082d8                RTC_IRQHandler
                0x080082d8                TIM16_IRQHandler
                0x080082d8                EXTI4_15_IRQHandler
                0x080082d8                Default_Handler
                0x080082d8                TIM14_IRQHandler
                0x080082d8                DMA1_Channel4_5_IRQHandler
                0x080082d8                TIM15_IRQHandler
                0x080082d8                EXTI0_1_IRQHandler
                0x080082d8                SPI2_IRQHandler
                0x080082d8                WWDG_IRQHandler
                0x080082d8                TIM2_IRQHandler
                0x080082d8                USART2_IRQHandler
                0x080082d8                FLASH_IRQHandler
                0x080082d8                TIM1_BRK_UP_TRG_COM_IRQHandler
 *fill*         0x080082da        0x2 
 .text.HAL_InitTick
                0x080082dc       0x48 ./Drivers/STM32F0xx_HAL_Driver/Src/stm32f0xx_hal.o
                0x080082dc                HAL_InitTick
 .text.HAL_Init
                0x08008324       0x20 ./Drivers/STM32F0xx_HAL_Driver/Src/stm32f0xx_hal.o
                0x08008324                HAL_Init
 .text.HAL_IncTick
                0x08008344       0x18 ./Drivers/STM32F0xx_HAL_Driver/Src/stm32f0xx_hal.o
                0x08008344                HAL_IncTick
 .text.HAL_GetTick
                0x0800835c        0xc ./Drivers/STM32F0xx_HAL_Driver/Src/stm32f0xx_hal.o
                0x0800835c                HAL_GetTick
 .text.ADC_ConversionStop
                0x08008368       0x5a ./Drivers/STM32F0xx_HAL_Driver/Src/stm32f0xx_hal_adc.o
 .text.ADC_Disable
                0x080083c2       0x78 ./Drivers/STM32F0xx_HAL_Driver/Src/stm32f0xx_hal_adc.o
 *fill*         0x0800843a        0x2 
 .text.ADC_Enable.constprop.0
                0x0800843c       0xa0 ./Drivers/STM32F0xx_HAL_Driver/Src/stm32f0xx_hal_adc.o
 .text.HAL_ADC_Init
                0x080084dc      0x144 ./Drivers/STM32F0xx_HAL_Driver/Src/stm32f0xx_hal_adc.o
                0x080084dc                HAL_ADC_Init
 .text.HAL_ADC_Stop
                0x08008620       0x3c ./Drivers/STM32F0xx_HAL_Driver/Src/stm32f0xx_hal_adc.o
                0x08008620                HAL_ADC_Stop
 .text.HAL_ADC_Start_DMA
                0x0800865c       0x94 ./Drivers/STM32F0xx_HAL_Driver/Src/stm32f0xx_hal_adc.o
                0x0800865c                HAL_ADC_Start_DMA
 .text.HAL_ADC_ConvCpltCallback
                0x080086f0        0x2 ./Drivers/STM32F0xx_HAL_Driver/Src/stm32f0xx_hal_adc.o
                0x080086f0                HAL_ADC_ConvCpltCallback
 *fill*         0x080086f2        0x2 
 .text.ADC_DMAConvCplt
                0x080086f4       0x70 ./Drivers/STM32F0xx_HAL_Driver/Src/stm32f0xx_hal_adc.o
 .text.HAL_ADC_ConvHalfCpltCallback
                0x08008764        0x2 ./Drivers/STM32F0xx_HAL_Driver/Src/stm32f0xx_hal_adc.o
                0x08008764                HAL_ADC_ConvHalfCpltCallback
 .text.ADC_DMAHalfConvCplt
                0x08008766        0xa ./Drivers/STM32F0xx_HAL_Driver/Src/stm32f0xx_hal_adc.o
 .text.HAL_ADC_ErrorCallback
                0x08008770        0x2 ./Drivers/STM32F0xx_HAL_Driver/Src/stm32f0xx_hal_adc.o
                0x08008770                HAL_ADC_ErrorCallback
 .text.ADC_DMAError
                0x08008772       0x1a ./Drivers/STM32F0xx_HAL_Driver/Src/stm32f0xx_hal_adc.o
 .text.HAL_ADC_ConfigChannel
                0x0800878c      0x108 ./Drivers/STM32F0xx_HAL_Driver/Src/stm32f0xx_hal_adc.o
                0x0800878c                HAL_ADC_ConfigChannel
 .text.HAL_ADCEx_Calibration_Start
                0x08008894       0xb0 ./Drivers/STM32F0xx_HAL_Driver/Src/stm32f0xx_hal_adc_ex.o
                0x08008894                HAL_ADCEx_Calibration_Start
 .text.HAL_NVIC_SetPriority
                0x08008944       0x54 ./Drivers/STM32F0xx_HAL_Driver/Src/stm32f0xx_hal_cortex.o
                0x08008944                HAL_NVIC_SetPriority
 .text.HAL_NVIC_EnableIRQ
                0x08008998       0x18 ./Drivers/STM32F0xx_HAL_Driver/Src/stm32f0xx_hal_cortex.o
                0x08008998                HAL_NVIC_EnableIRQ
 .text.HAL_SYSTICK_Config
                0x080089b0       0x34 ./Drivers/STM32F0xx_HAL_Driver/Src/stm32f0xx_hal_cortex.o
                0x080089b0                HAL_SYSTICK_Config
 .text.HAL_DMA_Init
                0x080089e4       0x64 ./Drivers/STM32F0xx_HAL_Driver/Src/stm32f0xx_hal_dma.o
                0x080089e4                HAL_DMA_Init
 .text.HAL_DMA_Start_IT
                0x08008a48       0x78 ./Drivers/STM32F0xx_HAL_Driver/Src/stm32f0xx_hal_dma.o
                0x08008a48                HAL_DMA_Start_IT
 .text.HAL_DMA_Abort
                0x08008ac0       0x3c ./Drivers/STM32F0xx_HAL_Driver/Src/stm32f0xx_hal_dma.o
                0x08008ac0                HAL_DMA_Abort
 .text.HAL_DMA_Abort_IT
                0x08008afc       0x42 ./Drivers/STM32F0xx_HAL_Driver/Src/stm32f0xx_hal_dma.o
                0x08008afc                HAL_DMA_Abort_IT
 .text.HAL_DMA_IRQHandler
                0x08008b3e       0x92 ./Drivers/STM32F0xx_HAL_Driver/Src/stm32f0xx_hal_dma.o
                0x08008b3e                HAL_DMA_IRQHandler
 .text.FLASH_SetErrorCode
                0x08008bd0       0x3c ./Drivers/STM32F0xx_HAL_Driver/Src/stm32f0xx_hal_flash.o
 .text.HAL_FLASH_Unlock
                0x08008c0c       0x28 ./Drivers/STM32F0xx_HAL_Driver/Src/stm32f0xx_hal_flash.o
                0x08008c0c                HAL_FLASH_Unlock
 .text.HAL_FLASH_Lock
                0x08008c34       0x14 ./Drivers/STM32F0xx_HAL_Driver/Src/stm32f0xx_hal_flash.o
                0x08008c34                HAL_FLASH_Lock
 .text.FLASH_WaitForLastOperation
                0x08008c48       0x54 ./Drivers/STM32F0xx_HAL_Driver/Src/stm32f0xx_hal_flash.o
                0x08008c48                FLASH_WaitForLastOperation
 .text.HAL_FLASH_Program
                0x08008c9c       0x8c ./Drivers/STM32F0xx_HAL_Driver/Src/stm32f0xx_hal_flash.o
                0x08008c9c                HAL_FLASH_Program
 .text.FLASH_MassErase
                0x08008d28       0x24 ./Drivers/STM32F0xx_HAL_Driver/Src/stm32f0xx_hal_flash_ex.o
 .text.FLASH_PageErase
                0x08008d4c       0x24 ./Drivers/STM32F0xx_HAL_Driver/Src/stm32f0xx_hal_flash_ex.o
                0x08008d4c                FLASH_PageErase
 .text.HAL_FLASHEx_Erase
                0x08008d70       0x94 ./Drivers/STM32F0xx_HAL_Driver/Src/stm32f0xx_hal_flash_ex.o
                0x08008d70                HAL_FLASHEx_Erase
 .text.HAL_GPIO_Init
                0x08008e04      0x170 ./Drivers/STM32F0xx_HAL_Driver/Src/stm32f0xx_hal_gpio.o
                0x08008e04                HAL_GPIO_Init
 .text.HAL_GPIO_ReadPin
                0x08008f74        0xc ./Drivers/STM32F0xx_HAL_Driver/Src/stm32f0xx_hal_gpio.o
                0x08008f74                HAL_GPIO_ReadPin
 .text.HAL_GPIO_WritePin
                0x08008f80        0xc ./Drivers/STM32F0xx_HAL_Driver/Src/stm32f0xx_hal_gpio.o
                0x08008f80                HAL_GPIO_WritePin
 .text.HAL_RCC_OscConfig
                0x08008f8c      0x3fc ./Drivers/STM32F0xx_HAL_Driver/Src/stm32f0xx_hal_rcc.o
                0x08008f8c                HAL_RCC_OscConfig
 .text.HAL_RCC_GetSysClockFreq
                0x08009388       0x4c ./Drivers/STM32F0xx_HAL_Driver/Src/stm32f0xx_hal_rcc.o
                0x08009388                HAL_RCC_GetSysClockFreq
 .text.HAL_RCC_ClockConfig
                0x080093d4      0x108 ./Drivers/STM32F0xx_HAL_Driver/Src/stm32f0xx_hal_rcc.o
                0x080093d4                HAL_RCC_ClockConfig
 .text.HAL_RCC_GetPCLK1Freq
                0x080094dc       0x20 ./Drivers/STM32F0xx_HAL_Driver/Src/stm32f0xx_hal_rcc.o
                0x080094dc                HAL_RCC_GetPCLK1Freq
 .text.HAL_RCCEx_PeriphCLKConfig
                0x080094fc      0x120 ./Drivers/STM32F0xx_HAL_Driver/Src/stm32f0xx_hal_rcc_ex.o
                0x080094fc                HAL_RCCEx_PeriphCLKConfig
 .text.TIM_OC1_SetConfig
                0x0800961c       0x88 ./Drivers/STM32F0xx_HAL_Driver/Src/stm32f0xx_hal_tim.o
 .text.TIM_OC3_SetConfig
                0x080096a4       0x88 ./Drivers/STM32F0xx_HAL_Driver/Src/stm32f0xx_hal_tim.o
 .text.TIM_OC4_SetConfig
                0x0800972c       0x74 ./Drivers/STM32F0xx_HAL_Driver/Src/stm32f0xx_hal_tim.o
 .text.HAL_TIM_Base_Start_IT
                0x080097a0       0x60 ./Drivers/STM32F0xx_HAL_Driver/Src/stm32f0xx_hal_tim.o
                0x080097a0                HAL_TIM_Base_Start_IT
 .text.HAL_TIM_PWM_MspInit
                0x08009800        0x2 ./Drivers/STM32F0xx_HAL_Driver/Src/stm32f0xx_hal_tim.o
                0x08009800                HAL_TIM_PWM_MspInit
 .text.HAL_TIM_OC_DelayElapsedCallback
                0x08009802        0x2 ./Drivers/STM32F0xx_HAL_Driver/Src/stm32f0xx_hal_tim.o
                0x08009802                HAL_TIM_OC_DelayElapsedCallback
 .text.HAL_TIM_IC_CaptureCallback
                0x08009804        0x2 ./Drivers/STM32F0xx_HAL_Driver/Src/stm32f0xx_hal_tim.o
                0x08009804                HAL_TIM_IC_CaptureCallback
 .text.HAL_TIM_PWM_PulseFinishedCallback
                0x08009806        0x2 ./Drivers/STM32F0xx_HAL_Driver/Src/stm32f0xx_hal_tim.o
                0x08009806                HAL_TIM_PWM_PulseFinishedCallback
 .text.HAL_TIM_TriggerCallback
                0x08009808        0x2 ./Drivers/STM32F0xx_HAL_Driver/Src/stm32f0xx_hal_tim.o
                0x08009808                HAL_TIM_TriggerCallback
 .text.HAL_TIM_IRQHandler
                0x0800980a      0x138 ./Drivers/STM32F0xx_HAL_Driver/Src/stm32f0xx_hal_tim.o
                0x0800980a                HAL_TIM_IRQHandler
 *fill*         0x08009942        0x2 
 .text.TIM_Base_SetConfig
                0x08009944       0xac ./Drivers/STM32F0xx_HAL_Driver/Src/stm32f0xx_hal_tim.o
                0x08009944                TIM_Base_SetConfig
 .text.HAL_TIM_Base_Init
                0x080099f0       0x50 ./Drivers/STM32F0xx_HAL_Driver/Src/stm32f0xx_hal_tim.o
                0x080099f0                HAL_TIM_Base_Init
 .text.HAL_TIM_PWM_Init
                0x08009a40       0x50 ./Drivers/STM32F0xx_HAL_Driver/Src/stm32f0xx_hal_tim.o
                0x08009a40                HAL_TIM_PWM_Init
 .text.TIM_OC2_SetConfig
                0x08009a90       0x80 ./Drivers/STM32F0xx_HAL_Driver/Src/stm32f0xx_hal_tim.o
                0x08009a90                TIM_OC2_SetConfig
 .text.HAL_TIM_PWM_ConfigChannel
                0x08009b10       0xc0 ./Drivers/STM32F0xx_HAL_Driver/Src/stm32f0xx_hal_tim.o
                0x08009b10                HAL_TIM_PWM_ConfigChannel
 .text.TIM_ETR_SetConfig
                0x08009bd0       0x18 ./Drivers/STM32F0xx_HAL_Driver/Src/stm32f0xx_hal_tim.o
                0x08009bd0                TIM_ETR_SetConfig
 .text.HAL_TIM_ConfigClockSource
                0x08009be8      0x12c ./Drivers/STM32F0xx_HAL_Driver/Src/stm32f0xx_hal_tim.o
                0x08009be8                HAL_TIM_ConfigClockSource
 .text.TIM_CCxChannelCmd
                0x08009d14       0x1a ./Drivers/STM32F0xx_HAL_Driver/Src/stm32f0xx_hal_tim.o
                0x08009d14                TIM_CCxChannelCmd
 *fill*         0x08009d2e        0x2 
 .text.HAL_TIM_OC_Start
                0x08009d30       0xc4 ./Drivers/STM32F0xx_HAL_Driver/Src/stm32f0xx_hal_tim.o
                0x08009d30                HAL_TIM_OC_Start
 .text.HAL_TIM_PWM_Start
                0x08009df4        0x8 ./Drivers/STM32F0xx_HAL_Driver/Src/stm32f0xx_hal_tim.o
                0x08009df4                HAL_TIM_PWM_Start
 .text.HAL_TIM_OC_Stop
                0x08009dfc       0x94 ./Drivers/STM32F0xx_HAL_Driver/Src/stm32f0xx_hal_tim.o
                0x08009dfc                HAL_TIM_OC_Stop
 .text.HAL_TIM_PWM_Stop
                0x08009e90        0x8 ./Drivers/STM32F0xx_HAL_Driver/Src/stm32f0xx_hal_tim.o
                0x08009e90                HAL_TIM_PWM_Stop
 .text.HAL_TIMEx_MasterConfigSynchronization
                0x08009e98       0x64 ./Drivers/STM32F0xx_HAL_Driver/Src/stm32f0xx_hal_tim_ex.o
                0x08009e98                HAL_TIMEx_MasterConfigSynchronization
 .text.HAL_TIMEx_CommutCallback
                0x08009efc        0x2 ./Drivers/STM32F0xx_HAL_Driver/Src/stm32f0xx_hal_tim_ex.o
                0x08009efc                HAL_TIMEx_CommutCallback
 .text.HAL_TIMEx_BreakCallback
                0x08009efe        0x2 ./Drivers/STM32F0xx_HAL_Driver/Src/stm32f0xx_hal_tim_ex.o
                0x08009efe                HAL_TIMEx_BreakCallback
 .text.UART_EndRxTransfer
                0x08009f00       0x5c ./Drivers/STM32F0xx_HAL_Driver/Src/stm32f0xx_hal_uart.o
 .text.HAL_UART_TxCpltCallback
                0x08009f5c        0x2 ./Drivers/STM32F0xx_HAL_Driver/Src/stm32f0xx_hal_uart.o
                0x08009f5c                HAL_UART_TxCpltCallback
 .text.HAL_UART_RxCpltCallback
                0x08009f5e        0x2 ./Drivers/STM32F0xx_HAL_Driver/Src/stm32f0xx_hal_uart.o
                0x08009f5e                HAL_UART_RxCpltCallback
 .text.HAL_UART_RxHalfCpltCallback
                0x08009f60        0x2 ./Drivers/STM32F0xx_HAL_Driver/Src/stm32f0xx_hal_uart.o
                0x08009f60                HAL_UART_RxHalfCpltCallback
 .text.HAL_UART_ErrorCallback
                0x08009f62        0x2 ./Drivers/STM32F0xx_HAL_Driver/Src/stm32f0xx_hal_uart.o
                0x08009f62                HAL_UART_ErrorCallback
 .text.UART_DMAError
                0x08009f64       0x68 ./Drivers/STM32F0xx_HAL_Driver/Src/stm32f0xx_hal_uart.o
 .text.UART_DMAAbortOnError
                0x08009fcc       0x16 ./Drivers/STM32F0xx_HAL_Driver/Src/stm32f0xx_hal_uart.o
 *fill*         0x08009fe2        0x2 
 .text.HAL_UART_IRQHandler
                0x08009fe4      0x2bc ./Drivers/STM32F0xx_HAL_Driver/Src/stm32f0xx_hal_uart.o
                0x08009fe4                HAL_UART_IRQHandler
 .text.UART_DMARxHalfCplt
                0x0800a2a0       0x22 ./Drivers/STM32F0xx_HAL_Driver/Src/stm32f0xx_hal_uart.o
 *fill*         0x0800a2c2        0x2 
 .text.UART_DMAReceiveCplt
                0x0800a2c4       0x9c ./Drivers/STM32F0xx_HAL_Driver/Src/stm32f0xx_hal_uart.o
 .text.UART_SetConfig
                0x0800a360      0x130 ./Drivers/STM32F0xx_HAL_Driver/Src/stm32f0xx_hal_uart.o
                0x0800a360                UART_SetConfig
 .text.UART_AdvFeatureConfig
                0x0800a490       0xd0 ./Drivers/STM32F0xx_HAL_Driver/Src/stm32f0xx_hal_uart.o
                0x0800a490                UART_AdvFeatureConfig
 .text.UART_WaitOnFlagUntilTimeout
                0x0800a560       0x90 ./Drivers/STM32F0xx_HAL_Driver/Src/stm32f0xx_hal_uart.o
                0x0800a560                UART_WaitOnFlagUntilTimeout
 .text.HAL_UART_Transmit
                0x0800a5f0       0xcc ./Drivers/STM32F0xx_HAL_Driver/Src/stm32f0xx_hal_uart.o
                0x0800a5f0                HAL_UART_Transmit
 .text.UART_CheckIdleState
                0x0800a6bc       0xc0 ./Drivers/STM32F0xx_HAL_Driver/Src/stm32f0xx_hal_uart.o
                0x0800a6bc                UART_CheckIdleState
 .text.HAL_UART_Init
                0x0800a77c       0x64 ./Drivers/STM32F0xx_HAL_Driver/Src/stm32f0xx_hal_uart.o
                0x0800a77c                HAL_UART_Init
 .text.UART_Start_Receive_DMA
                0x0800a7e0       0xa8 ./Drivers/STM32F0xx_HAL_Driver/Src/stm32f0xx_hal_uart.o
                0x0800a7e0                UART_Start_Receive_DMA
 .text.HAL_UARTEx_WakeupCallback
                0x0800a888        0x2 ./Drivers/STM32F0xx_HAL_Driver/Src/stm32f0xx_hal_uart_ex.o
                0x0800a888                HAL_UARTEx_WakeupCallback
 .text.HAL_UARTEx_ReceiveToIdle_DMA
                0x0800a88a       0x62 ./Drivers/STM32F0xx_HAL_Driver/Src/stm32f0xx_hal_uart_ex.o
                0x0800a88a                HAL_UARTEx_ReceiveToIdle_DMA
 .text.calloc   0x0800a8ec       0x14 C:/ST/STM32CubeIDE_1.16.0/STM32CubeIDE/plugins/com.st.stm32cube.ide.mcu.externaltools.gnu-tools-for-stm32.12.3.rel1.win32_1.0.200.202406191623/tools/bin/../lib/gcc/arm-none-eabi/12.3.1/../../../../arm-none-eabi/lib/thumb/v6-m/nofp\libc_nano.a(libc_a-calloc.o)
                0x0800a8ec                calloc
 .text._calloc_r
                0x0800a900       0x5a C:/ST/STM32CubeIDE_1.16.0/STM32CubeIDE/plugins/com.st.stm32cube.ide.mcu.externaltools.gnu-tools-for-stm32.12.3.rel1.win32_1.0.200.202406191623/tools/bin/../lib/gcc/arm-none-eabi/12.3.1/../../../../arm-none-eabi/lib/thumb/v6-m/nofp\libc_nano.a(libc_a-callocr.o)
                0x0800a900                _calloc_r
 *fill*         0x0800a95a        0x2 
 .text.malloc   0x0800a95c       0x14 C:/ST/STM32CubeIDE_1.16.0/STM32CubeIDE/plugins/com.st.stm32cube.ide.mcu.externaltools.gnu-tools-for-stm32.12.3.rel1.win32_1.0.200.202406191623/tools/bin/../lib/gcc/arm-none-eabi/12.3.1/../../../../arm-none-eabi/lib/thumb/v6-m/nofp\libc_nano.a(libc_a-malloc.o)
                0x0800a95c                malloc
 .text.free     0x0800a970       0x14 C:/ST/STM32CubeIDE_1.16.0/STM32CubeIDE/plugins/com.st.stm32cube.ide.mcu.externaltools.gnu-tools-for-stm32.12.3.rel1.win32_1.0.200.202406191623/tools/bin/../lib/gcc/arm-none-eabi/12.3.1/../../../../arm-none-eabi/lib/thumb/v6-m/nofp\libc_nano.a(libc_a-malloc.o)
                0x0800a970                free
 .text.sbrk_aligned
                0x0800a984       0x44 C:/ST/STM32CubeIDE_1.16.0/STM32CubeIDE/plugins/com.st.stm32cube.ide.mcu.externaltools.gnu-tools-for-stm32.12.3.rel1.win32_1.0.200.202406191623/tools/bin/../lib/gcc/arm-none-eabi/12.3.1/../../../../arm-none-eabi/lib/thumb/v6-m/nofp\libc_nano.a(libc_a-mallocr.o)
 .text._malloc_r
                0x0800a9c8      0x100 C:/ST/STM32CubeIDE_1.16.0/STM32CubeIDE/plugins/com.st.stm32cube.ide.mcu.externaltools.gnu-tools-for-stm32.12.3.rel1.win32_1.0.200.202406191623/tools/bin/../lib/gcc/arm-none-eabi/12.3.1/../../../../arm-none-eabi/lib/thumb/v6-m/nofp\libc_nano.a(libc_a-mallocr.o)
                0x0800a9c8                _malloc_r
 .text.__malloc_lock
                0x0800aac8       0x10 C:/ST/STM32CubeIDE_1.16.0/STM32CubeIDE/plugins/com.st.stm32cube.ide.mcu.externaltools.gnu-tools-for-stm32.12.3.rel1.win32_1.0.200.202406191623/tools/bin/../lib/gcc/arm-none-eabi/12.3.1/../../../../arm-none-eabi/lib/thumb/v6-m/nofp\libc_nano.a(libc_a-mlock.o)
                0x0800aac8                __malloc_lock
 .text.__malloc_unlock
                0x0800aad8       0x10 C:/ST/STM32CubeIDE_1.16.0/STM32CubeIDE/plugins/com.st.stm32cube.ide.mcu.externaltools.gnu-tools-for-stm32.12.3.rel1.win32_1.0.200.202406191623/tools/bin/../lib/gcc/arm-none-eabi/12.3.1/../../../../arm-none-eabi/lib/thumb/v6-m/nofp\libc_nano.a(libc_a-mlock.o)
                0x0800aad8                __malloc_unlock
 .text.__cvt    0x0800aae8       0xcc C:/ST/STM32CubeIDE_1.16.0/STM32CubeIDE/plugins/com.st.stm32cube.ide.mcu.externaltools.gnu-tools-for-stm32.12.3.rel1.win32_1.0.200.202406191623/tools/bin/../lib/gcc/arm-none-eabi/12.3.1/../../../../arm-none-eabi/lib/thumb/v6-m/nofp\libc_nano.a(libc_a-nano-vfprintf_float.o)
                0x0800aae8                __cvt
 .text.__exponent
                0x0800abb4       0x80 C:/ST/STM32CubeIDE_1.16.0/STM32CubeIDE/plugins/com.st.stm32cube.ide.mcu.externaltools.gnu-tools-for-stm32.12.3.rel1.win32_1.0.200.202406191623/tools/bin/../lib/gcc/arm-none-eabi/12.3.1/../../../../arm-none-eabi/lib/thumb/v6-m/nofp\libc_nano.a(libc_a-nano-vfprintf_float.o)
                0x0800abb4                __exponent
 .text._printf_float
                0x0800ac34      0x47c C:/ST/STM32CubeIDE_1.16.0/STM32CubeIDE/plugins/com.st.stm32cube.ide.mcu.externaltools.gnu-tools-for-stm32.12.3.rel1.win32_1.0.200.202406191623/tools/bin/../lib/gcc/arm-none-eabi/12.3.1/../../../../arm-none-eabi/lib/thumb/v6-m/nofp\libc_nano.a(libc_a-nano-vfprintf_float.o)
                0x0800ac34                _printf_float
 .text._printf_common
                0x0800b0b0       0xde C:/ST/STM32CubeIDE_1.16.0/STM32CubeIDE/plugins/com.st.stm32cube.ide.mcu.externaltools.gnu-tools-for-stm32.12.3.rel1.win32_1.0.200.202406191623/tools/bin/../lib/gcc/arm-none-eabi/12.3.1/../../../../arm-none-eabi/lib/thumb/v6-m/nofp\libc_nano.a(libc_a-nano-vfprintf_i.o)
                0x0800b0b0                _printf_common
 *fill*         0x0800b18e        0x2 
 .text._printf_i
                0x0800b190      0x21c C:/ST/STM32CubeIDE_1.16.0/STM32CubeIDE/plugins/com.st.stm32cube.ide.mcu.externaltools.gnu-tools-for-stm32.12.3.rel1.win32_1.0.200.202406191623/tools/bin/../lib/gcc/arm-none-eabi/12.3.1/../../../../arm-none-eabi/lib/thumb/v6-m/nofp\libc_nano.a(libc_a-nano-vfprintf_i.o)
                0x0800b190                _printf_i
 .text.std      0x0800b3ac       0x6c C:/ST/STM32CubeIDE_1.16.0/STM32CubeIDE/plugins/com.st.stm32cube.ide.mcu.externaltools.gnu-tools-for-stm32.12.3.rel1.win32_1.0.200.202406191623/tools/bin/../lib/gcc/arm-none-eabi/12.3.1/../../../../arm-none-eabi/lib/thumb/v6-m/nofp\libc_nano.a(libc_a-findfp.o)
 .text.stdio_exit_handler
                0x0800b418       0x1c C:/ST/STM32CubeIDE_1.16.0/STM32CubeIDE/plugins/com.st.stm32cube.ide.mcu.externaltools.gnu-tools-for-stm32.12.3.rel1.win32_1.0.200.202406191623/tools/bin/../lib/gcc/arm-none-eabi/12.3.1/../../../../arm-none-eabi/lib/thumb/v6-m/nofp\libc_nano.a(libc_a-findfp.o)
 .text.cleanup_stdio
                0x0800b434       0x3c C:/ST/STM32CubeIDE_1.16.0/STM32CubeIDE/plugins/com.st.stm32cube.ide.mcu.externaltools.gnu-tools-for-stm32.12.3.rel1.win32_1.0.200.202406191623/tools/bin/../lib/gcc/arm-none-eabi/12.3.1/../../../../arm-none-eabi/lib/thumb/v6-m/nofp\libc_nano.a(libc_a-findfp.o)
 .text.global_stdio_init.part.0
                0x0800b470       0x3c C:/ST/STM32CubeIDE_1.16.0/STM32CubeIDE/plugins/com.st.stm32cube.ide.mcu.externaltools.gnu-tools-for-stm32.12.3.rel1.win32_1.0.200.202406191623/tools/bin/../lib/gcc/arm-none-eabi/12.3.1/../../../../arm-none-eabi/lib/thumb/v6-m/nofp\libc_nano.a(libc_a-findfp.o)
 .text.__sfp_lock_acquire
                0x0800b4ac       0x10 C:/ST/STM32CubeIDE_1.16.0/STM32CubeIDE/plugins/com.st.stm32cube.ide.mcu.externaltools.gnu-tools-for-stm32.12.3.rel1.win32_1.0.200.202406191623/tools/bin/../lib/gcc/arm-none-eabi/12.3.1/../../../../arm-none-eabi/lib/thumb/v6-m/nofp\libc_nano.a(libc_a-findfp.o)
                0x0800b4ac                __sfp_lock_acquire
 .text.__sfp_lock_release
                0x0800b4bc       0x10 C:/ST/STM32CubeIDE_1.16.0/STM32CubeIDE/plugins/com.st.stm32cube.ide.mcu.externaltools.gnu-tools-for-stm32.12.3.rel1.win32_1.0.200.202406191623/tools/bin/../lib/gcc/arm-none-eabi/12.3.1/../../../../arm-none-eabi/lib/thumb/v6-m/nofp\libc_nano.a(libc_a-findfp.o)
                0x0800b4bc                __sfp_lock_release
 .text.__sinit  0x0800b4cc       0x30 C:/ST/STM32CubeIDE_1.16.0/STM32CubeIDE/plugins/com.st.stm32cube.ide.mcu.externaltools.gnu-tools-for-stm32.12.3.rel1.win32_1.0.200.202406191623/tools/bin/../lib/gcc/arm-none-eabi/12.3.1/../../../../arm-none-eabi/lib/thumb/v6-m/nofp\libc_nano.a(libc_a-findfp.o)
                0x0800b4cc                __sinit
 .text._fwalk_sglue
                0x0800b4fc       0x38 C:/ST/STM32CubeIDE_1.16.0/STM32CubeIDE/plugins/com.st.stm32cube.ide.mcu.externaltools.gnu-tools-for-stm32.12.3.rel1.win32_1.0.200.202406191623/tools/bin/../lib/gcc/arm-none-eabi/12.3.1/../../../../arm-none-eabi/lib/thumb/v6-m/nofp\libc_nano.a(libc_a-fwalk.o)
                0x0800b4fc                _fwalk_sglue
 .text.__sread  0x0800b534       0x28 C:/ST/STM32CubeIDE_1.16.0/STM32CubeIDE/plugins/com.st.stm32cube.ide.mcu.externaltools.gnu-tools-for-stm32.12.3.rel1.win32_1.0.200.202406191623/tools/bin/../lib/gcc/arm-none-eabi/12.3.1/../../../../arm-none-eabi/lib/thumb/v6-m/nofp\libc_nano.a(libc_a-stdio.o)
                0x0800b534                __sread
 .text.__swrite
                0x0800b55c       0x38 C:/ST/STM32CubeIDE_1.16.0/STM32CubeIDE/plugins/com.st.stm32cube.ide.mcu.externaltools.gnu-tools-for-stm32.12.3.rel1.win32_1.0.200.202406191623/tools/bin/../lib/gcc/arm-none-eabi/12.3.1/../../../../arm-none-eabi/lib/thumb/v6-m/nofp\libc_nano.a(libc_a-stdio.o)
                0x0800b55c                __swrite
 .text.__sseek  0x0800b594       0x2c C:/ST/STM32CubeIDE_1.16.0/STM32CubeIDE/plugins/com.st.stm32cube.ide.mcu.externaltools.gnu-tools-for-stm32.12.3.rel1.win32_1.0.200.202406191623/tools/bin/../lib/gcc/arm-none-eabi/12.3.1/../../../../arm-none-eabi/lib/thumb/v6-m/nofp\libc_nano.a(libc_a-stdio.o)
                0x0800b594                __sseek
 .text.__sclose
                0x0800b5c0        0xc C:/ST/STM32CubeIDE_1.16.0/STM32CubeIDE/plugins/com.st.stm32cube.ide.mcu.externaltools.gnu-tools-for-stm32.12.3.rel1.win32_1.0.200.202406191623/tools/bin/../lib/gcc/arm-none-eabi/12.3.1/../../../../arm-none-eabi/lib/thumb/v6-m/nofp\libc_nano.a(libc_a-stdio.o)
                0x0800b5c0                __sclose
 .text.memcmp   0x0800b5cc       0x1c C:/ST/STM32CubeIDE_1.16.0/STM32CubeIDE/plugins/com.st.stm32cube.ide.mcu.externaltools.gnu-tools-for-stm32.12.3.rel1.win32_1.0.200.202406191623/tools/bin/../lib/gcc/arm-none-eabi/12.3.1/../../../../arm-none-eabi/lib/thumb/v6-m/nofp\libc_nano.a(libc_a-memcmp.o)
                0x0800b5cc                memcmp
 .text.memset   0x0800b5e8       0x10 C:/ST/STM32CubeIDE_1.16.0/STM32CubeIDE/plugins/com.st.stm32cube.ide.mcu.externaltools.gnu-tools-for-stm32.12.3.rel1.win32_1.0.200.202406191623/tools/bin/../lib/gcc/arm-none-eabi/12.3.1/../../../../arm-none-eabi/lib/thumb/v6-m/nofp\libc_nano.a(libc_a-memset.o)
                0x0800b5e8                memset
 .text.strncpy  0x0800b5f8       0x28 C:/ST/STM32CubeIDE_1.16.0/STM32CubeIDE/plugins/com.st.stm32cube.ide.mcu.externaltools.gnu-tools-for-stm32.12.3.rel1.win32_1.0.200.202406191623/tools/bin/../lib/gcc/arm-none-eabi/12.3.1/../../../../arm-none-eabi/lib/thumb/v6-m/nofp\libc_nano.a(libc_a-strncpy.o)
                0x0800b5f8                strncpy
 .text._localeconv_r
                0x0800b620        0x8 C:/ST/STM32CubeIDE_1.16.0/STM32CubeIDE/plugins/com.st.stm32cube.ide.mcu.externaltools.gnu-tools-for-stm32.12.3.rel1.win32_1.0.200.202406191623/tools/bin/../lib/gcc/arm-none-eabi/12.3.1/../../../../arm-none-eabi/lib/thumb/v6-m/nofp\libc_nano.a(libc_a-localeconv.o)
                0x0800b620                _localeconv_r
 .text._close_r
                0x0800b628       0x24 C:/ST/STM32CubeIDE_1.16.0/STM32CubeIDE/plugins/com.st.stm32cube.ide.mcu.externaltools.gnu-tools-for-stm32.12.3.rel1.win32_1.0.200.202406191623/tools/bin/../lib/gcc/arm-none-eabi/12.3.1/../../../../arm-none-eabi/lib/thumb/v6-m/nofp\libc_nano.a(libc_a-closer.o)
                0x0800b628                _close_r
 .text._lseek_r
                0x0800b64c       0x28 C:/ST/STM32CubeIDE_1.16.0/STM32CubeIDE/plugins/com.st.stm32cube.ide.mcu.externaltools.gnu-tools-for-stm32.12.3.rel1.win32_1.0.200.202406191623/tools/bin/../lib/gcc/arm-none-eabi/12.3.1/../../../../arm-none-eabi/lib/thumb/v6-m/nofp\libc_nano.a(libc_a-lseekr.o)
                0x0800b64c                _lseek_r
 .text._read_r  0x0800b674       0x28 C:/ST/STM32CubeIDE_1.16.0/STM32CubeIDE/plugins/com.st.stm32cube.ide.mcu.externaltools.gnu-tools-for-stm32.12.3.rel1.win32_1.0.200.202406191623/tools/bin/../lib/gcc/arm-none-eabi/12.3.1/../../../../arm-none-eabi/lib/thumb/v6-m/nofp\libc_nano.a(libc_a-readr.o)
                0x0800b674                _read_r
 .text._sbrk_r  0x0800b69c       0x24 C:/ST/STM32CubeIDE_1.16.0/STM32CubeIDE/plugins/com.st.stm32cube.ide.mcu.externaltools.gnu-tools-for-stm32.12.3.rel1.win32_1.0.200.202406191623/tools/bin/../lib/gcc/arm-none-eabi/12.3.1/../../../../arm-none-eabi/lib/thumb/v6-m/nofp\libc_nano.a(libc_a-sbrkr.o)
                0x0800b69c                _sbrk_r
 .text._write_r
                0x0800b6c0       0x28 C:/ST/STM32CubeIDE_1.16.0/STM32CubeIDE/plugins/com.st.stm32cube.ide.mcu.externaltools.gnu-tools-for-stm32.12.3.rel1.win32_1.0.200.202406191623/tools/bin/../lib/gcc/arm-none-eabi/12.3.1/../../../../arm-none-eabi/lib/thumb/v6-m/nofp\libc_nano.a(libc_a-writer.o)
                0x0800b6c0                _write_r
 .text.__errno  0x0800b6e8        0xc C:/ST/STM32CubeIDE_1.16.0/STM32CubeIDE/plugins/com.st.stm32cube.ide.mcu.externaltools.gnu-tools-for-stm32.12.3.rel1.win32_1.0.200.202406191623/tools/bin/../lib/gcc/arm-none-eabi/12.3.1/../../../../arm-none-eabi/lib/thumb/v6-m/nofp\libc_nano.a(libc_a-errno.o)
                0x0800b6e8                __errno
 .text.__libc_init_array
                0x0800b6f4       0x48 C:/ST/STM32CubeIDE_1.16.0/STM32CubeIDE/plugins/com.st.stm32cube.ide.mcu.externaltools.gnu-tools-for-stm32.12.3.rel1.win32_1.0.200.202406191623/tools/bin/../lib/gcc/arm-none-eabi/12.3.1/../../../../arm-none-eabi/lib/thumb/v6-m/nofp\libc_nano.a(libc_a-init.o)
                0x0800b6f4                __libc_init_array
 .text.__retarget_lock_init_recursive
                0x0800b73c        0x2 C:/ST/STM32CubeIDE_1.16.0/STM32CubeIDE/plugins/com.st.stm32cube.ide.mcu.externaltools.gnu-tools-for-stm32.12.3.rel1.win32_1.0.200.202406191623/tools/bin/../lib/gcc/arm-none-eabi/12.3.1/../../../../arm-none-eabi/lib/thumb/v6-m/nofp\libc_nano.a(libc_a-lock.o)
                0x0800b73c                __retarget_lock_init_recursive
 .text.__retarget_lock_acquire_recursive
                0x0800b73e        0x2 C:/ST/STM32CubeIDE_1.16.0/STM32CubeIDE/plugins/com.st.stm32cube.ide.mcu.externaltools.gnu-tools-for-stm32.12.3.rel1.win32_1.0.200.202406191623/tools/bin/../lib/gcc/arm-none-eabi/12.3.1/../../../../arm-none-eabi/lib/thumb/v6-m/nofp\libc_nano.a(libc_a-lock.o)
                0x0800b73e                __retarget_lock_acquire_recursive
 .text.__retarget_lock_release_recursive
                0x0800b740        0x2 C:/ST/STM32CubeIDE_1.16.0/STM32CubeIDE/plugins/com.st.stm32cube.ide.mcu.externaltools.gnu-tools-for-stm32.12.3.rel1.win32_1.0.200.202406191623/tools/bin/../lib/gcc/arm-none-eabi/12.3.1/../../../../arm-none-eabi/lib/thumb/v6-m/nofp\libc_nano.a(libc_a-lock.o)
                0x0800b740                __retarget_lock_release_recursive
 .text.strcpy   0x0800b742       0x10 C:/ST/STM32CubeIDE_1.16.0/STM32CubeIDE/plugins/com.st.stm32cube.ide.mcu.externaltools.gnu-tools-for-stm32.12.3.rel1.win32_1.0.200.202406191623/tools/bin/../lib/gcc/arm-none-eabi/12.3.1/../../../../arm-none-eabi/lib/thumb/v6-m/nofp\libc_nano.a(libc_a-strcpy.o)
                0x0800b742                strcpy
 .text.memchr   0x0800b752       0x16 C:/ST/STM32CubeIDE_1.16.0/STM32CubeIDE/plugins/com.st.stm32cube.ide.mcu.externaltools.gnu-tools-for-stm32.12.3.rel1.win32_1.0.200.202406191623/tools/bin/../lib/gcc/arm-none-eabi/12.3.1/../../../../arm-none-eabi/lib/thumb/v6-m/nofp\libc_nano.a(libc_a-memchr-stub.o)
                0x0800b752                memchr
 .text.memcpy   0x0800b768       0x12 C:/ST/STM32CubeIDE_1.16.0/STM32CubeIDE/plugins/com.st.stm32cube.ide.mcu.externaltools.gnu-tools-for-stm32.12.3.rel1.win32_1.0.200.202406191623/tools/bin/../lib/gcc/arm-none-eabi/12.3.1/../../../../arm-none-eabi/lib/thumb/v6-m/nofp\libc_nano.a(libc_a-memcpy-stub.o)
                0x0800b768                memcpy
 .text.quorem   0x0800b77a      0x11c C:/ST/STM32CubeIDE_1.16.0/STM32CubeIDE/plugins/com.st.stm32cube.ide.mcu.externaltools.gnu-tools-for-stm32.12.3.rel1.win32_1.0.200.202406191623/tools/bin/../lib/gcc/arm-none-eabi/12.3.1/../../../../arm-none-eabi/lib/thumb/v6-m/nofp\libc_nano.a(libc_a-dtoa.o)
 *fill*         0x0800b896        0x2 
 .text._dtoa_r  0x0800b898      0xbe8 C:/ST/STM32CubeIDE_1.16.0/STM32CubeIDE/plugins/com.st.stm32cube.ide.mcu.externaltools.gnu-tools-for-stm32.12.3.rel1.win32_1.0.200.202406191623/tools/bin/../lib/gcc/arm-none-eabi/12.3.1/../../../../arm-none-eabi/lib/thumb/v6-m/nofp\libc_nano.a(libc_a-dtoa.o)
                0x0800b898                _dtoa_r
 .text._free_r  0x0800c480       0x94 C:/ST/STM32CubeIDE_1.16.0/STM32CubeIDE/plugins/com.st.stm32cube.ide.mcu.externaltools.gnu-tools-for-stm32.12.3.rel1.win32_1.0.200.202406191623/tools/bin/../lib/gcc/arm-none-eabi/12.3.1/../../../../arm-none-eabi/lib/thumb/v6-m/nofp\libc_nano.a(libc_a-freer.o)
                0x0800c480                _free_r
 .text._Balloc  0x0800c514       0x88 C:/ST/STM32CubeIDE_1.16.0/STM32CubeIDE/plugins/com.st.stm32cube.ide.mcu.externaltools.gnu-tools-for-stm32.12.3.rel1.win32_1.0.200.202406191623/tools/bin/../lib/gcc/arm-none-eabi/12.3.1/../../../../arm-none-eabi/lib/thumb/v6-m/nofp\libc_nano.a(libc_a-mprec.o)
                0x0800c514                _Balloc
 .text._Bfree   0x0800c59c       0x48 C:/ST/STM32CubeIDE_1.16.0/STM32CubeIDE/plugins/com.st.stm32cube.ide.mcu.externaltools.gnu-tools-for-stm32.12.3.rel1.win32_1.0.200.202406191623/tools/bin/../lib/gcc/arm-none-eabi/12.3.1/../../../../arm-none-eabi/lib/thumb/v6-m/nofp\libc_nano.a(libc_a-mprec.o)
                0x0800c59c                _Bfree
 .text.__multadd
                0x0800c5e4       0x88 C:/ST/STM32CubeIDE_1.16.0/STM32CubeIDE/plugins/com.st.stm32cube.ide.mcu.externaltools.gnu-tools-for-stm32.12.3.rel1.win32_1.0.200.202406191623/tools/bin/../lib/gcc/arm-none-eabi/12.3.1/../../../../arm-none-eabi/lib/thumb/v6-m/nofp\libc_nano.a(libc_a-mprec.o)
                0x0800c5e4                __multadd
 .text.__hi0bits
                0x0800c66c       0x42 C:/ST/STM32CubeIDE_1.16.0/STM32CubeIDE/plugins/com.st.stm32cube.ide.mcu.externaltools.gnu-tools-for-stm32.12.3.rel1.win32_1.0.200.202406191623/tools/bin/../lib/gcc/arm-none-eabi/12.3.1/../../../../arm-none-eabi/lib/thumb/v6-m/nofp\libc_nano.a(libc_a-mprec.o)
                0x0800c66c                __hi0bits
 .text.__lo0bits
                0x0800c6ae       0x5c C:/ST/STM32CubeIDE_1.16.0/STM32CubeIDE/plugins/com.st.stm32cube.ide.mcu.externaltools.gnu-tools-for-stm32.12.3.rel1.win32_1.0.200.202406191623/tools/bin/../lib/gcc/arm-none-eabi/12.3.1/../../../../arm-none-eabi/lib/thumb/v6-m/nofp\libc_nano.a(libc_a-mprec.o)
                0x0800c6ae                __lo0bits
 *fill*         0x0800c70a        0x2 
 .text.__i2b    0x0800c70c       0x30 C:/ST/STM32CubeIDE_1.16.0/STM32CubeIDE/plugins/com.st.stm32cube.ide.mcu.externaltools.gnu-tools-for-stm32.12.3.rel1.win32_1.0.200.202406191623/tools/bin/../lib/gcc/arm-none-eabi/12.3.1/../../../../arm-none-eabi/lib/thumb/v6-m/nofp\libc_nano.a(libc_a-mprec.o)
                0x0800c70c                __i2b
 .text.__multiply
                0x0800c73c      0x164 C:/ST/STM32CubeIDE_1.16.0/STM32CubeIDE/plugins/com.st.stm32cube.ide.mcu.externaltools.gnu-tools-for-stm32.12.3.rel1.win32_1.0.200.202406191623/tools/bin/../lib/gcc/arm-none-eabi/12.3.1/../../../../arm-none-eabi/lib/thumb/v6-m/nofp\libc_nano.a(libc_a-mprec.o)
                0x0800c73c                __multiply
 .text.__pow5mult
                0x0800c8a0       0xb8 C:/ST/STM32CubeIDE_1.16.0/STM32CubeIDE/plugins/com.st.stm32cube.ide.mcu.externaltools.gnu-tools-for-stm32.12.3.rel1.win32_1.0.200.202406191623/tools/bin/../lib/gcc/arm-none-eabi/12.3.1/../../../../arm-none-eabi/lib/thumb/v6-m/nofp\libc_nano.a(libc_a-mprec.o)
                0x0800c8a0                __pow5mult
 .text.__lshift
                0x0800c958       0xd8 C:/ST/STM32CubeIDE_1.16.0/STM32CubeIDE/plugins/com.st.stm32cube.ide.mcu.externaltools.gnu-tools-for-stm32.12.3.rel1.win32_1.0.200.202406191623/tools/bin/../lib/gcc/arm-none-eabi/12.3.1/../../../../arm-none-eabi/lib/thumb/v6-m/nofp\libc_nano.a(libc_a-mprec.o)
                0x0800c958                __lshift
 .text.__mcmp   0x0800ca30       0x36 C:/ST/STM32CubeIDE_1.16.0/STM32CubeIDE/plugins/com.st.stm32cube.ide.mcu.externaltools.gnu-tools-for-stm32.12.3.rel1.win32_1.0.200.202406191623/tools/bin/../lib/gcc/arm-none-eabi/12.3.1/../../../../arm-none-eabi/lib/thumb/v6-m/nofp\libc_nano.a(libc_a-mprec.o)
                0x0800ca30                __mcmp
 *fill*         0x0800ca66        0x2 
 .text.__mdiff  0x0800ca68      0x134 C:/ST/STM32CubeIDE_1.16.0/STM32CubeIDE/plugins/com.st.stm32cube.ide.mcu.externaltools.gnu-tools-for-stm32.12.3.rel1.win32_1.0.200.202406191623/tools/bin/../lib/gcc/arm-none-eabi/12.3.1/../../../../arm-none-eabi/lib/thumb/v6-m/nofp\libc_nano.a(libc_a-mprec.o)
                0x0800ca68                __mdiff
 .text.__d2b    0x0800cb9c       0xc0 C:/ST/STM32CubeIDE_1.16.0/STM32CubeIDE/plugins/com.st.stm32cube.ide.mcu.externaltools.gnu-tools-for-stm32.12.3.rel1.win32_1.0.200.202406191623/tools/bin/../lib/gcc/arm-none-eabi/12.3.1/../../../../arm-none-eabi/lib/thumb/v6-m/nofp\libc_nano.a(libc_a-mprec.o)
                0x0800cb9c                __d2b
 .text.__sflush_r
                0x0800cc5c      0x10c C:/ST/STM32CubeIDE_1.16.0/STM32CubeIDE/plugins/com.st.stm32cube.ide.mcu.externaltools.gnu-tools-for-stm32.12.3.rel1.win32_1.0.200.202406191623/tools/bin/../lib/gcc/arm-none-eabi/12.3.1/../../../../arm-none-eabi/lib/thumb/v6-m/nofp\libc_nano.a(libc_a-fflush.o)
                0x0800cc5c                __sflush_r
 .text._fflush_r
                0x0800cd68       0x56 C:/ST/STM32CubeIDE_1.16.0/STM32CubeIDE/plugins/com.st.stm32cube.ide.mcu.externaltools.gnu-tools-for-stm32.12.3.rel1.win32_1.0.200.202406191623/tools/bin/../lib/gcc/arm-none-eabi/12.3.1/../../../../arm-none-eabi/lib/thumb/v6-m/nofp\libc_nano.a(libc_a-fflush.o)
                0x0800cd68                _fflush_r
 *fill*         0x0800cdbe        0x2 
 .text.__assert_func
                0x0800cdc0       0x3c C:/ST/STM32CubeIDE_1.16.0/STM32CubeIDE/plugins/com.st.stm32cube.ide.mcu.externaltools.gnu-tools-for-stm32.12.3.rel1.win32_1.0.200.202406191623/tools/bin/../lib/gcc/arm-none-eabi/12.3.1/../../../../arm-none-eabi/lib/thumb/v6-m/nofp\libc_nano.a(libc_a-assert.o)
                0x0800cdc0                __assert_func
 .text.__ascii_mbtowc
                0x0800cdfc       0x24 C:/ST/STM32CubeIDE_1.16.0/STM32CubeIDE/plugins/com.st.stm32cube.ide.mcu.externaltools.gnu-tools-for-stm32.12.3.rel1.win32_1.0.200.202406191623/tools/bin/../lib/gcc/arm-none-eabi/12.3.1/../../../../arm-none-eabi/lib/thumb/v6-m/nofp\libc_nano.a(libc_a-mbtowc_r.o)
                0x0800cdfc                __ascii_mbtowc
 .text.__ascii_wctomb
                0x0800ce20       0x1a C:/ST/STM32CubeIDE_1.16.0/STM32CubeIDE/plugins/com.st.stm32cube.ide.mcu.externaltools.gnu-tools-for-stm32.12.3.rel1.win32_1.0.200.202406191623/tools/bin/../lib/gcc/arm-none-eabi/12.3.1/../../../../arm-none-eabi/lib/thumb/v6-m/nofp\libc_nano.a(libc_a-wctomb_r.o)
                0x0800ce20                __ascii_wctomb
 *fill*         0x0800ce3a        0x2 
 .text.fprintf  0x0800ce3c       0x20 C:/ST/STM32CubeIDE_1.16.0/STM32CubeIDE/plugins/com.st.stm32cube.ide.mcu.externaltools.gnu-tools-for-stm32.12.3.rel1.win32_1.0.200.202406191623/tools/bin/../lib/gcc/arm-none-eabi/12.3.1/../../../../arm-none-eabi/lib/thumb/v6-m/nofp\libc_nano.a(libc_a-fprintf.o)
                0x0800ce3c                fiprintf
                0x0800ce3c                fprintf
 .text.abort    0x0800ce5c        0xe C:/ST/STM32CubeIDE_1.16.0/STM32CubeIDE/plugins/com.st.stm32cube.ide.mcu.externaltools.gnu-tools-for-stm32.12.3.rel1.win32_1.0.200.202406191623/tools/bin/../lib/gcc/arm-none-eabi/12.3.1/../../../../arm-none-eabi/lib/thumb/v6-m/nofp\libc_nano.a(libc_a-abort.o)
                0x0800ce5c                abort
 .text.__sfputc_r
                0x0800ce6a       0x2a C:/ST/STM32CubeIDE_1.16.0/STM32CubeIDE/plugins/com.st.stm32cube.ide.mcu.externaltools.gnu-tools-for-stm32.12.3.rel1.win32_1.0.200.202406191623/tools/bin/../lib/gcc/arm-none-eabi/12.3.1/../../../../arm-none-eabi/lib/thumb/v6-m/nofp\libc_nano.a(libc_a-nano-vfprintf.o)
 .text.__sfputs_r
                0x0800ce94       0x24 C:/ST/STM32CubeIDE_1.16.0/STM32CubeIDE/plugins/com.st.stm32cube.ide.mcu.externaltools.gnu-tools-for-stm32.12.3.rel1.win32_1.0.200.202406191623/tools/bin/../lib/gcc/arm-none-eabi/12.3.1/../../../../arm-none-eabi/lib/thumb/v6-m/nofp\libc_nano.a(libc_a-nano-vfprintf.o)
                0x0800ce94                __sfputs_r
 .text._vfprintf_r
                0x0800ceb8      0x238 C:/ST/STM32CubeIDE_1.16.0/STM32CubeIDE/plugins/com.st.stm32cube.ide.mcu.externaltools.gnu-tools-for-stm32.12.3.rel1.win32_1.0.200.202406191623/tools/bin/../lib/gcc/arm-none-eabi/12.3.1/../../../../arm-none-eabi/lib/thumb/v6-m/nofp\libc_nano.a(libc_a-nano-vfprintf.o)
                0x0800ceb8                _vfprintf_r
                0x0800ceb8                _vfiprintf_r
 .text.__swbuf_r
                0x0800d0f0       0x84 C:/ST/STM32CubeIDE_1.16.0/STM32CubeIDE/plugins/com.st.stm32cube.ide.mcu.externaltools.gnu-tools-for-stm32.12.3.rel1.win32_1.0.200.202406191623/tools/bin/../lib/gcc/arm-none-eabi/12.3.1/../../../../arm-none-eabi/lib/thumb/v6-m/nofp\libc_nano.a(libc_a-wbuf.o)
                0x0800d0f0                __swbuf_r
 .text.__swsetup_r
                0x0800d174       0xbc C:/ST/STM32CubeIDE_1.16.0/STM32CubeIDE/plugins/com.st.stm32cube.ide.mcu.externaltools.gnu-tools-for-stm32.12.3.rel1.win32_1.0.200.202406191623/tools/bin/../lib/gcc/arm-none-eabi/12.3.1/../../../../arm-none-eabi/lib/thumb/v6-m/nofp\libc_nano.a(libc_a-wsetup.o)
                0x0800d174                __swsetup_r
 .text._raise_r
                0x0800d230       0x52 C:/ST/STM32CubeIDE_1.16.0/STM32CubeIDE/plugins/com.st.stm32cube.ide.mcu.externaltools.gnu-tools-for-stm32.12.3.rel1.win32_1.0.200.202406191623/tools/bin/../lib/gcc/arm-none-eabi/12.3.1/../../../../arm-none-eabi/lib/thumb/v6-m/nofp\libc_nano.a(libc_a-signal.o)
                0x0800d230                _raise_r
 *fill*         0x0800d282        0x2 
 .text.raise    0x0800d284       0x14 C:/ST/STM32CubeIDE_1.16.0/STM32CubeIDE/plugins/com.st.stm32cube.ide.mcu.externaltools.gnu-tools-for-stm32.12.3.rel1.win32_1.0.200.202406191623/tools/bin/../lib/gcc/arm-none-eabi/12.3.1/../../../../arm-none-eabi/lib/thumb/v6-m/nofp\libc_nano.a(libc_a-signal.o)
                0x0800d284                raise
 .text._kill_r  0x0800d298       0x24 C:/ST/STM32CubeIDE_1.16.0/STM32CubeIDE/plugins/com.st.stm32cube.ide.mcu.externaltools.gnu-tools-for-stm32.12.3.rel1.win32_1.0.200.202406191623/tools/bin/../lib/gcc/arm-none-eabi/12.3.1/../../../../arm-none-eabi/lib/thumb/v6-m/nofp\libc_nano.a(libc_a-signalr.o)
                0x0800d298                _kill_r
 .text._getpid_r
                0x0800d2bc        0x8 C:/ST/STM32CubeIDE_1.16.0/STM32CubeIDE/plugins/com.st.stm32cube.ide.mcu.externaltools.gnu-tools-for-stm32.12.3.rel1.win32_1.0.200.202406191623/tools/bin/../lib/gcc/arm-none-eabi/12.3.1/../../../../arm-none-eabi/lib/thumb/v6-m/nofp\libc_nano.a(libc_a-signalr.o)
                0x0800d2bc                _getpid_r
 .text.__swhatbuf_r
                0x0800d2c4       0x54 C:/ST/STM32CubeIDE_1.16.0/STM32CubeIDE/plugins/com.st.stm32cube.ide.mcu.externaltools.gnu-tools-for-stm32.12.3.rel1.win32_1.0.200.202406191623/tools/bin/../lib/gcc/arm-none-eabi/12.3.1/../../../../arm-none-eabi/lib/thumb/v6-m/nofp\libc_nano.a(libc_a-makebuf.o)
                0x0800d2c4                __swhatbuf_r
 .text.__smakebuf_r
                0x0800d318       0x82 C:/ST/STM32CubeIDE_1.16.0/STM32CubeIDE/plugins/com.st.stm32cube.ide.mcu.externaltools.gnu-tools-for-stm32.12.3.rel1.win32_1.0.200.202406191623/tools/bin/../lib/gcc/arm-none-eabi/12.3.1/../../../../arm-none-eabi/lib/thumb/v6-m/nofp\libc_nano.a(libc_a-makebuf.o)
                0x0800d318                __smakebuf_r
 *fill*         0x0800d39a        0x2 
 .text._fstat_r
                0x0800d39c       0x24 C:/ST/STM32CubeIDE_1.16.0/STM32CubeIDE/plugins/com.st.stm32cube.ide.mcu.externaltools.gnu-tools-for-stm32.12.3.rel1.win32_1.0.200.202406191623/tools/bin/../lib/gcc/arm-none-eabi/12.3.1/../../../../arm-none-eabi/lib/thumb/v6-m/nofp\libc_nano.a(libc_a-fstatr.o)
                0x0800d39c                _fstat_r
 .text._isatty_r
                0x0800d3c0       0x24 C:/ST/STM32CubeIDE_1.16.0/STM32CubeIDE/plugins/com.st.stm32cube.ide.mcu.externaltools.gnu-tools-for-stm32.12.3.rel1.win32_1.0.200.202406191623/tools/bin/../lib/gcc/arm-none-eabi/12.3.1/../../../../arm-none-eabi/lib/thumb/v6-m/nofp\libc_nano.a(libc_a-isattyr.o)
                0x0800d3c0                _isatty_r
 .text.sqrtf    0x0800d3e4       0x38 C:/ST/STM32CubeIDE_1.16.0/STM32CubeIDE/plugins/com.st.stm32cube.ide.mcu.externaltools.gnu-tools-for-stm32.12.3.rel1.win32_1.0.200.202406191623/tools/bin/../lib/gcc/arm-none-eabi/12.3.1/../../../../arm-none-eabi/lib/thumb/v6-m/nofp\libm.a(libm_a-wf_sqrt.o)
                0x0800d3e4                sqrtf
 .text.__ieee754_sqrtf
                0x0800d41c       0xf0 C:/ST/STM32CubeIDE_1.16.0/STM32CubeIDE/plugins/com.st.stm32cube.ide.mcu.externaltools.gnu-tools-for-stm32.12.3.rel1.win32_1.0.200.202406191623/tools/bin/../lib/gcc/arm-none-eabi/12.3.1/../../../../arm-none-eabi/lib/thumb/v6-m/nofp\libm.a(libm_a-ef_sqrt.o)
                0x0800d41c                __ieee754_sqrtf
 *(.glue_7)
 .glue_7        0x0800d50c        0x0 linker stubs
 *(.glue_7t)
 .glue_7t       0x0800d50c        0x0 linker stubs
 *(.eh_frame)
 .eh_frame      0x0800d50c        0x0 C:/ST/STM32CubeIDE_1.16.0/STM32CubeIDE/plugins/com.st.stm32cube.ide.mcu.externaltools.gnu-tools-for-stm32.12.3.rel1.win32_1.0.200.202406191623/tools/bin/../lib/gcc/arm-none-eabi/12.3.1/thumb/v6-m/nofp/crtbegin.o
 *(.init)
 .init          0x0800d50c        0x4 C:/ST/STM32CubeIDE_1.16.0/STM32CubeIDE/plugins/com.st.stm32cube.ide.mcu.externaltools.gnu-tools-for-stm32.12.3.rel1.win32_1.0.200.202406191623/tools/bin/../lib/gcc/arm-none-eabi/12.3.1/thumb/v6-m/nofp/crti.o
                0x0800d50c                _init
 .init          0x0800d510        0x8 C:/ST/STM32CubeIDE_1.16.0/STM32CubeIDE/plugins/com.st.stm32cube.ide.mcu.externaltools.gnu-tools-for-stm32.12.3.rel1.win32_1.0.200.202406191623/tools/bin/../lib/gcc/arm-none-eabi/12.3.1/thumb/v6-m/nofp/crtn.o
 *(.fini)
 .fini          0x0800d518        0x4 C:/ST/STM32CubeIDE_1.16.0/STM32CubeIDE/plugins/com.st.stm32cube.ide.mcu.externaltools.gnu-tools-for-stm32.12.3.rel1.win32_1.0.200.202406191623/tools/bin/../lib/gcc/arm-none-eabi/12.3.1/thumb/v6-m/nofp/crti.o
                0x0800d518                _fini
 .fini          0x0800d51c        0x8 C:/ST/STM32CubeIDE_1.16.0/STM32CubeIDE/plugins/com.st.stm32cube.ide.mcu.externaltools.gnu-tools-for-stm32.12.3.rel1.win32_1.0.200.202406191623/tools/bin/../lib/gcc/arm-none-eabi/12.3.1/thumb/v6-m/nofp/crtn.o
                0x0800d524                        . = ALIGN (0x4)
                0x0800d524                        _etext = .

.vfp11_veneer   0x0800d524        0x0
 .vfp11_veneer  0x0800d524        0x0 linker stubs

.v4_bx          0x0800d524        0x0
 .v4_bx         0x0800d524        0x0 linker stubs

.iplt           0x0800d524        0x0
 .iplt          0x0800d524        0x0 C:/ST/STM32CubeIDE_1.16.0/STM32CubeIDE/plugins/com.st.stm32cube.ide.mcu.externaltools.gnu-tools-for-stm32.12.3.rel1.win32_1.0.200.202406191623/tools/bin/../lib/gcc/arm-none-eabi/12.3.1/thumb/v6-m/nofp/crtbegin.o

.rodata         0x0800d528      0x4b0
                0x0800d528                        . = ALIGN (0x4)
 *(.rodata)