../Core/Src/tools/CControl/Sources/SignalProcessing/FFTpack/fftpack.c:90:13:passfb	168	static
../Core/Src/tools/CControl/Sources/SignalProcessing/FFTpack/fftpack.c:441:13:passfb5	184	static
../Core/Src/tools/CControl/Sources/SignalProcessing/FFTpack/fftpack.c:1960:12:decompose	48	static
../Core/Src/tools/CControl/Sources/SignalProcessing/FFTpack/fftpack.c:1048:13:radbg	168	static
../Core/Src/tools/CControl/Sources/SignalProcessing/FFTpack/fftpack.c:1568:13:radfg	168	static
../Core/Src/tools/CControl/Sources/SignalProcessing/FFTpack/fftpack.c:2123:13:rfftf1	248	static
../Core/Src/tools/CControl/Sources/SignalProcessing/FFTpack/fftpack.c:1863:6:cfftb	232	static
../Core/Src/tools/CControl/Sources/SignalProcessing/FFTpack/fftpack.c:1943:6:cfftf	232	static
../Core/Src/tools/CControl/Sources/SignalProcessing/FFTpack/fftpack.c:2046:6:cffti	96	static
../Core/Src/tools/CControl/Sources/SignalProcessing/FFTpack/fftpack.c:2184:6:rfftb	256	static
../Core/Src/tools/CControl/Sources/SignalProcessing/FFTpack/fftpack.c:2249:6:rfftf	24	static
../Core/Src/tools/CControl/Sources/SignalProcessing/FFTpack/fftpack.c:2263:6:rffti	88	static
../Core/Src/tools/CControl/Sources/SignalProcessing/FFTpack/fftpack.c:2318:6:cosqb	48	static
../Core/Src/tools/CControl/Sources/SignalProcessing/FFTpack/fftpack.c:2382:6:cosqf	48	static
../Core/Src/tools/CControl/Sources/SignalProcessing/FFTpack/fftpack.c:2403:6:cosqi	32	static
../Core/Src/tools/CControl/Sources/SignalProcessing/FFTpack/fftpack.c:2421:6:cost	64	static
../Core/Src/tools/CControl/Sources/SignalProcessing/FFTpack/fftpack.c:2485:6:costi	48	static
../Core/Src/tools/CControl/Sources/SignalProcessing/FFTpack/fftpack.c:2515:6:sinqb	24	static
../Core/Src/tools/CControl/Sources/SignalProcessing/FFTpack/fftpack.c:2543:6:sinqf	32	static
../Core/Src/tools/CControl/Sources/SignalProcessing/FFTpack/fftpack.c:2570:6:sinqi	8	static
../Core/Src/tools/CControl/Sources/SignalProcessing/FFTpack/fftpack.c:2645:6:sinti	32	static
../Core/Src/tools/CControl/Sources/SignalProcessing/FFTpack/fftpack.c:2668:6:sint	88	static
