../Core/Src/tools/CControl/Sources/LinearAlgebra/CLapack/Routines/slamch.c:168:22:slamc1_	56	static
../Core/Src/tools/CControl/Sources/LinearAlgebra/CLapack/Routines/slamch.c:691:12:slamc3_	8	static
../Core/Src/tools/CControl/Sources/LinearAlgebra/CLapack/Routines/slamch.c:733:22:slamc4_	64	static
../Core/Src/tools/CControl/Sources/LinearAlgebra/CLapack/Routines/slamch.c:830:22:slamc5_	40	static
../Core/Src/tools/CControl/Sources/LinearAlgebra/CLapack/Routines/slamch.c:375:22:slamc2_	96	static
../Core/Src/tools/CControl/Sources/LinearAlgebra/CLapack/Routines/slamch.c:21:12:slamch_	80	static
