../Core/Src/tools/CControl/Sources/ControlEngineering/mpc.c:20:6:mpc_discrete_matrices	56	static
../Core/Src/tools/CControl/Sources/ControlEngineering/mpc.c:46:6:mpc_kalman_gain	64	static
../Core/Src/tools/CControl/Sources/ControlEngineering/mpc.c:63:6:mpc_phi_matrix	16	static
../Core/Src/tools/CControl/Sources/ControlEngineering/mpc.c:73:6:mpc_gamma_matrix	24	static
../Core/Src/tools/CControl/Sources/ControlEngineering/mpc.c:81:6:mpc_vector	32	static
../Core/Src/tools/CControl/Sources/ControlEngineering/mpc.c:93:6:mpc_QZ_matrix	56	static
../Core/Src/tools/CControl/Sources/ControlEngineering/mpc.c:109:6:mpc_S_matrix	8	static
../Core/Src/tools/CControl/Sources/ControlEngineering/mpc.c:117:6:mpc_HS_matrix	72	static
../Core/Src/tools/CControl/Sources/ControlEngineering/mpc.c:162:6:mpc_H_matrix	48	static
../Core/Src/tools/CControl/Sources/ControlEngineering/mpc.c:190:6:mpc_Mx0_matrix	48	static
../Core/Src/tools/CControl/Sources/ControlEngineering/mpc.c:212:6:mpc_Mum1_matrix	48	static
../Core/Src/tools/CControl/Sources/ControlEngineering/mpc.c:231:6:mpc_MR_matrix	48	static
../Core/Src/tools/CControl/Sources/ControlEngineering/mpc.c:254:6:mpc_MD_matrix	48	static
../Core/Src/tools/CControl/Sources/ControlEngineering/mpc.c:275:6:mpc_Lambda_matrix	64	static
../Core/Src/tools/CControl/Sources/ControlEngineering/mpc.c:297:6:mpc_barSpsi_matrix	8	static
../Core/Src/tools/CControl/Sources/ControlEngineering/mpc.c:304:6:mpc_barspsi_vector	0	static
../Core/Src/tools/CControl/Sources/ControlEngineering/mpc.c:316:6:mpc_barH_matrix	48	static
../Core/Src/tools/CControl/Sources/ControlEngineering/mpc.c:327:6:mpc_eta_vector	32	static
../Core/Src/tools/CControl/Sources/ControlEngineering/mpc.c:343:6:mpc_antiwindup_vector	32	static
../Core/Src/tools/CControl/Sources/ControlEngineering/mpc.c:363:6:mpc_g_vector	64	static
../Core/Src/tools/CControl/Sources/ControlEngineering/mpc.c:401:6:mpc_Umin_vector	32	static
../Core/Src/tools/CControl/Sources/ControlEngineering/mpc.c:415:6:mpc_Umax_vector	32	static
../Core/Src/tools/CControl/Sources/ControlEngineering/mpc.c:431:6:mpc_barZmin_vector	48	static
../Core/Src/tools/CControl/Sources/ControlEngineering/mpc.c:454:6:mpc_barZmax_vector	40	static
../Core/Src/tools/CControl/Sources/ControlEngineering/mpc.c:474:6:mpc_barg_vector	48	static
../Core/Src/tools/CControl/Sources/ControlEngineering/mpc.c:483:6:mpc_barUmin_vector	40	static
../Core/Src/tools/CControl/Sources/ControlEngineering/mpc.c:492:6:mpc_barUmax_vector	32	static
../Core/Src/tools/CControl/Sources/ControlEngineering/mpc.c:506:6:mpc_bmin_vector	40	static
../Core/Src/tools/CControl/Sources/ControlEngineering/mpc.c:524:6:mpc_bmax_vector	48	static
../Core/Src/tools/CControl/Sources/ControlEngineering/mpc.c:542:6:mpc_AA_matrix	56	static
../Core/Src/tools/CControl/Sources/ControlEngineering/mpc.c:561:6:mpc_aqp_matrix	56	static
../Core/Src/tools/CControl/Sources/ControlEngineering/mpc.c:594:6:mpc_bqp_vector	32	static
../Core/Src/tools/CControl/Sources/ControlEngineering/mpc.c:618:6:mpc_set_input_change_constraints	40	static
../Core/Src/tools/CControl/Sources/ControlEngineering/mpc.c:644:6:mpc_set_output_constraints	32	static
../Core/Src/tools/CControl/Sources/ControlEngineering/mpc.c:668:6:mpc_set_input_constraints	16	static
../Core/Src/tools/CControl/Sources/ControlEngineering/mpc.c:680:6:mpc_init	104	static
../Core/Src/tools/CControl/Sources/ControlEngineering/mpc.c:858:6:mpc_set_constraints	16	static
../Core/Src/tools/CControl/Sources/ControlEngineering/mpc.c:872:14:mpc_optimize	136	static
../Core/Src/tools/CControl/Sources/ControlEngineering/mpc.c:1028:6:mpc_estimate	64	static
../Core/Src/tools/CControl/Sources/ControlEngineering/mpc.c:1081:6:mpc_free	16	static
