02:01:39 **** Incremental Build of configuration Debug for project Firmware ****
make -j8 all 
arm-none-eabi-gcc "../Core/Src/main.c" -mcpu=cortex-m0 -std=gnu11 -g3 -DDEBUG -DUSE_HAL_DRIVER -DSTM32F051x8 -c -I../Core/Inc -I../Drivers/STM32F0xx_HAL_Driver/Inc -I../Drivers/STM32F0xx_HAL_Driver/Inc/Legacy -I../Drivers/CMSIS/Device/ST/STM32F0xx/Include -I../Drivers/CMSIS/Include -Oz -ffunction-sections -fdata-sections -Wall -fstack-usage -fcyclomatic-complexity -MMD -MP -MF"Core/Src/main.d" -MT"Core/Src/main.o" --specs=nano.specs -mfloat-abi=soft -mthumb -o "Core/Src/main.o"
arm-none-eabi-gcc -o "Firmware.elf" @"objects.list"   -mcpu=cortex-m0 -T"C:\Users\danie\Documents\GitHub\Weller-to-JBC-converter\Firmware\STM32F051R8TX_FLASH.ld" --specs=nosys.specs -Wl,-Map="Firmware.map" -Wl,--gc-sections -static -u _printf_float --specs=nano.specs -mfloat-abi=soft -mthumb -Wl,--start-group -lc -lm -Wl,--end-group
Finished building target: Firmware.elf
 
arm-none-eabi-size  Firmware.elf 
arm-none-eabi-objdump -h -S Firmware.elf  > "Firmware.list"
   text	   data	    bss	    dec	    hex	filename
  55768	    476	   2960	  59204	   e744	Firmware.elf
Finished building: default.size.stdout
 
Finished building: Firmware.list
 

02:02:10 Build Finished. 0 errors, 0 warnings. (took 30s.891ms)

